<html>
<body>
<pre>
<h1>µVision Build Log</h1>
<h2>Tool Versions:</h2>
IDE-Version: ¦ÌVision V5.42.0.0
Copyright (C) 2025 ARM Ltd and ARM Germany GmbH. All rights reserved.
License Information: 1 1, 1, LIC=GMZI6-DFIHC-HLUCL-0SNDV-DKADX-U8BU3
 
Tool Versions:
Toolchain:       MDK-ARM Plus  Version: 5.42.0.0
Toolchain Path:  D:\keil\ARM\ARMCLANG\Bin
C Compiler:      ArmClang.exe V6.23
Assembler:       Armasm.exe V6.23
Linker/Locator:  ArmLink.exe V6.23
Library Manager: ArmAr.exe V6.23
Hex Converter:   FromElf.exe V6.23
CPU DLL:         SARMCM3.DLL V5.42.0.0
Dialog DLL:      DARMCM1.DLL V1.19.6.0
Target DLL:      Segger\JL2CM3.dll V2.99.45.0
Dialog DLL:      TARMCM1.DLL V1.14.6.0
 
<h2>Project:</h2>
D:\LKS\project\SpeedLoop_Senorless3508\LKS32MC074DO_Motor\LKS32MC074DO_Motor.uvprojx
Project File Date:  01/14/2026

<h2>Output:</h2>
*** Using Compiler 'V6.23', folder: 'D:\keil\ARM\ARMCLANG\Bin'
Build target 'LKS32MC074DO_Motor'
compiling main.c...
linking...
Program Size: Code=15516 RO-data=1808 RW-data=0 ZI-data=2008  
FromELF: creating hex file...
".\Objects\LKS32MC074DO_Motor.axf" - 0 Error(s), 0 Warning(s).

<h2>Software Packages used:</h2>

Package Vendor: ARM
                https://www.keil.com/pack/ARM.CMSIS.6.1.0.pack
                ARM::CMSIS@6.1.0
                CMSIS (Common Microcontroller Software Interface Standard)
   * Component: CORE Version: 6.1.0

Package Vendor: Linko
                https://www.lksmcu.com/index.php/LKS07Series/Linko.LKS07x.1.1.8.pack
                Linko::LKS07x@1.1.8
                LKS07 Device Family Pack

<h2>Collection of Component include folders:</h2>
  ./RTE/_LKS32MC074DO_Motor
  D:/keil/Pack/ARM/CMSIS/6.1.0/CMSIS/Core/Include
  D:/keil/Pack/Linko/LKS07x/1.1.8/Device/Include

<h2>Collection of Component Files used:</h2>

   * Component: ARM::CMSIS:CORE@6.1.0
Build Time Elapsed:  00:00:01
</pre>
</body>
</html>
