Component: Arm Compiler for Embedded 6.23 Tool: armlink [5f102400]

==============================================================================

Section Cross References

    main.o(.text.main) refers to system.o(.text.Clock_Init) for Clock_Init
    main.o(.text.main) refers to lks32mc07x_sys.o(.text.IWDG_DISABLE) for IWDG_DISABLE
    main.o(.text.main) refers to gpio.o(.text.HAL_GPIO_Init) for HAL_GPIO_Init
    main.o(.text.main) refers to mcpwm.o(.text.HAL_MCPWM_Init) for HAL_MCPWM_Init
    main.o(.text.main) refers to adc.o(.text.HAL_ADC_Init) for HAL_ADC_Init
    main.o(.text.main) refers to opa.o(.text.HAL_OPA_Init) for HAL_OPA_Init
    main.o(.text.main) refers to system.o(.text.SoftDelay) for SoftDelay
    main.o(.text.main) refers to lks32mc07x_adc.o(.text.ADC_GetConversionValue) for ADC_GetConversionValue
    main.o(.text.main) refers to mcpwm.o(.text.Self_Check) for Self_Check
    main.o(.text.main) refers to system.o(.text.delay_ms) for delay_ms
    main.o(.text.main) refers to lks32mc07x_mcpwm.o(.text.PWMOutputs) for PWMOutputs
    main.o(.text.main) refers to dshot.o(.text.Read_Flash_Data) for Read_Flash_Data
    main.o(.text.main) refers to lks32mc07x_gpio.o(.text.GPIO_ResetBits) for GPIO_ResetBits
    main.o(.text.main) refers to main.o(.bss..L_MergedGlobals) for [Anonymous Symbol]
    main.o(.text.main) refers to dshot.o(.bss.Dshot_Handle) for Dshot_Handle
    main.o(.text.main) refers to foc_pointmodel.o(.bss..L_MergedGlobals) for rtU
    main.o(.ARM.exidx.text.main) refers to main.o(.text.main) for [Anonymous Symbol]
    main.o(.text.ADC0_IRQHandler) refers to lks32mc07x_adc.o(.text.ADC_GetIRQFlag) for ADC_GetIRQFlag
    main.o(.text.ADC0_IRQHandler) refers to lks32mc07x_gpio.o(.text.GPIO_SetBits) for GPIO_SetBits
    main.o(.text.ADC0_IRQHandler) refers to lks32mc07x_mcpwm.o(.text.PWMOutputs) for PWMOutputs
    main.o(.text.ADC0_IRQHandler) refers to lks32mc07x_adc.o(.text.ADC_GetConversionValue) for ADC_GetConversionValue
    main.o(.text.ADC0_IRQHandler) refers to foc_pointmodel.o(.text.FOC_PointModel_initialize) for FOC_PointModel_initialize
    main.o(.text.ADC0_IRQHandler) refers to foc_pointmodel.o(.text.FOC_PointModel_step) for FOC_PointModel_step
    main.o(.text.ADC0_IRQHandler) refers to lks32mc07x_gpio.o(.text.GPIO_WriteBit) for GPIO_WriteBit
    main.o(.text.ADC0_IRQHandler) refers to lks32mc07x_adc.o(.text.ADC_ClearIRQFlag) for ADC_ClearIRQFlag
    main.o(.text.ADC0_IRQHandler) refers to lks32mc07x_gpio.o(.text.GPIO_ResetBits) for GPIO_ResetBits
    main.o(.text.ADC0_IRQHandler) refers to main.o(.bss..L_MergedGlobals) for [Anonymous Symbol]
    main.o(.text.ADC0_IRQHandler) refers to foc_pointmodel.o(.bss..L_MergedGlobals) for rtU
    main.o(.text.ADC0_IRQHandler) refers to dshot.o(.bss.Dshot_Handle) for Dshot_Handle
    main.o(.ARM.exidx.text.ADC0_IRQHandler) refers to main.o(.text.ADC0_IRQHandler) for [Anonymous Symbol]
    main.o(.text.SysTick_Handler) refers to dshot.o(.text.Dshot_Check) for Dshot_Check
    main.o(.text.SysTick_Handler) refers to main.o(.bss..L_MergedGlobals) for [Anonymous Symbol]
    main.o(.text.SysTick_Handler) refers to foc_pointmodel.o(.bss..L_MergedGlobals) for rtU
    main.o(.text.SysTick_Handler) refers to dshot.o(.bss.Dshot_Handle) for Dshot_Handle
    main.o(.ARM.exidx.text.SysTick_Handler) refers to main.o(.text.SysTick_Handler) for [Anonymous Symbol]
    main.o(.text.GPIO_IRQHandler) refers to lks32mc07x_exti.o(.text.EXTI_GetIRQFlag) for EXTI_GetIRQFlag
    main.o(.text.GPIO_IRQHandler) refers to lks32mc07x_mcpwm.o(.text.PWMOutputs) for PWMOutputs
    main.o(.text.GPIO_IRQHandler) refers to lks32mc07x_gpio.o(.text.GPIO_WriteBit) for GPIO_WriteBit
    main.o(.text.GPIO_IRQHandler) refers to lks32mc07x_exti.o(.text.EXTI_ClearIRQFlag) for EXTI_ClearIRQFlag
    main.o(.text.GPIO_IRQHandler) refers to main.o(.bss..L_MergedGlobals) for [Anonymous Symbol]
    main.o(.text.GPIO_IRQHandler) refers to foc_pointmodel.o(.bss..L_MergedGlobals) for rtU
    main.o(.ARM.exidx.text.GPIO_IRQHandler) refers to main.o(.text.GPIO_IRQHandler) for [Anonymous Symbol]
    gpio.o(.text.HAL_GPIO_Init) refers to lks32mc07x_gpio.o(.text.GPIO_StructInit) for GPIO_StructInit
    gpio.o(.text.HAL_GPIO_Init) refers to lks32mc07x_gpio.o(.text.GPIO_Init) for GPIO_Init
    gpio.o(.text.HAL_GPIO_Init) refers to lks32mc07x_exti.o(.text.EXTI_Trigger_Config) for EXTI_Trigger_Config
    gpio.o(.ARM.exidx.text.HAL_GPIO_Init) refers to gpio.o(.text.HAL_GPIO_Init) for [Anonymous Symbol]
    mcpwm.o(.text.HAL_MCPWM_Init) refers to lks32mc07x_mcpwm.o(.text.PWMOutputs) for PWMOutputs
    mcpwm.o(.text.HAL_MCPWM_Init) refers to lks32mc07x_mcpwm.o(.text.MCPWM_StructInit) for MCPWM_StructInit
    mcpwm.o(.text.HAL_MCPWM_Init) refers to lks32mc07x_mcpwm.o(.text.MCPWM_Init) for MCPWM_Init
    mcpwm.o(.text.HAL_MCPWM_Init) refers to lks32mc07x_gpio.o(.text.GPIO_StructInit) for GPIO_StructInit
[...]
    ../clib/libinit.s                        0x00000000   Number         0  libshutdown2.o ABSOLUTE
    ../clib/memcpset.c                       0x00000000   Number         0  rt_memcpy.o ABSOLUTE
    ../clib/memcpset.c                       0x00000000   Number         0  rt_memcpy.o ABSOLUTE
    ../clib/memcpset.c                       0x00000000   Number         0  rt_memclr.o ABSOLUTE
    ../clib/signal.c                         0x00000000   Number         0  defsig_fpe_outer.o ABSOLUTE
    ../clib/signal.c                         0x00000000   Number         0  defsig_fpe_formal.o ABSOLUTE
    ../clib/signal.c                         0x00000000   Number         0  defsig_exit.o ABSOLUTE
    ../clib/signal.c                         0x00000000   Number         0  defsig_fpe_inner.o ABSOLUTE
    ../clib/signal.c                         0x00000000   Number         0  __raise.o ABSOLUTE
    ../clib/signal.c                         0x00000000   Number         0  defsig_general.o ABSOLUTE
    ../clib/signal.c                         0x00000000   Number         0  defsig_abrt_inner.o ABSOLUTE
    ../clib/signal.c                         0x00000000   Number         0  defsig_rtred_inner.o ABSOLUTE
    ../clib/signal.c                         0x00000000   Number         0  defsig_rtmem_inner.o ABSOLUTE
    ../clib/signal.c                         0x00000000   Number         0  defsig_rtmem_outer.o ABSOLUTE
    ../clib/signal.c                         0x00000000   Number         0  defsig_rtmem_formal.o ABSOLUTE
    ../clib/signal.c                         0x00000000   Number         0  defsig_stak_inner.o ABSOLUTE
    ../clib/signal.c                         0x00000000   Number         0  defsig_pvfn_inner.o ABSOLUTE
    ../clib/signal.c                         0x00000000   Number         0  defsig_cppl_inner.o ABSOLUTE
    ../clib/signal.c                         0x00000000   Number         0  defsig_segv_inner.o ABSOLUTE
    ../clib/signal.c                         0x00000000   Number         0  defsig_other.o ABSOLUTE
    ../clib/signal.s                         0x00000000   Number         0  defsig.o ABSOLUTE
    ../clib/stdlib.c                         0x00000000   Number         0  exit.o ABSOLUTE
    ../clib/string.c                         0x00000000   Number         0  strlen.o ABSOLUTE
    ../fplib/cfplib/cmp.c                    0x00000000   Number         0  dcmp.o ABSOLUTE
    ../fplib/cfplib/cmp.c                    0x00000000   Number         0  fcmp.o ABSOLUTE
    ../fplib/cfplib/cmpret.c                 0x00000000   Number         0  cmpret.o ABSOLUTE
    ../fplib/cfplib/d2f.c                    0x00000000   Number         0  d2f.o ABSOLUTE
    ../fplib/cfplib/daddsub.c                0x00000000   Number         0  daddsub.o ABSOLUTE
    ../fplib/cfplib/dcmpin.c                 0x00000000   Number         0  dcmpin.o ABSOLUTE
    ../fplib/cfplib/ddiv.c                   0x00000000   Number         0  ddiv.o ABSOLUTE
    ../fplib/cfplib/dmul.c                   0x00000000   Number         0  dmul.o ABSOLUTE
    ../fplib/cfplib/fcmpin.c                 0x00000000   Number         0  fcmpin.o ABSOLUTE
    ../fplib/cfplib/fdiv.c                   0x00000000   Number         0  fdiv.o ABSOLUTE
    ../fplib/cfplib/ffix.c                   0x00000000   Number         0  dfixi.o ABSOLUTE
    ../fplib/cfplib/ffix.c                   0x00000000   Number         0  ffixi.o ABSOLUTE
    ../fplib/cfplib/fpinit.c                 0x00000000   Number         0  fpinit.o ABSOLUTE
    ../fplib/cfplib/nan2.c                   0x00000000   Number         0  dnan2.o ABSOLUTE
    ../fplib/cfplib/nan2.c                   0x00000000   Number         0  fnan2.o ABSOLUTE
    ../fplib/cfplib/retnan.c                 0x00000000   Number         0  retnan.o ABSOLUTE
    ../fplib/cfplib/scalbn.c                 0x00000000   Number         0  dscalbn.o ABSOLUTE
    ../fplib/cfplib/scalbn.c                 0x00000000   Number         0  fscalbn.o ABSOLUTE
    ../fplib/deqf6m.s                        0x00000000   Number         0  deqf.o ABSOLUTE
    ../fplib/dgeqf6m.s                       0x00000000   Number         0  dgef.o ABSOLUTE
    ../fplib/dleqf6m.s                       0x00000000   Number         0  dlef.o ABSOLUTE
    ../fplib/drleqf6m.s                      0x00000000   Number         0  drlef.o ABSOLUTE
    ../fplib/faddsub6m.s                     0x00000000   Number         0  faddsub.o ABSOLUTE
    ../fplib/feqf6m.s                        0x00000000   Number         0  feqf.o ABSOLUTE
    ../fplib/fgeqf6m.s                       0x00000000   Number         0  fgef.o ABSOLUTE
    ../fplib/fleqf6m.s                       0x00000000   Number         0  flef.o ABSOLUTE
    ../fplib/fmul6m.s                        0x00000000   Number         0  fmul.o ABSOLUTE
    ../fplib/usenofp.s                       0x00000000   Number         0  usenofp.o ABSOLUTE
    ../mathlib/ceil.c                        0x00000000   Number         0  ceil.o ABSOLUTE
    ../mathlib/ceilf.c                       0x00000000   Number         0  ceilf.o ABSOLUTE
    ../mathlib/dunder.c                      0x00000000   Number         0  dunder.o ABSOLUTE
    ../mathlib/floor.c                       0x00000000   Number         0  floor.o ABSOLUTE
    ../mathlib/floorf.c                      0x00000000   Number         0  floorf.o ABSOLUTE
    ../mathlib/funder.c                      0x00000000   Number         0  funder.o ABSOLUTE
    ../mathlib/ldexp.c                       0x00000000   Number         0  ldexp.o ABSOLUTE
    ../mathlib/ldexpf.c                      0x00000000   Number         0  ldexpf.o ABSOLUTE
    AAA.c                                    0x00000000   Number         0  aaa.o ABSOLUTE
    FOC_PointModel.c                         0x00000000   Number         0  foc_pointmodel.o ABSOLUTE
    FOC_PointModel_data.c                    0x00000000   Number         0  foc_pointmodel_data.o ABSOLUTE
    SEGGER_RTT.c                             0x00000000   Number         0  segger_rtt.o ABSOLUTE
    SEGGER_RTT_printf.c                      0x00000000   Number         0  segger_rtt_printf.o ABSOLUTE
    adc.c                                    0x00000000   Number         0  adc.o ABSOLUTE
    dc.s                                     0x00000000   Number         0  dc.o ABSOLUTE
    dshot.c                                  0x00000000   Number         0  dshot.o ABSOLUTE
    gpio.c                                   0x00000000   Number         0  gpio.o ABSOLUTE
    lks32MC07x_flash.c                       0x00000000   Number         0  lks32mc07x_flash.o ABSOLUTE
    lks32mc07x_adc.c                         0x00000000   Number         0  lks32mc07x_adc.o ABSOLUTE
    lks32mc07x_can.c                         0x00000000   Number         0  lks32mc07x_can.o ABSOLUTE
    lks32mc07x_clu.c                         0x00000000   Number         0  lks32mc07x_clu.o ABSOLUTE
    lks32mc07x_cmp.c                         0x00000000   Number         0  lks32mc07x_cmp.o ABSOLUTE
    lks32mc07x_crc.c                         0x00000000   Number         0  lks32mc07x_crc.o ABSOLUTE
    lks32mc07x_dac.c                         0x00000000   Number         0  lks32mc07x_dac.o ABSOLUTE
    lks32mc07x_dma.c                         0x00000000   Number         0  lks32mc07x_dma.o ABSOLUTE
    lks32mc07x_dsp.c                         0x00000000   Number         0  lks32mc07x_dsp.o ABSOLUTE
    lks32mc07x_exti.c                        0x00000000   Number         0  lks32mc07x_exti.o ABSOLUTE
    lks32mc07x_gpio.c                        0x00000000   Number         0  lks32mc07x_gpio.o ABSOLUTE
    lks32mc07x_hall.c                        0x00000000   Number         0  lks32mc07x_hall.o ABSOLUTE
    lks32mc07x_i2c.c                         0x00000000   Number         0  lks32mc07x_i2c.o ABSOLUTE
    lks32mc07x_mcpwm.c                       0x00000000   Number         0  lks32mc07x_mcpwm.o ABSOLUTE
    lks32mc07x_opa.c                         0x00000000   Number         0  lks32mc07x_opa.o ABSOLUTE
    lks32mc07x_periph_driver/Source/startup_lks32mc07x.s 0x00000000   Number         0  startup_lks32mc07x.o ABSOLUTE
    lks32mc07x_qep.c                         0x00000000   Number         0  lks32mc07x_qep.o ABSOLUTE
    lks32mc07x_sif.c                         0x00000000   Number         0  lks32mc07x_sif.o ABSOLUTE
    lks32mc07x_spi.c                         0x00000000   Number         0  lks32mc07x_spi.o ABSOLUTE
    lks32mc07x_sys.c                         0x00000000   Number         0  lks32mc07x_sys.o ABSOLUTE
    lks32mc07x_tim.c                         0x00000000   Number         0  lks32mc07x_tim.o ABSOLUTE
    lks32mc07x_tmp.c                         0x00000000   Number         0  lks32mc07x_tmp.o ABSOLUTE
    lks32mc07x_uart.c                        0x00000000   Number         0  lks32mc07x_uart.o ABSOLUTE
    lks32mc07x_wake.c                        0x00000000   Number         0  lks32mc07x_wake.o ABSOLUTE
    lks32mc08x_nvr.c                         0x00000000   Number         0  lks32mc08x_nvr.o ABSOLUTE
    main.c                                   0x00000000   Number         0  main.o ABSOLUTE
    mcpwm.c                                  0x00000000   Number         0  mcpwm.o ABSOLUTE
    opa.c                                    0x00000000   Number         0  opa.o ABSOLUTE
    system.c                                 0x00000000   Number         0  system.o ABSOLUTE
    timer.c                                  0x00000000   Number         0  timer.o ABSOLUTE
    RESET                                    0x00000000   Section      192  startup_lks32mc07x.o(RESET)
    !!!main                                  0x000000c0   Section        8  __main.o(!!!main)
    !!!scatter                               0x000000c8   Section       84  __scatter.o(!!!scatter)
    !!handler_null                           0x0000011c   Section        2  __scatter.o(!!handler_null)
    !!handler_zi                             0x00000120   Section       28  __scatter_zi.o(!!handler_zi)
    .ARM.Collect$$libinit$$00000000          0x0000013c   Section        2  libinit.o(.ARM.Collect$$libinit$$00000000)
    .ARM.Collect$$libinit$$00000002          0x0000013e   Section        0  libinit2.o(.ARM.Collect$$libinit$$00000002)
    .ARM.Collect$$libinit$$00000004          0x0000013e   Section        0  libinit2.o(.ARM.Collect$$libinit$$00000004)
    .ARM.Collect$$libinit$$00000006          0x0000013e   Section        0  libinit2.o(.ARM.Collect$$libinit$$00000006)
    .ARM.Collect$$libinit$$0000000C          0x0000013e   Section        0  libinit2.o(.ARM.Collect$$libinit$$0000000C)
    .ARM.Collect$$libinit$$0000000E          0x0000013e   Section        0  libinit2.o(.ARM.Collect$$libinit$$0000000E)
    .ARM.Collect$$libinit$$00000010          0x0000013e   Section        0  libinit2.o(.ARM.Collect$$libinit$$00000010)
    .ARM.Collect$$libinit$$00000013          0x0000013e   Section        0  libinit2.o(.ARM.Collect$$libinit$$00000013)
    .ARM.Collect$$libinit$$00000015          0x0000013e   Section        0  libinit2.o(.ARM.Collect$$libinit$$00000015)
    .ARM.Collect$$libinit$$00000017          0x0000013e   Section        0  libinit2.o(.ARM.Collect$$libinit$$00000017)
    .ARM.Collect$$libinit$$00000019          0x0000013e   Section        0  libinit2.o(.ARM.Collect$$libinit$$00000019)
    .ARM.Collect$$libinit$$0000001B          0x0000013e   Section        0  libinit2.o(.ARM.Collect$$libinit$$0000001B)
    .ARM.Collect$$libinit$$0000001D          0x0000013e   Section        0  libinit2.o(.ARM.Collect$$libinit$$0000001D)
    .ARM.Collect$$libinit$$0000001F          0x0000013e   Section        0  libinit2.o(.ARM.Collect$$libinit$$0000001F)
    .ARM.Collect$$libinit$$00000021          0x0000013e   Section        0  libinit2.o(.ARM.Collect$$libinit$$00000021)
    .ARM.Collect$$libinit$$00000023          0x0000013e   Section        0  libinit2.o(.ARM.Collect$$libinit$$00000023)
    .ARM.Collect$$libinit$$00000025          0x0000013e   Section        0  libinit2.o(.ARM.Collect$$libinit$$00000025)
    .ARM.Collect$$libinit$$00000027          0x0000013e   Section        0  libinit2.o(.ARM.Collect$$libinit$$00000027)
    .ARM.Collect$$libinit$$0000002E          0x0000013e   Section        0  libinit2.o(.ARM.Collect$$libinit$$0000002E)
    .ARM.Collect$$libinit$$00000030          0x0000013e   Section        0  libinit2.o(.ARM.Collect$$libinit$$00000030)
    .ARM.Collect$$libinit$$00000032          0x0000013e   Section        0  libinit2.o(.ARM.Collect$$libinit$$00000032)
    .ARM.Collect$$libinit$$00000034          0x0000013e   Section        0  libinit2.o(.ARM.Collect$$libinit$$00000034)
    .ARM.Collect$$libinit$$00000035          0x0000013e   Section        2  libinit2.o(.ARM.Collect$$libinit$$00000035)
    .ARM.Collect$$libshutdown$$00000000      0x00000140   Section        2  libshutdown.o(.ARM.Collect$$libshutdown$$00000000)
    .ARM.Collect$$libshutdown$$00000002      0x00000142   Section        0  libshutdown2.o(.ARM.Collect$$libshutdown$$00000002)
    .ARM.Collect$$libshutdown$$00000004      0x00000142   Section        0  libshutdown2.o(.ARM.Collect$$libshutdown$$00000004)
    .ARM.Collect$$libshutdown$$00000007      0x00000142   Section        0  libshutdown2.o(.ARM.Collect$$libshutdown$$00000007)
    .ARM.Collect$$libshutdown$$0000000A      0x00000142   Section        0  libshutdown2.o(.ARM.Collect$$libshutdown$$0000000A)
    .ARM.Collect$$libshutdown$$0000000C      0x00000142   Section        0  libshutdown2.o(.ARM.Collect$$libshutdown$$0000000C)
    .ARM.Collect$$libshutdown$$0000000F      0x00000142   Section        0  libshutdown2.o(.ARM.Collect$$libshutdown$$0000000F)
    .ARM.Collect$$libshutdown$$00000010      0x00000142   Section        2  libshutdown2.o(.ARM.Collect$$libshutdown$$00000010)
    .ARM.Collect$$rtentry$$00000000          0x00000144   Section        0  __rtentry.o(.ARM.Collect$$rtentry$$00000000)
    .ARM.Collect$$rtentry$$00000002          0x00000144   Section        0  __rtentry2.o(.ARM.Collect$$rtentry$$00000002)
    .ARM.Collect$$rtentry$$00000004          0x00000144   Section        6  __rtentry4.o(.ARM.Collect$$rtentry$$00000004)
    .ARM.Collect$$rtentry$$00000009          0x0000014a   Section        0  __rtentry2.o(.ARM.Collect$$rtentry$$00000009)
    .ARM.Collect$$rtentry$$0000000A          0x0000014a   Section        4  __rtentry2.o(.ARM.Collect$$rtentry$$0000000A)
    .ARM.Collect$$rtentry$$0000000C          0x0000014e   Section        0  __rtentry2.o(.ARM.Collect$$rtentry$$0000000C)
    .ARM.Collect$$rtentry$$0000000D          0x0000014e   Section        8  __rtentry2.o(.ARM.Collect$$rtentry$$0000000D)
    .ARM.Collect$$rtexit$$00000000           0x00000156   Section        2  rtexit.o(.ARM.Collect$$rtexit$$00000000)
    .ARM.Collect$$rtexit$$00000002           0x00000158   Section        0  rtexit2.o(.ARM.Collect$$rtexit$$00000002)
    .ARM.Collect$$rtexit$$00000003           0x00000158   Section        4  rtexit2.o(.ARM.Collect$$rtexit$$00000003)
    .ARM.Collect$$rtexit$$00000004           0x0000015c   Section        6  rtexit2.o(.ARM.Collect$$rtexit$$00000004)
    .text                                    0x00000164   Section       68  startup_lks32mc07x.o(.text)
    .text                                    0x000001a8   Section        0  rt_memclr.o(.text)
    .text                                    0x000001e8   Section        0  heapauxi.o(.text)
    _dadd1                                   0x000001f1   Thumb Code   290  daddsub.o(.text)
    .text                                    0x000001f0   Section        0  daddsub.o(.text)
    _dsub1                                   0x00000313   Thumb Code   470  daddsub.o(.text)
    .text                                    0x00000548   Section        0  dfixi.o(.text)
    .text                                    0x000005b4   Section        0  fdiv.o(.text)
    .text                                    0x00000714   Section        0  ffixi.o(.text)
    .text                                    0x00000760   Section        0  _rserrno.o(.text)
    .text                                    0x00000778   Section        0  dscalbn.o(.text)
    .text                                    0x000007d8   Section        0  fscalbn.o(.text)
    .text                                    0x0000081c   Section        8  rt_errno_addr_intlibspace.o(.text)
    .text                                    0x00000824   Section        0  dcmpin.o(.text)
    .text                                    0x000008c4   Section        0  fcmpin.o(.text)
    .text                                    0x00000928   Section        8  libspace.o(.text)
    .text                                    0x00000930   Section       62  sys_stackheap_outer.o(.text)
    .text                                    0x0000096e   Section        0  exit.o(.text)
    .text                                    0x0000097e   Section        0  cmpret.o(.text)
    .text                                    0x000009ac   Section        0  dnan2.o(.text)
    .text                                    0x000009c0   Section        0  fnan2.o(.text)
    .text                                    0x000009d0   Section        0  retnan.o(.text)
    .text                                    0x00000a30   Section        0  sys_exit.o(.text)
    .text                                    0x00000a3c   Section        2  use_no_semi.o(.text)
    .text                                    0x00000a3e   Section        0  indicate_semi.o(.text)
    [Anonymous Symbol]                       0x00000a40   Section        0  main.o(.text.ADC0_IRQHandler)
    __arm_cp.1_0                             0x00000c1c   Number         4  main.o(.text.ADC0_IRQHandler)
    __arm_cp.1_1                             0x00000c20   Number         4  main.o(.text.ADC0_IRQHandler)
    __arm_cp.1_2                             0x00000c24   Number         4  main.o(.text.ADC0_IRQHandler)
    __arm_cp.1_3                             0x00000c28   Number         4  main.o(.text.ADC0_IRQHandler)
    __arm_cp.1_4                             0x00000c2c   Number         4  main.o(.text.ADC0_IRQHandler)
    __arm_cp.1_5                             0x00000c30   Number         4  main.o(.text.ADC0_IRQHandler)
    __arm_cp.1_6                             0x00000c34   Number         4  main.o(.text.ADC0_IRQHandler)
    __arm_cp.1_7                             0x00000c38   Number         4  main.o(.text.ADC0_IRQHandler)
    __arm_cp.1_8                             0x00000c3c   Number         4  main.o(.text.ADC0_IRQHandler)
    __arm_cp.1_9                             0x00000c40   Number         4  main.o(.text.ADC0_IRQHandler)
    __arm_cp.1_10                            0x00000c44   Number         4  main.o(.text.ADC0_IRQHandler)
    __arm_cp.1_11                            0x00000c48   Number         4  main.o(.text.ADC0_IRQHandler)
    __arm_cp.1_12                            0x00000c4c   Number         4  main.o(.text.ADC0_IRQHandler)
    __arm_cp.1_13                            0x00000c50   Number         4  main.o(.text.ADC0_IRQHandler)
    __arm_cp.1_14                            0x00000c54   Number         4  main.o(.text.ADC0_IRQHandler)
    [Anonymous Symbol]                       0x00000c58   Section        0  lks32mc07x_adc.o(.text.ADC_CHN_GAIN_CFG)
    [Anonymous Symbol]                       0x00000c84   Section        0  lks32mc07x_adc.o(.text.ADC_ClearIRQFlag)
    [Anonymous Symbol]                       0x00000c8c   Section        0  lks32mc07x_adc.o(.text.ADC_GetConversionValue)
    [Anonymous Symbol]                       0x00000d26   Section        0  lks32mc07x_adc.o(.text.ADC_GetIRQFlag)
    [Anonymous Symbol]                       0x00000d3c   Section        0  lks32mc07x_adc.o(.text.ADC_Init)
    __arm_cp.0_0                             0x00000df0   Number         4  lks32mc07x_adc.o(.text.ADC_Init)
    __arm_cp.0_1                             0x00000df4   Number         4  lks32mc07x_adc.o(.text.ADC_Init)
    [Anonymous Symbol]                       0x00000df8   Section        0  lks32mc07x_adc.o(.text.ADC_StructInit)
    [Anonymous Symbol]                       0x00000e10   Section        0  system.o(.text.Clock_Init)
    [Anonymous Symbol]                       0x00000e3c   Section        0  dshot.o(.text.Dshot_Check)
    __arm_cp.2_0                             0x00000ea0   Number         4  dshot.o(.text.Dshot_Check)
    [Anonymous Symbol]                       0x00000ea4   Section        0  lks32mc07x_exti.o(.text.EXTI_ClearIRQFlag)
    __arm_cp.2_0                             0x00000f38   Number         4  lks32mc07x_exti.o(.text.EXTI_ClearIRQFlag)
    __arm_cp.2_1                             0x00000f3c   Number         4  lks32mc07x_exti.o(.text.EXTI_ClearIRQFlag)
    __arm_cp.2_2                             0x00000f40   Number         4  lks32mc07x_exti.o(.text.EXTI_ClearIRQFlag)
    __arm_cp.2_3                             0x00000f44   Number         4  lks32mc07x_exti.o(.text.EXTI_ClearIRQFlag)
    __arm_cp.2_4                             0x00000f48   Number         4  lks32mc07x_exti.o(.text.EXTI_ClearIRQFlag)
    [Anonymous Symbol]                       0x00000f8c   Section        0  lks32mc07x_exti.o(.text.EXTI_GetIRQFlag)
    __arm_cp.1_3                             0x00001074   Number         4  lks32mc07x_exti.o(.text.EXTI_GetIRQFlag)
    [Anonymous Symbol]                       0x00001078   Section        0  lks32mc07x_exti.o(.text.EXTI_Trigger_Config)
    __arm_cp.0_0                             0x000011dc   Number         4  lks32mc07x_exti.o(.text.EXTI_Trigger_Config)
    __arm_cp.0_1                             0x000011e0   Number         4  lks32mc07x_exti.o(.text.EXTI_Trigger_Config)
    __arm_cp.0_2                             0x000011e4   Number         4  lks32mc07x_exti.o(.text.EXTI_Trigger_Config)
    __arm_cp.0_3                             0x000011e8   Number         4  lks32mc07x_exti.o(.text.EXTI_Trigger_Config)
    __arm_cp.0_4                             0x000011ec   Number         4  lks32mc07x_exti.o(.text.EXTI_Trigger_Config)
    __arm_cp.0_5                             0x000011f0   Number         4  lks32mc07x_exti.o(.text.EXTI_Trigger_Config)
    __arm_cp.0_6                             0x000011f4   Number         4  lks32mc07x_exti.o(.text.EXTI_Trigger_Config)
    __arm_cp.0_7                             0x000011f8   Number         4  lks32mc07x_exti.o(.text.EXTI_Trigger_Config)
    __arm_cp.0_8                             0x000011fc   Number         4  lks32mc07x_exti.o(.text.EXTI_Trigger_Config)
    [Anonymous Symbol]                       0x00001200   Section        0  foc_pointmodel.o(.text.FOC_PointModel_initialize)
    __arm_cp.2_30                            0x000015fc   Number         4  foc_pointmodel.o(.text.FOC_PointModel_initialize)
    __arm_cp.2_31                            0x00001600   Number         4  foc_pointmodel.o(.text.FOC_PointModel_initialize)
    __arm_cp.2_32                            0x00001604   Number         4  foc_pointmodel.o(.text.FOC_PointModel_initialize)
    __arm_cp.2_35                            0x00001610   Number         4  foc_pointmodel.o(.text.FOC_PointModel_initialize)
    __arm_cp.2_36                            0x00001614   Number         4  foc_pointmodel.o(.text.FOC_PointModel_initialize)
    __arm_cp.2_37                            0x00001618   Number         4  foc_pointmodel.o(.text.FOC_PointModel_initialize)
    __arm_cp.2_38                            0x0000161c   Number         4  foc_pointmodel.o(.text.FOC_PointModel_initialize)
    __arm_cp.2_0                             0x00001718   Number         4  foc_pointmodel.o(.text.FOC_PointModel_initialize)
    __arm_cp.2_4                             0x0000171c   Number         4  foc_pointmodel.o(.text.FOC_PointModel_initialize)
    __arm_cp.2_5                             0x00001720   Number         4  foc_pointmodel.o(.text.FOC_PointModel_initialize)
    __arm_cp.2_10                            0x00001724   Number         4  foc_pointmodel.o(.text.FOC_PointModel_initialize)
    __arm_cp.2_11                            0x00001728   Number         4  foc_pointmodel.o(.text.FOC_PointModel_initialize)
    __arm_cp.2_12                            0x0000172c   Number         4  foc_pointmodel.o(.text.FOC_PointModel_initialize)
    __arm_cp.2_13                            0x00001730   Number         4  foc_pointmodel.o(.text.FOC_PointModel_initialize)
    __arm_cp.2_14                            0x00001734   Number         4  foc_pointmodel.o(.text.FOC_PointModel_initialize)
    __arm_cp.2_15                            0x00001738   Number         4  foc_pointmodel.o(.text.FOC_PointModel_initialize)
    __arm_cp.2_16                            0x0000173c   Number         4  foc_pointmodel.o(.text.FOC_PointModel_initialize)
    __arm_cp.2_17                            0x00001740   Number         4  foc_pointmodel.o(.text.FOC_PointModel_initialize)
    __arm_cp.2_18                            0x00001744   Number         4  foc_pointmodel.o(.text.FOC_PointModel_initialize)
    __arm_cp.2_19                            0x00001748   Number         4  foc_pointmodel.o(.text.FOC_PointModel_initialize)
    __arm_cp.2_20                            0x0000174c   Number         4  foc_pointmodel.o(.text.FOC_PointModel_initialize)
    __arm_cp.2_21                            0x00001750   Number         4  foc_pointmodel.o(.text.FOC_PointModel_initialize)
    __arm_cp.2_22                            0x00001754   Number         4  foc_pointmodel.o(.text.FOC_PointModel_initialize)
    __arm_cp.2_23                            0x00001758   Number         4  foc_pointmodel.o(.text.FOC_PointModel_initialize)
    __arm_cp.2_24                            0x0000175c   Number         4  foc_pointmodel.o(.text.FOC_PointModel_initialize)
    __arm_cp.2_25                            0x00001760   Number         4  foc_pointmodel.o(.text.FOC_PointModel_initialize)
    __arm_cp.2_26                            0x00001764   Number         4  foc_pointmodel.o(.text.FOC_PointModel_initialize)
    __arm_cp.2_27                            0x00001768   Number         4  foc_pointmodel.o(.text.FOC_PointModel_initialize)
    __arm_cp.2_28                            0x0000176c   Number         4  foc_pointmodel.o(.text.FOC_PointModel_initialize)
    [Anonymous Symbol]                       0x00001770   Section        0  foc_pointmodel.o(.text.FOC_PointModel_step)
    __arm_cp.1_22                            0x00001a68   Number         4  foc_pointmodel.o(.text.FOC_PointModel_step)
    __arm_cp.1_23                            0x00001a6c   Number         4  foc_pointmodel.o(.text.FOC_PointModel_step)
    __arm_cp.1_25                            0x00001a74   Number         4  foc_pointmodel.o(.text.FOC_PointModel_step)
    __arm_cp.1_26                            0x00001a78   Number         4  foc_pointmodel.o(.text.FOC_PointModel_step)
    __arm_cp.1_31                            0x00001e0c   Number         4  foc_pointmodel.o(.text.FOC_PointModel_step)
    __arm_cp.1_34                            0x00001e18   Number         4  foc_pointmodel.o(.text.FOC_PointModel_step)
    __arm_cp.1_36                            0x00001e20   Number         4  foc_pointmodel.o(.text.FOC_PointModel_step)
    __arm_cp.1_37                            0x000021ec   Number         4  foc_pointmodel.o(.text.FOC_PointModel_step)
    __arm_cp.1_38                            0x000021f0   Number         4  foc_pointmodel.o(.text.FOC_PointModel_step)
    __arm_cp.1_40                            0x0000233c   Number         4  foc_pointmodel.o(.text.FOC_PointModel_step)
    __arm_cp.1_0                             0x00002340   Number         4  foc_pointmodel.o(.text.FOC_PointModel_step)
    __arm_cp.1_1                             0x00002344   Number         4  foc_pointmodel.o(.text.FOC_PointModel_step)
    __arm_cp.1_7                             0x00002348   Number         4  foc_pointmodel.o(.text.FOC_PointModel_step)
    __arm_cp.1_10                            0x0000234c   Number         4  foc_pointmodel.o(.text.FOC_PointModel_step)
    __arm_cp.1_11                            0x00002350   Number         4  foc_pointmodel.o(.text.FOC_PointModel_step)
    __arm_cp.1_15                            0x00002354   Number         4  foc_pointmodel.o(.text.FOC_PointModel_step)
    __arm_cp.1_16                            0x00002358   Number         4  foc_pointmodel.o(.text.FOC_PointModel_step)
    __arm_cp.1_17                            0x0000235c   Number         4  foc_pointmodel.o(.text.FOC_PointModel_step)
    [Anonymous Symbol]                       0x00002360   Section        0  main.o(.text.GPIO_IRQHandler)
    __arm_cp.3_1                             0x000023a0   Number         4  main.o(.text.GPIO_IRQHandler)
    __arm_cp.3_2                             0x000023a4   Number         4  main.o(.text.GPIO_IRQHandler)
    [Anonymous Symbol]                       0x000023a8   Section        0  lks32mc07x_gpio.o(.text.GPIO_Init)
    [Anonymous Symbol]                       0x00002438   Section        0  lks32mc07x_gpio.o(.text.GPIO_PinAFConfig)
    __arm_cp.10_0                            0x0000252c   Number         4  lks32mc07x_gpio.o(.text.GPIO_PinAFConfig)
    __arm_cp.10_1                            0x00002530   Number         4  lks32mc07x_gpio.o(.text.GPIO_PinAFConfig)
    __arm_cp.10_2                            0x00002534   Number         4  lks32mc07x_gpio.o(.text.GPIO_PinAFConfig)
    [Anonymous Symbol]                       0x00002538   Section        0  lks32mc07x_gpio.o(.text.GPIO_ResetBits)
    [Anonymous Symbol]                       0x0000253c   Section        0  lks32mc07x_gpio.o(.text.GPIO_SetBits)
    [Anonymous Symbol]                       0x00002540   Section        0  lks32mc07x_gpio.o(.text.GPIO_StructInit)
    [Anonymous Symbol]                       0x0000254e   Section        0  lks32mc07x_gpio.o(.text.GPIO_WriteBit)
    [Anonymous Symbol]                       0x00002568   Section        0  adc.o(.text.HAL_ADC_Init)
    __arm_cp.0_0                             0x000025fc   Number         4  adc.o(.text.HAL_ADC_Init)
    __arm_cp.0_1                             0x00002600   Number         4  adc.o(.text.HAL_ADC_Init)
    [Anonymous Symbol]                       0x00002604   Section        0  gpio.o(.text.HAL_GPIO_Init)
    __arm_cp.0_0                             0x00002664   Number         4  gpio.o(.text.HAL_GPIO_Init)
    [Anonymous Symbol]                       0x00002668   Section        0  mcpwm.o(.text.HAL_MCPWM_Init)
    __arm_cp.0_0                             0x00002768   Number         4  mcpwm.o(.text.HAL_MCPWM_Init)
    __arm_cp.0_1                             0x0000276c   Number         4  mcpwm.o(.text.HAL_MCPWM_Init)
    __arm_cp.0_2                             0x00002770   Number         4  mcpwm.o(.text.HAL_MCPWM_Init)
    __arm_cp.0_3                             0x00002774   Number         4  mcpwm.o(.text.HAL_MCPWM_Init)
    __arm_cp.0_4                             0x00002778   Number         4  mcpwm.o(.text.HAL_MCPWM_Init)
    [Anonymous Symbol]                       0x0000277c   Section        0  opa.o(.text.HAL_OPA_Init)
    [Anonymous Symbol]                       0x000027c4   Section        0  lks32mc07x_sys.o(.text.IWDG_DISABLE)
    __arm_cp.14_0                            0x000027d0   Number         4  lks32mc07x_sys.o(.text.IWDG_DISABLE)
    [Anonymous Symbol]                       0x000027d4   Section        0  lks32mc07x_mcpwm.o(.text.MCPWM_Init)
    __arm_cp.1_6                             0x00002bd8   Number         4  lks32mc07x_mcpwm.o(.text.MCPWM_Init)
    __arm_cp.1_0                             0x00002c7c   Number         4  lks32mc07x_mcpwm.o(.text.MCPWM_Init)
    __arm_cp.1_2                             0x00002c80   Number         4  lks32mc07x_mcpwm.o(.text.MCPWM_Init)
    __arm_cp.1_3                             0x00002c84   Number         4  lks32mc07x_mcpwm.o(.text.MCPWM_Init)
    __arm_cp.1_4                             0x00002c88   Number         4  lks32mc07x_mcpwm.o(.text.MCPWM_Init)
    [Anonymous Symbol]                       0x00002c8c   Section        0  lks32mc07x_mcpwm.o(.text.MCPWM_StructInit)
    [Anonymous Symbol]                       0x00002c98   Section        0  lks32mc07x_opa.o(.text.OPA_Init)
    __arm_cp.0_2                             0x00002d5c   Number         4  lks32mc07x_opa.o(.text.OPA_Init)
    __arm_cp.0_3                             0x00002d60   Number         4  lks32mc07x_opa.o(.text.OPA_Init)
    [Anonymous Symbol]                       0x00002d64   Section        0  lks32mc07x_opa.o(.text.OPA_StructInit)
    [Anonymous Symbol]                       0x00002d70   Section        0  lks32mc07x_mcpwm.o(.text.PWMOutputs)
    __arm_cp.2_0                             0x00002da4   Number         4  lks32mc07x_mcpwm.o(.text.PWMOutputs)
    __arm_cp.2_1                             0x00002da8   Number         4  lks32mc07x_mcpwm.o(.text.PWMOutputs)
    [Anonymous Symbol]                       0x00002dac   Section        0  dshot.o(.text.Read_Flash_Data)
    [Anonymous Symbol]                       0x00002dbc   Section        0  lks32mc07x_flash.o(.text.Read_More_Flash)
    __arm_cp.3_0                             0x00002e64   Number         4  lks32mc07x_flash.o(.text.Read_More_Flash)
    [Anonymous Symbol]                       0x00002e68   Section        0  lks32mc08x_nvr.o(.text.Read_NVR)
    [Anonymous Symbol]                       0x00002e90   Section        0  lks32mc08x_nvr.o(.text.Read_Trim)
    __arm_cp.1_0                             0x00002ec4   Number         4  lks32mc08x_nvr.o(.text.Read_Trim)
    __arm_cp.1_1                             0x00002ec8   Number         4  lks32mc08x_nvr.o(.text.Read_Trim)
    [Anonymous Symbol]                       0x00002ecc   Section        0  lks32mc07x_sys.o(.text.SYS_AnalogModuleClockCmd)
    [Anonymous Symbol]                       0x00002ee8   Section        0  lks32mc07x_sys.o(.text.SYS_Init)
    __arm_cp.0_0                             0x00002f30   Number         4  lks32mc07x_sys.o(.text.SYS_Init)
    __arm_cp.0_2                             0x00002f34   Number         4  lks32mc07x_sys.o(.text.SYS_Init)
    __arm_cp.0_3                             0x00002f38   Number         4  lks32mc07x_sys.o(.text.SYS_Init)
    __arm_cp.0_4                             0x00002f3c   Number         4  lks32mc07x_sys.o(.text.SYS_Init)
    [Anonymous Symbol]                       0x00002f40   Section        0  lks32mc07x_sys.o(.text.SYS_ModuleClockCmd)
    __arm_cp.3_0                             0x00002f64   Number         4  lks32mc07x_sys.o(.text.SYS_ModuleClockCmd)
    __arm_cp.3_1                             0x00002f68   Number         4  lks32mc07x_sys.o(.text.SYS_ModuleClockCmd)
    [Anonymous Symbol]                       0x00002f6c   Section        0  lks32mc07x_sys.o(.text.SYS_StructInit)
    [Anonymous Symbol]                       0x00002f84   Section        0  mcpwm.o(.text.Self_Check)
    __arm_cp.1_0                             0x0000325c   Number         4  mcpwm.o(.text.Self_Check)
    __arm_cp.1_1                             0x00003260   Number         4  mcpwm.o(.text.Self_Check)
    __arm_cp.1_2                             0x00003264   Number         4  mcpwm.o(.text.Self_Check)
    __arm_cp.1_3                             0x00003268   Number         4  mcpwm.o(.text.Self_Check)
    __arm_cp.1_4                             0x0000326c   Number         4  mcpwm.o(.text.Self_Check)
    [Anonymous Symbol]                       0x00003270   Section        0  system.o(.text.SoftDelay)
    [Anonymous Symbol]                       0x000032b8   Section        0  main.o(.text.SysTick_Handler)
    [Anonymous Symbol]                       0x000032d8   Section        0  system.o(.text.SystemInit)
    __arm_cp.0_2                             0x00003334   Number         4  system.o(.text.SystemInit)
    __arm_cp.0_3                             0x00003338   Number         4  system.o(.text.SystemInit)
    [Anonymous Symbol]                       0x0000333c   Section        0  system.o(.text.delay_ms)
    __arm_cp.5_0                             0x00003388   Number         4  system.o(.text.delay_ms)
    __arm_cp.5_1                             0x0000338c   Number         4  system.o(.text.delay_ms)
    __arm_cp.5_2                             0x00003390   Number         4  system.o(.text.delay_ms)
    [Anonymous Symbol]                       0x00003394   Section        0  main.o(.text.main)
    __arm_cp.0_0                             0x00003514   Number         4  main.o(.text.main)
    __arm_cp.0_1                             0x00003518   Number         4  main.o(.text.main)
    __arm_cp.0_2                             0x0000351c   Number         4  main.o(.text.main)
    __arm_cp.0_3                             0x00003520   Number         4  main.o(.text.main)
    __arm_cp.0_4                             0x00003524   Number         4  main.o(.text.main)
    __arm_cp.0_5                             0x00003528   Number         4  main.o(.text.main)
    __arm_cp.0_6                             0x0000352c   Number         4  main.o(.text.main)
    __arm_cp.0_7                             0x00003530   Number         4  main.o(.text.main)
    __arm_cp.0_8                             0x00003534   Number         4  main.o(.text.main)
    __arm_cp.0_9                             0x00003538   Number         4  main.o(.text.main)
    __arm_cp.0_10                            0x0000353c   Number         4  main.o(.text.main)
    __arm_cp.0_11                            0x00003540   Number         4  main.o(.text.main)
    __arm_cp.0_12                            0x00003544   Number         4  main.o(.text.main)
    i.__mathlib_dbl_overflow                 0x00003548   Section        0  dunder.o(i.__mathlib_dbl_overflow)
    i.__mathlib_dbl_underflow                0x0000355c   Section        0  dunder.o(i.__mathlib_dbl_underflow)
    i.__mathlib_flt_overflow                 0x00003570   Section        0  funder.o(i.__mathlib_flt_overflow)
    i.__mathlib_flt_underflow                0x0000357e   Section        0  funder.o(i.__mathlib_flt_underflow)
    i._dgeq                                  0x0000358c   Section        0  dcmp.o(i._dgeq)
    i._dls                                   0x000035a2   Section        0  dcmp.o(i._dls)
    i._fgeq                                  0x000035b8   Section        0  fcmp.o(i._fgeq)
    i._fls                                   0x000035ce   Section        0  fcmp.o(i._fls)
    i.ceil                                   0x000035e4   Section        0  ceil.o(i.ceil)
    i.ceilf                                  0x000036ac   Section        0  ceilf.o(i.ceilf)
    i.floor                                  0x00003714   Section        0  floor.o(i.floor)
    i.floorf                                 0x000037dc   Section        0  floorf.o(i.floorf)
    i.ldexp                                  0x0000384c   Section        0  ldexp.o(i.ldexp)
    i.ldexpf                                 0x000038bc   Section        0  ldexpf.o(i.ldexpf)
    x$fpl$deqf                               0x00003914   Section      100  deqf.o(x$fpl$deqf)
    x$fpl$dgeqf                              0x00003978   Section      100  dgef.o(x$fpl$dgeqf)
    x$fpl$dleqf                              0x000039dc   Section      100  dlef.o(x$fpl$dleqf)
    x$fpl$drleqf                             0x00003a40   Section      104  drlef.o(x$fpl$drleqf)
    x$fpl$fadd                               0x00003aa8   Section      140  faddsub.o(x$fpl$fadd)
    _fadd1                                   0x00003ab5   Thumb Code     0  faddsub.o(x$fpl$fadd)
    x$fpl$fgeqf                              0x00003b34   Section       84  fgef.o(x$fpl$fgeqf)
    x$fpl$fleqf                              0x00003b88   Section       84  flef.o(x$fpl$fleqf)
    x$fpl$fmul                               0x00003bdc   Section      176  fmul.o(x$fpl$fmul)
    x$fpl$fsub                               0x00003c8c   Section      208  faddsub.o(x$fpl$fsub)
    _fsub1                                   0x00003c99   Thumb Code     0  faddsub.o(x$fpl$fsub)
    fdiv_tab                                 0x00003d5c   Data          64  fdiv.o(.constdata)
    .constdata                               0x00003d5c   Section       64  fdiv.o(.constdata)
    x$fpl$usenofp                            0x00003d5c   Section        0  usenofp.o(x$fpl$usenofp)
    .bss                                     0x20000000   Section       96  libspace.o(.bss)
    [Anonymous Symbol]                       0x20000060   Section        0  main.o(.bss..L_MergedGlobals)
    [Anonymous Symbol]                       0x200000a0   Section        0  foc_pointmodel.o(.bss..L_MergedGlobals)
    Heap_Mem                                 0x200001d8   Data         512  startup_lks32mc07x.o(HEAP)
    HEAP                                     0x200001d8   Section      512  startup_lks32mc07x.o(HEAP)
    Stack_Mem                                0x200003d8   Data        1024  startup_lks32mc07x.o(STACK)
    STACK                                    0x200003d8   Section     1024  startup_lks32mc07x.o(STACK)
    __initial_sp                             0x200007d8   Data           0  startup_lks32mc07x.o(STACK)

    Global Symbols

    Symbol Name                              Value     Ov Type        Size  Object(Section)

    BuildAttributes$$THM_ISAv3M$S$PE$A:L22$X:L11$S22$IEEE1$IW$~IW$USESV6$~STKCKD$USESV7$~SHL$OTIME$ROPI$IEEEX$EBA8$UX$STANDARDLIB$REQ8$PRES8$EABIv2 0x00000000   Number         0  anon$$obj.o ABSOLUTE
    __Vectors                                0x00000000   Data           4  startup_lks32mc07x.o(RESET)
    __ARM_exceptions_init                     - Undefined Weak Reference
    __alloca_initialize                       - Undefined Weak Reference
    __arm_preinit_                            - Undefined Weak Reference
    __arm_relocate_pie_                       - Undefined Weak Reference
    __cpp_initialize__aeabi_                  - Undefined Weak Reference
    __cxa_finalize                            - Undefined Weak Reference
    __rt_locale                               - Undefined Weak Reference
    __sigvec_lookup                           - Undefined Weak Reference
    _atexit_init                              - Undefined Weak Reference
    _call_atexit_fns                          - Undefined Weak Reference
    _clock_init                               - Undefined Weak Reference
    _fp_trap_init                             - Undefined Weak Reference
    _fp_trap_shutdown                         - Undefined Weak Reference
    _get_lc_collate                           - Undefined Weak Reference
    _get_lc_ctype                             - Undefined Weak Reference
    _get_lc_monetary                          - Undefined Weak Reference
    _get_lc_numeric                           - Undefined Weak Reference
    _get_lc_time                              - Undefined Weak Reference
    _getenv_init                              - Undefined Weak Reference
    _handle_redirection                       - Undefined Weak Reference
    _init_alloc                               - Undefined Weak Reference
    _init_user_alloc                          - Undefined Weak Reference
    _initio                                   - Undefined Weak Reference
    _rand_init                                - Undefined Weak Reference
    _signal_finish                            - Undefined Weak Reference
    _signal_init                              - Undefined Weak Reference
    _terminate_alloc                          - Undefined Weak Reference
    _terminate_user_alloc                     - Undefined Weak Reference
    _terminateio                              - Undefined Weak Reference
    __Vectors_End                            0x000000c0   Data           0  startup_lks32mc07x.o(RESET)
    __Vectors_Size                           0x000000c0   Number         0  startup_lks32mc07x.o ABSOLUTE
    __main                                   0x000000c1   Thumb Code     8  __main.o(!!!main)
    __scatterload                            0x000000c9   Thumb Code     0  __scatter.o(!!!scatter)
    __scatterload_rt2                        0x000000c9   Thumb Code    74  __scatter.o(!!!scatter)
    __scatterload_rt2_thumb_only             0x000000c9   Thumb Code     0  __scatter.o(!!!scatter)
    __scatterload_loop                       0x000000d3   Thumb Code     0  __scatter.o(!!!scatter)
    __scatterload_null                       0x0000011d   Thumb Code     2  __scatter.o(!!handler_null)
    __scatterload_zeroinit                   0x00000121   Thumb Code    28  __scatter_zi.o(!!handler_zi)
    __rt_lib_init                            0x0000013d   Thumb Code     0  libinit.o(.ARM.Collect$$libinit$$00000000)
    __rt_lib_init_alloca_1                   0x0000013f   Thumb Code     0  libinit2.o(.ARM.Collect$$libinit$$00000030)
    __rt_lib_init_argv_1                     0x0000013f   Thumb Code     0  libinit2.o(.ARM.Collect$$libinit$$0000002E)
    __rt_lib_init_atexit_1                   0x0000013f   Thumb Code     0  libinit2.o(.ARM.Collect$$libinit$$0000001D)
    __rt_lib_init_clock_1                    0x0000013f   Thumb Code     0  libinit2.o(.ARM.Collect$$libinit$$00000023)
    __rt_lib_init_cpp_1                      0x0000013f   Thumb Code     0  libinit2.o(.ARM.Collect$$libinit$$00000034)
    __rt_lib_init_exceptions_1               0x0000013f   Thumb Code     0  libinit2.o(.ARM.Collect$$libinit$$00000032)
    __rt_lib_init_fp_1                       0x0000013f   Thumb Code     0  libinit2.o(.ARM.Collect$$libinit$$00000002)
    __rt_lib_init_fp_trap_1                  0x0000013f   Thumb Code     0  libinit2.o(.ARM.Collect$$libinit$$00000021)
    __rt_lib_init_getenv_1                   0x0000013f   Thumb Code     0  libinit2.o(.ARM.Collect$$libinit$$00000025)
    __rt_lib_init_heap_1                     0x0000013f   Thumb Code     0  libinit2.o(.ARM.Collect$$libinit$$0000000C)
    __rt_lib_init_lc_collate_1               0x0000013f   Thumb Code     0  libinit2.o(.ARM.Collect$$libinit$$00000013)
    __rt_lib_init_lc_ctype_1                 0x0000013f   Thumb Code     0  libinit2.o(.ARM.Collect$$libinit$$00000015)
    __rt_lib_init_lc_monetary_1              0x0000013f   Thumb Code     0  libinit2.o(.ARM.Collect$$libinit$$00000017)
    __rt_lib_init_lc_numeric_1               0x0000013f   Thumb Code     0  libinit2.o(.ARM.Collect$$libinit$$00000019)
    __rt_lib_init_lc_time_1                  0x0000013f   Thumb Code     0  libinit2.o(.ARM.Collect$$libinit$$0000001B)
    __rt_lib_init_preinit_1                  0x0000013f   Thumb Code     0  libinit2.o(.ARM.Collect$$libinit$$00000006)
    __rt_lib_init_rand_1                     0x0000013f   Thumb Code     0  libinit2.o(.ARM.Collect$$libinit$$00000010)
    __rt_lib_init_relocate_pie_1             0x0000013f   Thumb Code     0  libinit2.o(.ARM.Collect$$libinit$$00000004)
    __rt_lib_init_return                     0x0000013f   Thumb Code     0  libinit2.o(.ARM.Collect$$libinit$$00000035)
    __rt_lib_init_signal_1                   0x0000013f   Thumb Code     0  libinit2.o(.ARM.Collect$$libinit$$0000001F)
    __rt_lib_init_stdio_1                    0x0000013f   Thumb Code     0  libinit2.o(.ARM.Collect$$libinit$$00000027)
    __rt_lib_init_user_alloc_1               0x0000013f   Thumb Code     0  libinit2.o(.ARM.Collect$$libinit$$0000000E)
    __rt_lib_shutdown                        0x00000141   Thumb Code     0  libshutdown.o(.ARM.Collect$$libshutdown$$00000000)
    __rt_lib_shutdown_cpp_1                  0x00000143   Thumb Code     0  libshutdown2.o(.ARM.Collect$$libshutdown$$00000002)
    __rt_lib_shutdown_fp_trap_1              0x00000143   Thumb Code     0  libshutdown2.o(.ARM.Collect$$libshutdown$$00000007)
    __rt_lib_shutdown_heap_1                 0x00000143   Thumb Code     0  libshutdown2.o(.ARM.Collect$$libshutdown$$0000000F)
    __rt_lib_shutdown_return                 0x00000143   Thumb Code     0  libshutdown2.o(.ARM.Collect$$libshutdown$$00000010)
    __rt_lib_shutdown_signal_1               0x00000143   Thumb Code     0  libshutdown2.o(.ARM.Collect$$libshutdown$$0000000A)
    __rt_lib_shutdown_stdio_1                0x00000143   Thumb Code     0  libshutdown2.o(.ARM.Collect$$libshutdown$$00000004)
    __rt_lib_shutdown_user_alloc_1           0x00000143   Thumb Code     0  libshutdown2.o(.ARM.Collect$$libshutdown$$0000000C)
    __rt_entry                               0x00000145   Thumb Code     0  __rtentry.o(.ARM.Collect$$rtentry$$00000000)
    __rt_entry_presh_1                       0x00000145   Thumb Code     0  __rtentry2.o(.ARM.Collect$$rtentry$$00000002)
    __rt_entry_sh                            0x00000145   Thumb Code     0  __rtentry4.o(.ARM.Collect$$rtentry$$00000004)
    __rt_entry_li                            0x0000014b   Thumb Code     0  __rtentry2.o(.ARM.Collect$$rtentry$$0000000A)
    __rt_entry_postsh_1                      0x0000014b   Thumb Code     0  __rtentry2.o(.ARM.Collect$$rtentry$$00000009)
    __rt_entry_main                          0x0000014f   Thumb Code     0  __rtentry2.o(.ARM.Collect$$rtentry$$0000000D)
    __rt_entry_postli_1                      0x0000014f   Thumb Code     0  __rtentry2.o(.ARM.Collect$$rtentry$$0000000C)
    __rt_exit                                0x00000157   Thumb Code     0  rtexit.o(.ARM.Collect$$rtexit$$00000000)
    __rt_exit_ls                             0x00000159   Thumb Code     0  rtexit2.o(.ARM.Collect$$rtexit$$00000003)
    __rt_exit_prels_1                        0x00000159   Thumb Code     0  rtexit2.o(.ARM.Collect$$rtexit$$00000002)
    __rt_exit_exit                           0x0000015d   Thumb Code     0  rtexit2.o(.ARM.Collect$$rtexit$$00000004)
    Reset_Handler                            0x00000165   Thumb Code    14  startup_lks32mc07x.o(.text)
    NMI_Handler                              0x00000173   Thumb Code     2  startup_lks32mc07x.o(.text)
    HardFault_Handler                        0x00000175   Thumb Code     2  startup_lks32mc07x.o(.text)
    SVC_Handler                              0x00000177   Thumb Code     2  startup_lks32mc07x.o(.text)
    PendSV_Handler                           0x00000179   Thumb Code     2  startup_lks32mc07x.o(.text)
    ADC1_IRQHandler                          0x0000017d   Thumb Code     0  startup_lks32mc07x.o(.text)
    CAN0_IRQHandler                          0x0000017d   Thumb Code     0  startup_lks32mc07x.o(.text)
    CL0_IRQHandler                           0x0000017d   Thumb Code     0  startup_lks32mc07x.o(.text)
    CMP_IRQHandler                           0x0000017d   Thumb Code     0  startup_lks32mc07x.o(.text)
    DMA0_IRQHandler                          0x0000017d   Thumb Code     0  startup_lks32mc07x.o(.text)
    DSP0_IRQHandler                          0x0000017d   Thumb Code     0  startup_lks32mc07x.o(.text)
    HALL0_IRQHandler                         0x0000017d   Thumb Code     0  startup_lks32mc07x.o(.text)
    I2C0_IRQHandler                          0x0000017d   Thumb Code     0  startup_lks32mc07x.o(.text)
    MCPWM0_IRQHandler                        0x0000017d   Thumb Code     0  startup_lks32mc07x.o(.text)
    MCPWM1_IRQHandler                        0x0000017d   Thumb Code     0  startup_lks32mc07x.o(.text)
    PWRDN_IRQHandler                         0x0000017d   Thumb Code     0  startup_lks32mc07x.o(.text)
    QEP0_IRQHandler                          0x0000017d   Thumb Code     0  startup_lks32mc07x.o(.text)
    QEP1_IRQHandler                          0x0000017d   Thumb Code     0  startup_lks32mc07x.o(.text)
    SIF0_IRQHandler                          0x0000017d   Thumb Code     0  startup_lks32mc07x.o(.text)
    SPI0_IRQHandler                          0x0000017d   Thumb Code     0  startup_lks32mc07x.o(.text)
    SW_IRQHandler                            0x0000017d   Thumb Code     0  startup_lks32mc07x.o(.text)
    TIMER0_IRQHandler                        0x0000017d   Thumb Code     0  startup_lks32mc07x.o(.text)
    TIMER1_IRQHandler                        0x0000017d   Thumb Code     0  startup_lks32mc07x.o(.text)
    TIMER2_IRQHandler                        0x0000017d   Thumb Code     0  startup_lks32mc07x.o(.text)
    TIMER3_IRQHandler                        0x0000017d   Thumb Code     0  startup_lks32mc07x.o(.text)
    UART0_IRQHandler                         0x0000017d   Thumb Code     0  startup_lks32mc07x.o(.text)
    UART1_IRQHandler                         0x0000017d   Thumb Code     0  startup_lks32mc07x.o(.text)
    WAKE_IRQHandler                          0x0000017d   Thumb Code     0  startup_lks32mc07x.o(.text)
    __user_initial_stackheap                 0x00000181   Thumb Code     0  startup_lks32mc07x.o(.text)
    _memset_w                                0x000001a9   Thumb Code    26  rt_memclr.o(.text)
    _memset                                  0x000001c3   Thumb Code    30  rt_memclr.o(.text)
    __aeabi_memclr                           0x000001e1   Thumb Code     4  rt_memclr.o(.text)
    __rt_memclr                              0x000001e1   Thumb Code     0  rt_memclr.o(.text)
    __aeabi_memclr4                          0x000001e5   Thumb Code     0  rt_memclr.o(.text)
    __aeabi_memclr8                          0x000001e5   Thumb Code     0  rt_memclr.o(.text)
    __rt_memclr_w                            0x000001e5   Thumb Code     4  rt_memclr.o(.text)
    __use_two_region_memory                  0x000001e9   Thumb Code     2  heapauxi.o(.text)
    __rt_heap_escrow$2region                 0x000001eb   Thumb Code     2  heapauxi.o(.text)
    __rt_heap_expand$2region                 0x000001ed   Thumb Code     2  heapauxi.o(.text)
    __adddf3                                 0x000004e9   Thumb Code     0  daddsub.o(.text)
    __aeabi_dadd                             0x000004e9   Thumb Code     0  daddsub.o(.text)
    _dadd                                    0x000004e9   Thumb Code    26  daddsub.o(.text)
    __aeabi_dsub                             0x00000503   Thumb Code     0  daddsub.o(.text)
    __subdf3                                 0x00000503   Thumb Code     0  daddsub.o(.text)
    _dsub                                    0x00000503   Thumb Code    22  daddsub.o(.text)
    __aeabi_drsub                            0x00000519   Thumb Code     0  daddsub.o(.text)
    _drsb                                    0x00000519   Thumb Code    28  daddsub.o(.text)
    __aeabi_d2iz                             0x00000549   Thumb Code     0  dfixi.o(.text)
    _dfix                                    0x00000549   Thumb Code    98  dfixi.o(.text)
    __aeabi_fdiv                             0x000005b5   Thumb Code     0  fdiv.o(.text)
    __divsf3                                 0x000005b5   Thumb Code     0  fdiv.o(.text)
    _fdiv                                    0x000005b5   Thumb Code   334  fdiv.o(.text)
    _frdiv                                   0x00000703   Thumb Code     8  fdiv.o(.text)
    __aeabi_f2iz                             0x00000715   Thumb Code     0  ffixi.o(.text)
    _ffix                                    0x00000715   Thumb Code    76  ffixi.o(.text)
    __read_errno                             0x00000761   Thumb Code    10  _rserrno.o(.text)
    __set_errno                              0x0000076b   Thumb Code    12  _rserrno.o(.text)
    __ARM_scalbn                             0x00000779   Thumb Code    84  dscalbn.o(.text)
    __ARM_scalbnf                            0x000007d9   Thumb Code    64  fscalbn.o(.text)
    __aeabi_errno_addr                       0x0000081d   Thumb Code     8  rt_errno_addr_intlibspace.o(.text)
    __errno$intlibspace                      0x0000081d   Thumb Code     0  rt_errno_addr_intlibspace.o(.text)
    __rt_errno_addr$intlibspace              0x0000081d   Thumb Code     0  rt_errno_addr_intlibspace.o(.text)
    __fpl_dcmp_InfNaN                        0x00000825   Thumb Code   154  dcmpin.o(.text)
    __fpl_fcmp_InfNaN                        0x000008c5   Thumb Code    96  fcmpin.o(.text)
    __user_libspace                          0x00000929   Thumb Code     8  libspace.o(.text)
    __user_perproc_libspace                  0x00000929   Thumb Code     0  libspace.o(.text)
    __user_perthread_libspace                0x00000929   Thumb Code     0  libspace.o(.text)
    __user_setup_stackheap                   0x00000931   Thumb Code    62  sys_stackheap_outer.o(.text)
    exit                                     0x0000096f   Thumb Code    16  exit.o(.text)
    __fpl_cmpreturn                          0x0000097f   Thumb Code    46  cmpret.o(.text)
    __fpl_dcheck_NaN2                        0x000009ad   Thumb Code    14  dnan2.o(.text)
    __fpl_fcheck_NaN2                        0x000009c1   Thumb Code    10  fnan2.o(.text)
    __fpl_return_NaN                         0x000009d1   Thumb Code    94  retnan.o(.text)
    _sys_exit                                0x00000a31   Thumb Code     8  sys_exit.o(.text)
    __I$use$semihosting                      0x00000a3d   Thumb Code     0  use_no_semi.o(.text)
    __use_no_semihosting_swi                 0x00000a3d   Thumb Code     2  use_no_semi.o(.text)
    __semihosting_library_function           0x00000a3f   Thumb Code     0  indicate_semi.o(.text)
    ADC0_IRQHandler                          0x00000a41   Thumb Code   476  main.o(.text.ADC0_IRQHandler)
    ADC_CHN_GAIN_CFG                         0x00000c59   Thumb Code    44  lks32mc07x_adc.o(.text.ADC_CHN_GAIN_CFG)
    ADC_ClearIRQFlag                         0x00000c85   Thumb Code     6  lks32mc07x_adc.o(.text.ADC_ClearIRQFlag)
    ADC_GetConversionValue                   0x00000c8d   Thumb Code   154  lks32mc07x_adc.o(.text.ADC_GetConversionValue)
    ADC_GetIRQFlag                           0x00000d27   Thumb Code    22  lks32mc07x_adc.o(.text.ADC_GetIRQFlag)
    ADC_Init                                 0x00000d3d   Thumb Code   180  lks32mc07x_adc.o(.text.ADC_Init)
    ADC_StructInit                           0x00000df9   Thumb Code    24  lks32mc07x_adc.o(.text.ADC_StructInit)
    Clock_Init                               0x00000e11   Thumb Code    44  system.o(.text.Clock_Init)
    Dshot_Check                              0x00000e3d   Thumb Code   100  dshot.o(.text.Dshot_Check)
    EXTI_ClearIRQFlag                        0x00000ea5   Thumb Code   148  lks32mc07x_exti.o(.text.EXTI_ClearIRQFlag)
    EXTI_GetIRQFlag                          0x00000f8d   Thumb Code   232  lks32mc07x_exti.o(.text.EXTI_GetIRQFlag)
    EXTI_Trigger_Config                      0x00001079   Thumb Code   356  lks32mc07x_exti.o(.text.EXTI_Trigger_Config)
    FOC_PointModel_initialize                0x00001201   Thumb Code  1304  foc_pointmodel.o(.text.FOC_PointModel_initialize)
    FOC_PointModel_step                      0x00001771   Thumb Code  3020  foc_pointmodel.o(.text.FOC_PointModel_step)
    GPIO_IRQHandler                          0x00002361   Thumb Code    64  main.o(.text.GPIO_IRQHandler)
    GPIO_Init                                0x000023a9   Thumb Code   142  lks32mc07x_gpio.o(.text.GPIO_Init)
    GPIO_PinAFConfig                         0x00002439   Thumb Code   244  lks32mc07x_gpio.o(.text.GPIO_PinAFConfig)
    GPIO_ResetBits                           0x00002539   Thumb Code     4  lks32mc07x_gpio.o(.text.GPIO_ResetBits)
    GPIO_SetBits                             0x0000253d   Thumb Code     4  lks32mc07x_gpio.o(.text.GPIO_SetBits)
    GPIO_StructInit                          0x00002541   Thumb Code    14  lks32mc07x_gpio.o(.text.GPIO_StructInit)
    GPIO_WriteBit                            0x0000254f   Thumb Code    24  lks32mc07x_gpio.o(.text.GPIO_WriteBit)
    HAL_ADC_Init                             0x00002569   Thumb Code   148  adc.o(.text.HAL_ADC_Init)
    HAL_GPIO_Init                            0x00002605   Thumb Code    96  gpio.o(.text.HAL_GPIO_Init)
    HAL_MCPWM_Init                           0x00002669   Thumb Code   256  mcpwm.o(.text.HAL_MCPWM_Init)
    HAL_OPA_Init                             0x0000277d   Thumb Code    72  opa.o(.text.HAL_OPA_Init)
    IWDG_DISABLE                             0x000027c5   Thumb Code    12  lks32mc07x_sys.o(.text.IWDG_DISABLE)
    MCPWM_Init                               0x000027d5   Thumb Code  1192  lks32mc07x_mcpwm.o(.text.MCPWM_Init)
    MCPWM_StructInit                         0x00002c8d   Thumb Code    10  lks32mc07x_mcpwm.o(.text.MCPWM_StructInit)
    OPA_Init                                 0x00002c99   Thumb Code   196  lks32mc07x_opa.o(.text.OPA_Init)
    OPA_StructInit                           0x00002d65   Thumb Code    12  lks32mc07x_opa.o(.text.OPA_StructInit)
    PWMOutputs                               0x00002d71   Thumb Code    52  lks32mc07x_mcpwm.o(.text.PWMOutputs)
    Read_Flash_Data                          0x00002dad   Thumb Code    16  dshot.o(.text.Read_Flash_Data)
    Read_More_Flash                          0x00002dbd   Thumb Code   168  lks32mc07x_flash.o(.text.Read_More_Flash)
    Read_NVR                                 0x00002e69   Thumb Code    40  lks32mc08x_nvr.o(.text.Read_NVR)
    Read_Trim                                0x00002e91   Thumb Code    52  lks32mc08x_nvr.o(.text.Read_Trim)
    SYS_AnalogModuleClockCmd                 0x00002ecd   Thumb Code    28  lks32mc07x_sys.o(.text.SYS_AnalogModuleClockCmd)
    SYS_Init                                 0x00002ee9   Thumb Code    72  lks32mc07x_sys.o(.text.SYS_Init)
    SYS_ModuleClockCmd                       0x00002f41   Thumb Code    36  lks32mc07x_sys.o(.text.SYS_ModuleClockCmd)
    SYS_StructInit                           0x00002f6d   Thumb Code    22  lks32mc07x_sys.o(.text.SYS_StructInit)
    Self_Check                               0x00002f85   Thumb Code   728  mcpwm.o(.text.Self_Check)
    SoftDelay                                0x00003271   Thumb Code    72  system.o(.text.SoftDelay)
    SysTick_Handler                          0x000032b9   Thumb Code    32  main.o(.text.SysTick_Handler)
    SystemInit                               0x000032d9   Thumb Code    92  system.o(.text.SystemInit)
    delay_ms                                 0x0000333d   Thumb Code    76  system.o(.text.delay_ms)
    main                                     0x00003395   Thumb Code   384  main.o(.text.main)
    __mathlib_dbl_overflow                   0x00003549   Thumb Code    16  dunder.o(i.__mathlib_dbl_overflow)
    __mathlib_dbl_underflow                  0x0000355d   Thumb Code    14  dunder.o(i.__mathlib_dbl_underflow)
    __mathlib_flt_overflow                   0x00003571   Thumb Code    14  funder.o(i.__mathlib_flt_overflow)
    __mathlib_flt_underflow                  0x0000357f   Thumb Code    14  funder.o(i.__mathlib_flt_underflow)
    __aeabi_dcmpge                           0x0000358d   Thumb Code     0  dcmp.o(i._dgeq)
    _dgeq                                    0x0000358d   Thumb Code    22  dcmp.o(i._dgeq)
    __aeabi_dcmplt                           0x000035a3   Thumb Code     0  dcmp.o(i._dls)
    _dls                                     0x000035a3   Thumb Code    22  dcmp.o(i._dls)
    __aeabi_fcmpge                           0x000035b9   Thumb Code     0  fcmp.o(i._fgeq)
    _fgeq                                    0x000035b9   Thumb Code    22  fcmp.o(i._fgeq)
    __aeabi_fcmplt                           0x000035cf   Thumb Code     0  fcmp.o(i._fls)
    _fls                                     0x000035cf   Thumb Code    22  fcmp.o(i._fls)
    ceil                                     0x000035e5   Thumb Code   180  ceil.o(i.ceil)
    __mathlib_ceilf                          0x000036ad   Thumb Code     0  ceilf.o(i.ceilf)
    ceilf                                    0x000036ad   Thumb Code    96  ceilf.o(i.ceilf)
    floor                                    0x00003715   Thumb Code   180  floor.o(i.floor)
    floorf                                   0x000037dd   Thumb Code    98  floorf.o(i.floorf)
    ldexp                                    0x0000384d   Thumb Code   112  ldexp.o(i.ldexp)
    ldexpf                                   0x000038bd   Thumb Code    86  ldexpf.o(i.ldexpf)
    __aeabi_cdcmpeq                          0x00003915   Thumb Code     0  deqf.o(x$fpl$deqf)
    _dcmpeq                                  0x00003915   Thumb Code    94  deqf.o(x$fpl$deqf)
    _dcmpge                                  0x00003979   Thumb Code    94  dgef.o(x$fpl$dgeqf)
    __aeabi_cdcmple                          0x000039dd   Thumb Code     0  dlef.o(x$fpl$dleqf)
    _dcmple                                  0x000039dd   Thumb Code    94  dlef.o(x$fpl$dleqf)
    __aeabi_cdrcmple                         0x00003a41   Thumb Code     0  drlef.o(x$fpl$drleqf)
    _drcmple                                 0x00003a41   Thumb Code   100  drlef.o(x$fpl$drleqf)
    __aeabi_fadd                             0x00003aa9   Thumb Code     0  faddsub.o(x$fpl$fadd)
    _fadd                                    0x00003aa9   Thumb Code   134  faddsub.o(x$fpl$fadd)
    _fcmpge                                  0x00003b35   Thumb Code    78  fgef.o(x$fpl$fgeqf)
    __aeabi_cfcmple                          0x00003b89   Thumb Code     0  flef.o(x$fpl$fleqf)
    _fcmple                                  0x00003b89   Thumb Code    78  flef.o(x$fpl$fleqf)
    __aeabi_fmul                             0x00003bdd   Thumb Code     0  fmul.o(x$fpl$fmul)
    _fmul                                    0x00003bdd   Thumb Code   172  fmul.o(x$fpl$fmul)
    __aeabi_fsub                             0x00003c8d   Thumb Code     0  faddsub.o(x$fpl$fsub)
    _fsub                                    0x00003c8d   Thumb Code   204  faddsub.o(x$fpl$fsub)
    __I$use$fp                               0x00003d5c   Number         0  usenofp.o(x$fpl$usenofp)
    rtConstP                                 0x00003d9c   Data        1536  foc_pointmodel_data.o(.rodata.rtConstP)
    Region$$Table$$Base                      0x0000439c   Number         0  anon$$obj.o(Region$$Table)
    Region$$Table$$Limit                     0x000043ac   Number         0  anon$$obj.o(Region$$Table)
    __libspace_start                         0x20000000   Data          96  libspace.o(.bss)
    Led_State                                0x20000060   Data           1  main.o(.bss..L_MergedGlobals)
    __temporary_stack_top$libspace           0x20000060   Data           0  libspace.o(.bss)
    Motor_State                              0x20000061   Data           1  main.o(.bss..L_MergedGlobals)
    Slow_State                               0x20000062   Data           1  main.o(.bss..L_MergedGlobals)
    zero_cnt                                 0x20000064   Data           2  main.o(.bss..L_MergedGlobals)
    tcmpU                                    0x20000066   Data           2  main.o(.bss..L_MergedGlobals)
    tcmpV                                    0x20000068   Data           2  main.o(.bss..L_MergedGlobals)
    tcmpW                                    0x2000006a   Data           2  main.o(.bss..L_MergedGlobals)
    iuzero                                   0x2000006c   Data           4  main.o(.bss..L_MergedGlobals)
    iwzero                                   0x20000070   Data           4  main.o(.bss..L_MergedGlobals)
    vdczero                                  0x20000074   Data           4  main.o(.bss..L_MergedGlobals)
    vdc                                      0x20000078   Data           4  main.o(.bss..L_MergedGlobals)
    iu                                       0x2000007c   Data           4  main.o(.bss..L_MergedGlobals)
    iw                                       0x20000080   Data           4  main.o(.bss..L_MergedGlobals)
    iv                                       0x20000084   Data           4  main.o(.bss..L_MergedGlobals)
    time                                     0x20000088   Data           4  main.o(.bss..L_MergedGlobals)
    tmp                                      0x2000008c   Data           4  main.o(.bss..L_MergedGlobals)
    check_data                               0x20000090   Data          12  main.o(.bss..L_MergedGlobals)
    rtY                                      0x200000a0   Data          16  foc_pointmodel.o(.bss..L_MergedGlobals)
    rtU                                      0x200000b0   Data          32  foc_pointmodel.o(.bss..L_MergedGlobals)
    Dshot_Handle                             0x200000d0   Data          24  dshot.o(.bss.Dshot_Handle)
    maxmagflg                                0x200000e8   Data           1  lks32mc07x_opa.o(.bss.maxmagflg)
    rtDW                                     0x200000ec   Data         236  foc_pointmodel.o(.bss.rtDW)



==============================================================================

Memory Map of the image

  Image Entry point : 0x000000c1

  Load Region LR_IROM1 (Base: 0x00000000, Size: 0x000043ac, Max: 0x00020000, ABSOLUTE)

    Execution Region ER_IROM1 (Exec base: 0x00000000, Load base: 0x00000000, Size: 0x000043ac, Max: 0x00020000, ABSOLUTE)

    Exec Addr    Load Addr    Size         Type   Attr      Idx    E Section Name        Object

    0x00000000   0x00000000   0x000000c0   Data   RO          686    RESET               startup_lks32mc07x.o
    0x000000c0   0x000000c0   0x00000008   Code   RO          842  * !!!main             c_p.l(__main.o)
    0x000000c8   0x000000c8   0x00000054   Code   RO         1183    !!!scatter          c_p.l(__scatter.o)
    0x0000011c   0x0000011c   0x00000002   Code   RO         1184    !!handler_null      c_p.l(__scatter.o)
    0x0000011e   0x0000011e   0x00000002   PAD
    0x00000120   0x00000120   0x0000001c   Code   RO         1187    !!handler_zi        c_p.l(__scatter_zi.o)
    0x0000013c   0x0000013c   0x00000002   Code   RO         1039    .ARM.Collect$$libinit$$00000000  c_p.l(libinit.o)
    0x0000013e   0x0000013e   0x00000000   Code   RO         1056    .ARM.Collect$$libinit$$00000002  c_p.l(libinit2.o)
    0x0000013e   0x0000013e   0x00000000   Code   RO         1058    .ARM.Collect$$libinit$$00000004  c_p.l(libinit2.o)
    0x0000013e   0x0000013e   0x00000000   Code   RO         1060    .ARM.Collect$$libinit$$00000006  c_p.l(libinit2.o)
    0x0000013e   0x0000013e   0x00000000   Code   RO         1063    .ARM.Collect$$libinit$$0000000C  c_p.l(libinit2.o)
    0x0000013e   0x0000013e   0x00000000   Code   RO         1065    .ARM.Collect$$libinit$$0000000E  c_p.l(libinit2.o)
    0x0000013e   0x0000013e   0x00000000   Code   RO         1067    .ARM.Collect$$libinit$$00000010  c_p.l(libinit2.o)
    0x0000013e   0x0000013e   0x00000000   Code   RO         1070    .ARM.Collect$$libinit$$00000013  c_p.l(libinit2.o)
    0x0000013e   0x0000013e   0x00000000   Code   RO         1072    .ARM.Collect$$libinit$$00000015  c_p.l(libinit2.o)
    0x0000013e   0x0000013e   0x00000000   Code   RO         1074    .ARM.Collect$$libinit$$00000017  c_p.l(libinit2.o)
    0x0000013e   0x0000013e   0x00000000   Code   RO         1076    .ARM.Collect$$libinit$$00000019  c_p.l(libinit2.o)
    0x0000013e   0x0000013e   0x00000000   Code   RO         1078    .ARM.Collect$$libinit$$0000001B  c_p.l(libinit2.o)
    0x0000013e   0x0000013e   0x00000000   Code   RO         1080    .ARM.Collect$$libinit$$0000001D  c_p.l(libinit2.o)
    0x0000013e   0x0000013e   0x00000000   Code   RO         1082    .ARM.Collect$$libinit$$0000001F  c_p.l(libinit2.o)
    0x0000013e   0x0000013e   0x00000000   Code   RO         1084    .ARM.Collect$$libinit$$00000021  c_p.l(libinit2.o)
    0x0000013e   0x0000013e   0x00000000   Code   RO         1086    .ARM.Collect$$libinit$$00000023  c_p.l(libinit2.o)
    0x0000013e   0x0000013e   0x00000000   Code   RO         1088    .ARM.Collect$$libinit$$00000025  c_p.l(libinit2.o)
    0x0000013e   0x0000013e   0x00000000   Code   RO         1090    .ARM.Collect$$libinit$$00000027  c_p.l(libinit2.o)
    0x0000013e   0x0000013e   0x00000000   Code   RO         1094    .ARM.Collect$$libinit$$0000002E  c_p.l(libinit2.o)
    0x0000013e   0x0000013e   0x00000000   Code   RO         1096    .ARM.Collect$$libinit$$00000030  c_p.l(libinit2.o)
    0x0000013e   0x0000013e   0x00000000   Code   RO         1098    .ARM.Collect$$libinit$$00000032  c_p.l(libinit2.o)
    0x0000013e   0x0000013e   0x00000000   Code   RO         1100    .ARM.Collect$$libinit$$00000034  c_p.l(libinit2.o)
    0x0000013e   0x0000013e   0x00000002   Code   RO         1101    .ARM.Collect$$libinit$$00000035  c_p.l(libinit2.o)
    0x00000140   0x00000140   0x00000002   Code   RO         1138    .ARM.Collect$$libshutdown$$00000000  c_p.l(libshutdown.o)
    0x00000142   0x00000142   0x00000000   Code   RO         1166    .ARM.Collect$$libshutdown$$00000002  c_p.l(libshutdown2.o)
    0x00000142   0x00000142   0x00000000   Code   RO         1168    .ARM.Collect$$libshutdown$$00000004  c_p.l(libshutdown2.o)
    0x00000142   0x00000142   0x00000000   Code   RO         1171    .ARM.Collect$$libshutdown$$00000007  c_p.l(libshutdown2.o)
    0x00000142   0x00000142   0x00000000   Code   RO         1174    .ARM.Collect$$libshutdown$$0000000A  c_p.l(libshutdown2.o)
    0x00000142   0x00000142   0x00000000   Code   RO         1176    .ARM.Collect$$libshutdown$$0000000C  c_p.l(libshutdown2.o)
    0x00000142   0x00000142   0x00000000   Code   RO         1179    .ARM.Collect$$libshutdown$$0000000F  c_p.l(libshutdown2.o)
    0x00000142   0x00000142   0x00000002   Code   RO         1180    .ARM.Collect$$libshutdown$$00000010  c_p.l(libshutdown2.o)
    0x00000144   0x00000144   0x00000000   Code   RO          937    .ARM.Collect$$rtentry$$00000000  c_p.l(__rtentry.o)
    0x00000144   0x00000144   0x00000000   Code   RO          992    .ARM.Collect$$rtentry$$00000002  c_p.l(__rtentry2.o)
    0x00000144   0x00000144   0x00000006   Code   RO         1004    .ARM.Collect$$rtentry$$00000004  c_p.l(__rtentry4.o)
    0x0000014a   0x0000014a   0x00000000   Code   RO          994    .ARM.Collect$$rtentry$$00000009  c_p.l(__rtentry2.o)
    0x0000014a   0x0000014a   0x00000004   Code   RO          995    .ARM.Collect$$rtentry$$0000000A  c_p.l(__rtentry2.o)
    0x0000014e   0x0000014e   0x00000000   Code   RO          997    .ARM.Collect$$rtentry$$0000000C  c_p.l(__rtentry2.o)
    0x0000014e   0x0000014e   0x00000008   Code   RO          998    .ARM.Collect$$rtentry$$0000000D  c_p.l(__rtentry2.o)
    0x00000156   0x00000156   0x00000002   Code   RO         1047    .ARM.Collect$$rtexit$$00000000  c_p.l(rtexit.o)
    0x00000158   0x00000158   0x00000000   Code   RO         1109    .ARM.Collect$$rtexit$$00000002  c_p.l(rtexit2.o)
    0x00000158   0x00000158   0x00000004   Code   RO         1110    .ARM.Collect$$rtexit$$00000003  c_p.l(rtexit2.o)
    0x0000015c   0x0000015c   0x00000006   Code   RO         1111    .ARM.Collect$$rtexit$$00000004  c_p.l(rtexit2.o)
    0x00000162   0x00000162   0x00000002   PAD
    0x00000164   0x00000164   0x00000044   Code   RO          687    .text               startup_lks32mc07x.o
    0x000001a8   0x000001a8   0x00000040   Code   RO          830    .text               c_p.l(rt_memclr.o)
    0x000001e8   0x000001e8   0x00000006   Code   RO          840    .text               c_p.l(heapauxi.o)
    0x000001ee   0x000001ee   0x00000002   PAD
    0x000001f0   0x000001f0   0x00000358   Code   RO          846    .text               fz_ps.l(daddsub.o)
    0x00000548   0x00000548   0x0000006c   Code   RO          872    .text               fz_ps.l(dfixi.o)
    0x000005b4   0x000005b4   0x00000160   Code   RO          904    .text               fz_ps.l(fdiv.o)
    0x00000714   0x00000714   0x0000004c   Code   RO          907    .text               fz_ps.l(ffixi.o)
    0x00000760   0x00000760   0x00000016   Code   RO          942    .text               c_p.l(_rserrno.o)
    0x00000776   0x00000776   0x00000002   PAD
    0x00000778   0x00000778   0x00000060   Code   RO          952    .text               fz_ps.l(dscalbn.o)
    0x000007d8   0x000007d8   0x00000044   Code   RO          960    .text               fz_ps.l(fscalbn.o)
    0x0000081c   0x0000081c   0x00000008   Code   RO         1011    .text               c_p.l(rt_errno_addr_intlibspace.o)
    0x00000824   0x00000824   0x000000a0   Code   RO         1013    .text               fz_ps.l(dcmpin.o)
    0x000008c4   0x000008c4   0x00000064   Code   RO         1020    .text               fz_ps.l(fcmpin.o)
    0x00000928   0x00000928   0x00000008   Code   RO         1022    .text               c_p.l(libspace.o)
    0x00000930   0x00000930   0x0000003e   Code   RO         1025    .text               c_p.l(sys_stackheap_outer.o)
    0x0000096e   0x0000096e   0x00000010   Code   RO         1028    .text               c_p.l(exit.o)
    0x0000097e   0x0000097e   0x0000002e   Code   RO         1040    .text               fz_ps.l(cmpret.o)
    0x000009ac   0x000009ac   0x00000014   Code   RO         1042    .text               fz_ps.l(dnan2.o)
    0x000009c0   0x000009c0   0x00000010   Code   RO         1044    .text               fz_ps.l(fnan2.o)
    0x000009d0   0x000009d0   0x0000005e   Code   RO         1102    .text               fz_ps.l(retnan.o)
    0x00000a2e   0x00000a2e   0x00000002   PAD
    0x00000a30   0x00000a30   0x0000000c   Code   RO         1104    .text               c_p.l(sys_exit.o)
    0x00000a3c   0x00000a3c   0x00000002   Code   RO         1127    .text               c_p.l(use_no_semi.o)
    0x00000a3e   0x00000a3e   0x00000000   Code   RO         1129    .text               c_p.l(indicate_semi.o)
    0x00000a3e   0x00000a3e   0x00000002   PAD
    0x00000a40   0x00000a40   0x00000218   Code   RO            4    .text.ADC0_IRQHandler  main.o
    0x00000c58   0x00000c58   0x0000002c   Code   RO          137    .text.ADC_CHN_GAIN_CFG  lks32mc07x_adc.o
    0x00000c84   0x00000c84   0x00000006   Code   RO          133    .text.ADC_ClearIRQFlag  lks32mc07x_adc.o
    0x00000c8a   0x00000c8a   0x00000002   PAD
    0x00000c8c   0x00000c8c   0x0000009a   Code   RO          139    .text.ADC_GetConversionValue  lks32mc07x_adc.o
    0x00000d26   0x00000d26   0x00000016   Code   RO          135    .text.ADC_GetIRQFlag  lks32mc07x_adc.o
    0x00000d3c   0x00000d3c   0x000000bc   Code   RO          129    .text.ADC_Init      lks32mc07x_adc.o
    0x00000df8   0x00000df8   0x00000018   Code   RO          131    .text.ADC_StructInit  lks32mc07x_adc.o
    0x00000e10   0x00000e10   0x0000002c   Code   RO           46    .text.Clock_Init    system.o
    0x00000e3c   0x00000e3c   0x00000068   Code   RO          110    .text.Dshot_Check   dshot.o
    0x00000ea4   0x00000ea4   0x000000e8   Code   RO          313    .text.EXTI_ClearIRQFlag  lks32mc07x_exti.o
    0x00000f8c   0x00000f8c   0x000000ec   Code   RO          311    .text.EXTI_GetIRQFlag  lks32mc07x_exti.o
    0x00001078   0x00001078   0x00000188   Code   RO          309    .text.EXTI_Trigger_Config  lks32mc07x_exti.o
    0x00001200   0x00001200   0x00000570   Code   RO          698    .text.FOC_PointModel_initialize  foc_pointmodel.o
    0x00001770   0x00001770   0x00000bf0   Code   RO          696    .text.FOC_PointModel_step  foc_pointmodel.o
    0x00002360   0x00002360   0x00000048   Code   RO            8    .text.GPIO_IRQHandler  main.o
    0x000023a8   0x000023a8   0x0000008e   Code   RO          341    .text.GPIO_Init     lks32mc07x_gpio.o
    0x00002436   0x00002436   0x00000002   PAD
    0x00002438   0x00002438   0x00000100   Code   RO          361    .text.GPIO_PinAFConfig  lks32mc07x_gpio.o
    0x00002538   0x00002538   0x00000004   Code   RO          355    .text.GPIO_ResetBits  lks32mc07x_gpio.o
    0x0000253c   0x0000253c   0x00000004   Code   RO          353    .text.GPIO_SetBits  lks32mc07x_gpio.o
    0x00002540   0x00002540   0x0000000e   Code   RO          343    .text.GPIO_StructInit  lks32mc07x_gpio.o
    0x0000254e   0x0000254e   0x00000018   Code   RO          357    .text.GPIO_WriteBit  lks32mc07x_gpio.o
    0x00002566   0x00002566   0x00000002   PAD
    0x00002568   0x00002568   0x0000009c   Code   RO           76    .text.HAL_ADC_Init  adc.o
    0x00002604   0x00002604   0x00000064   Code   RO           22    .text.HAL_GPIO_Init  gpio.o
    0x00002668   0x00002668   0x00000114   Code   RO           30    .text.HAL_MCPWM_Init  mcpwm.o
    0x0000277c   0x0000277c   0x00000048   Code   RO           90    .text.HAL_OPA_Init  opa.o
    0x000027c4   0x000027c4   0x00000010   Code   RO          577    .text.IWDG_DISABLE  lks32mc07x_sys.o
    0x000027d4   0x000027d4   0x000004b8   Code   RO          435    .text.MCPWM_Init    lks32mc07x_mcpwm.o
    0x00002c8c   0x00002c8c   0x0000000a   Code   RO          433    .text.MCPWM_StructInit  lks32mc07x_mcpwm.o
    0x00002c96   0x00002c96   0x00000002   PAD
    0x00002c98   0x00002c98   0x000000cc   Code   RO          468    .text.OPA_Init      lks32mc07x_opa.o
    0x00002d64   0x00002d64   0x0000000c   Code   RO          470    .text.OPA_StructInit  lks32mc07x_opa.o
    0x00002d70   0x00002d70   0x0000003c   Code   RO          437    .text.PWMOutputs    lks32mc07x_mcpwm.o
    0x00002dac   0x00002dac   0x00000010   Code   RO          116    .text.Read_Flash_Data  dshot.o
    0x00002dbc   0x00002dbc   0x000000ac   Code   RO          329    .text.Read_More_Flash  lks32mc07x_flash.o
    0x00002e68   0x00002e68   0x00000028   Code   RO          811    .text.Read_NVR      lks32mc07x_nvr.lib(lks32mc08x_nvr.o)
    0x00002e90   0x00002e90   0x0000003c   Code   RO          813    .text.Read_Trim     lks32mc07x_nvr.lib(lks32mc08x_nvr.o)
    0x00002ecc   0x00002ecc   0x0000001c   Code   RO          557    .text.SYS_AnalogModuleClockCmd  lks32mc07x_sys.o
    0x00002ee8   0x00002ee8   0x00000058   Code   RO          549    .text.SYS_Init      lks32mc07x_sys.o
    0x00002f40   0x00002f40   0x0000002c   Code   RO          555    .text.SYS_ModuleClockCmd  lks32mc07x_sys.o
    0x00002f6c   0x00002f6c   0x00000016   Code   RO          551    .text.SYS_StructInit  lks32mc07x_sys.o
    0x00002f82   0x00002f82   0x00000002   PAD
    0x00002f84   0x00002f84   0x000002ec   Code   RO           32    .text.Self_Check    mcpwm.o
    0x00003270   0x00003270   0x00000048   Code   RO           44    .text.SoftDelay     system.o
    0x000032b8   0x000032b8   0x00000020   Code   RO            6    .text.SysTick_Handler  main.o
    0x000032d8   0x000032d8   0x00000064   Code   RO           42    .text.SystemInit    system.o
    0x0000333c   0x0000333c   0x00000058   Code   RO           52    .text.delay_ms      system.o
    0x00003394   0x00003394   0x000001b4   Code   RO            2    .text.main          main.o
    0x00003548   0x00003548   0x00000014   Code   RO          967    i.__mathlib_dbl_overflow  m_ps.l(dunder.o)
    0x0000355c   0x0000355c   0x00000014   Code   RO          969    i.__mathlib_dbl_underflow  m_ps.l(dunder.o)
    0x00003570   0x00003570   0x0000000e   Code   RO          981    i.__mathlib_flt_overflow  m_ps.l(funder.o)
    0x0000357e   0x0000357e   0x0000000e   Code   RO          983    i.__mathlib_flt_underflow  m_ps.l(funder.o)
    0x0000358c   0x0000358c   0x00000016   Code   RO          855    i._dgeq             fz_ps.l(dcmp.o)
    0x000035a2   0x000035a2   0x00000016   Code   RO          858    i._dls              fz_ps.l(dcmp.o)
    0x000035b8   0x000035b8   0x00000016   Code   RO          887    i._fgeq             fz_ps.l(fcmp.o)
    0x000035ce   0x000035ce   0x00000016   Code   RO          890    i._fls              fz_ps.l(fcmp.o)
    0x000035e4   0x000035e4   0x000000c8   Code   RO          912    i.ceil              m_ps.l(ceil.o)
    0x000036ac   0x000036ac   0x00000068   Code   RO          916    i.ceilf             m_ps.l(ceilf.o)
    0x00003714   0x00003714   0x000000c8   Code   RO          920    i.floor             m_ps.l(floor.o)
    0x000037dc   0x000037dc   0x00000070   Code   RO          924    i.floorf            m_ps.l(floorf.o)
    0x0000384c   0x0000384c   0x00000070   Code   RO          929    i.ldexp             m_ps.l(ldexp.o)
    0x000038bc   0x000038bc   0x00000056   Code   RO          934    i.ldexpf            m_ps.l(ldexpf.o)
    0x00003912   0x00003912   0x00000002   PAD
    0x00003914   0x00003914   0x00000064   Code   RO          944    x$fpl$deqf          fz_ps.l(deqf.o)
    0x00003978   0x00003978   0x00000064   Code   RO          946    x$fpl$dgeqf         fz_ps.l(dgef.o)
    0x000039dc   0x000039dc   0x00000064   Code   RO          948    x$fpl$dleqf         fz_ps.l(dlef.o)
    0x00003a40   0x00003a40   0x00000068   Code   RO          950    x$fpl$drleqf        fz_ps.l(drlef.o)
    0x00003aa8   0x00003aa8   0x0000008c   Code   RO          874    x$fpl$fadd          fz_ps.l(faddsub.o)
    0x00003b34   0x00003b34   0x00000054   Code   RO          956    x$fpl$fgeqf         fz_ps.l(fgef.o)
    0x00003b88   0x00003b88   0x00000054   Code   RO          958    x$fpl$fleqf         fz_ps.l(flef.o)
    0x00003bdc   0x00003bdc   0x000000b0   Code   RO          909    x$fpl$fmul          fz_ps.l(fmul.o)
    0x00003c8c   0x00003c8c   0x000000d0   Code   RO          876    x$fpl$fsub          fz_ps.l(faddsub.o)
    0x00003d5c   0x00003d5c   0x00000000   Code   RO          962    x$fpl$usenofp       fz_ps.l(usenofp.o)
    0x00003d5c   0x00003d5c   0x00000040   Data   RO          905    .constdata          fz_ps.l(fdiv.o)
    0x00003d9c   0x00003d9c   0x00000600   Data   RO          712    .rodata.rtConstP    foc_pointmodel_data.o
    0x0000439c   0x0000439c   0x00000010   Data   RO         1182    Region$$Table       anon$$obj.o


    Execution Region RW_IRAM1 (Exec base: 0x20000000, Load base: 0x000043ac, Size: 0x000007d8, Max: 0x00003000, ABSOLUTE)

    Exec Addr    Load Addr    Size         Type   Attr      Idx    E Section Name        Object

    0x20000000        -       0x00000060   Zero   RW         1023    .bss                c_p.l(libspace.o)
    0x20000060        -       0x0000003c   Zero   RW           13    .bss..L_MergedGlobals  main.o
    0x2000009c   0x000043ac   0x00000004   PAD
    0x200000a0        -       0x00000030   Zero   RW          703    .bss..L_MergedGlobals  foc_pointmodel.o
    0x200000d0        -       0x00000018   Zero   RW          118    .bss.Dshot_Handle   dshot.o
    0x200000e8        -       0x00000001   Zero   RW          474    .bss.maxmagflg      lks32mc07x_opa.o
    0x200000e9   0x000043ac   0x00000003   PAD
    0x200000ec        -       0x000000ec   Zero   RW          702    .bss.rtDW           foc_pointmodel.o
    0x200001d8        -       0x00000200   Zero   RW          685    HEAP                startup_lks32mc07x.o
    0x200003d8        -       0x00000400   Zero   RW          684    STACK               startup_lks32mc07x.o


==============================================================================

Image component sizes


      Code (inc. data)   RO Data    RW Data    ZI Data      Debug   Object Name

       156          8          0          0          0       3624   adc.o
       120          4          0          0         24       4723   dshot.o
      4448        258          0          0        284      14564   foc_pointmodel.o
         0          0       1536          0          0        665   foc_pointmodel_data.o
       100          4          0          0          0       1552   gpio.o
       438         24          0          0          0       5189   lks32mc07x_adc.o
       860        198          0          0          0       3260   lks32mc07x_exti.o
       172          4          0          0          0       3858   lks32mc07x_flash.o
       444         28          0          0          0       4411   lks32mc07x_gpio.o
      1278         36          0          0          0      13778   lks32mc07x_mcpwm.o
       216         12          0          0          1       2183   lks32mc07x_opa.o
       198         28          0          0          0       6065   lks32mc07x_sys.o
      1076        120          0          0         60       6309   main.o
      1024         40          0          0          0      14283   mcpwm.o
        72          0          0          0          0       1630   opa.o
        68         32        192          0       1536        708   startup_lks32mc07x.o
       304         20          0          0          0       3238   system.o

    ----------------------------------------------------------------------
     10984        816       1744          0       1912      90040   Object Totals
         0          0         16          0          0          0   (incl. Generated)
        10          0          0          0          7          0   (incl. Padding)

    ----------------------------------------------------------------------

      Code (inc. data)   RO Data    RW Data    ZI Data      Debug   Library Member Name

         8          0          0          0          0         68   __main.o
         0          0          0          0          0          0   __rtentry.o
        12          0          0          0          0          0   __rtentry2.o
         6          0          0          0          0          0   __rtentry4.o
        86         10          0          0          0          0   __scatter.o
        28          0          0          0          0          0   __scatter_zi.o
        22          0          0          0          0         92   _rserrno.o
        16          0          0          0          0         68   exit.o
         6          0          0          0          0        136   heapauxi.o
         0          0          0          0          0          0   indicate_semi.o
         2          0          0          0          0          0   libinit.o
         2          0          0          0          0          0   libinit2.o
         2          0          0          0          0          0   libshutdown.o
         2          0          0          0          0          0   libshutdown2.o
         8          4          0          0         96         68   libspace.o
         8          4          0          0          0         68   rt_errno_addr_intlibspace.o
        64          0          0          0          0        108   rt_memclr.o
         2          0          0          0          0          0   rtexit.o
        10          0          0          0          0          0   rtexit2.o
        12          4          0          0          0         60   sys_exit.o
        62          0          0          0          0         80   sys_stackheap_outer.o
         2          0          0          0          0         68   use_no_semi.o
        46          0          0          0          0         60   cmpret.o
       856         20          0          0          0        208   daddsub.o
        44          0          0          0          0        136   dcmp.o
       160          6          0          0          0         76   dcmpin.o
       100          4          0          0          0         92   deqf.o
       108         10          0          0          0         72   dfixi.o
       100          4          0          0          0         92   dgef.o
       100          4          0          0          0         92   dlef.o
        20          6          0          0          0         68   dnan2.o
       104          4          0          0          0        104   drlef.o
        96         12          0          0          0         72   dscalbn.o
       348          8          0          0          0        160   faddsub.o
        44          0          0          0          0        136   fcmp.o
       100          4          0          0          0         68   fcmpin.o
       352         10         64          0          0         92   fdiv.o
        76          0          0          0          0         68   ffixi.o
        84          4          0          0          0         76   fgef.o
        84          4          0          0          0         76   flef.o
       176          4          0          0          0         80   fmul.o
        16          6          0          0          0         68   fnan2.o
        68          4          0          0          0         68   fscalbn.o
        94          0          0          0          0         68   retnan.o
         0          0          0          0          0          0   usenofp.o
       100          8          0          0          0        992   lks32mc08x_nvr.o
       200         20          0          0          0         76   ceil.o
       104          8          0          0          0         76   ceilf.o
        40         10          0          0          0        136   dunder.o
       200         20          0          0          0         76   floor.o
       112         14          0          0          0         76   floorf.o
        28          0          0          0          0        136   funder.o
       112          0          0          0          0         72   ldexp.o
        86          0          0          0          0         68   ldexpf.o

    ----------------------------------------------------------------------
      4532        216         64          0         96       4556   Library Totals
        14          0          0          0          0          0   (incl. Padding)

    ----------------------------------------------------------------------

      Code (inc. data)   RO Data    RW Data    ZI Data      Debug   Library Name

       360         22          0          0         96        816   c_p.l
      3176        114         64          0          0       2032   fz_ps.l
       100          8          0          0          0        992   lks32mc07x_nvr.lib
       882         72          0          0          0        716   m_ps.l

    ----------------------------------------------------------------------
      4532        216         64          0         96       4556   Library Totals

    ----------------------------------------------------------------------

==============================================================================


      Code (inc. data)   RO Data    RW Data    ZI Data      Debug   

     15516       1032       1808          0       2008      92452   Grand Totals
     15516       1032       1808          0       2008      92452   ELF Image Totals
     15516       1032       1808          0          0          0   ROM Totals

==============================================================================

    Total RO  Size (Code + RO Data)                17324 (  16.92kB)
    Total RW  Size (RW Data + ZI Data)              2008 (   1.96kB)
    Total ROM Size (Code + RO Data + RW Data)      17324 (  16.92kB)

==============================================================================

