Component: Arm Compiler for Embedded 6.23 Tool: armlink [5f102400]

==============================================================================

Section Cross References

    main.o(.text.main) refers to hardware_init.o(.text.Clock_Init) for Clock_Init
    main.o(.text.main) refers to lks32mc07x_sys.o(.text.IWDG_DISABLE) for IWDG_DISABLE
    main.o(.text.main) refers to hardware_init.o(.text.Common_GPIOInit) for Common_GPIOInit
    main.o(.text.main) refers to hardware_init.o(.text.UART0_GPIOInit) for UART0_GPIOInit
    main.o(.text.main) refers to hardware_init.o(.text.UTIMER3_GPIOInit) for UTIMER3_GPIOInit
    main.o(.text.main) refers to hardware_init.o(.text.MCPWM0_GPIOInit) for MCPWM0_GPIOInit
    main.o(.text.main) refers to hardware_init.o(.text.ADC0_GPIOInit) for ADC0_GPIOInit
    main.o(.text.main) refers to hardware_init.o(.text.ADC1_GPIOInit) for ADC1_GPIOInit
    main.o(.text.main) refers to hardware_init.o(.text.OPA0_GPIOInit) for OPA0_GPIOInit
    main.o(.text.main) refers to hardware_init.o(.text.OPA2_GPIOInit) for OPA2_GPIOInit
    main.o(.text.main) refers to hardware_init.o(.text.UART0_ModuleInit) for UART0_ModuleInit
    main.o(.text.main) refers to hardware_init.o(.text.UTIMER3_ModuleInit) for UTIMER3_ModuleInit
    main.o(.text.main) refers to hardware_init.o(.text.MCPWM0_ModuleInit) for MCPWM0_ModuleInit
    main.o(.text.main) refers to hardware_init.o(.text.ADC0_ModuleInit) for ADC0_ModuleInit
    main.o(.text.main) refers to hardware_init.o(.text.ADC1_ModuleInit) for ADC1_ModuleInit
    main.o(.text.main) refers to hardware_init.o(.text.OPA0_ModuleInit) for OPA0_ModuleInit
    main.o(.text.main) refers to hardware_init.o(.text.OPA2_ModuleInit) for OPA2_ModuleInit
    main.o(.text.main) refers to delay.o(.text.delay_init) for delay_init
    main.o(.text.main) refers to delay.o(.text.delay_ms) for delay_ms
    main.o(.ARM.exidx.text.main) refers to main.o(.text.main) for [Anonymous Symbol]
    delay.o(.text.delay_init) refers to delay.o(.bss.fac_us) for [Anonymous Symbol]
    delay.o(.text.delay_init) refers to delay.o(.bss.fac_ms) for [Anonymous Symbol]
    delay.o(.ARM.exidx.text.delay_init) refers to delay.o(.text.delay_init) for [Anonymous Symbol]
    delay.o(.text.delay_us) refers to delay.o(.bss.fac_us) for [Anonymous Symbol]
    delay.o(.ARM.exidx.text.delay_us) refers to delay.o(.text.delay_us) for [Anonymous Symbol]
    delay.o(.text.delay_xms) refers to delay.o(.bss.fac_ms) for [Anonymous Symbol]
    delay.o(.ARM.exidx.text.delay_xms) refers to delay.o(.text.delay_xms) for [Anonymous Symbol]
    delay.o(.text.delay_ms) refers to delay.o(.bss.fac_us) for [Anonymous Symbol]
    delay.o(.ARM.exidx.text.delay_ms) refers to delay.o(.text.delay_ms) for [Anonymous Symbol]
    hardware_init.o(.text.Clock_Init) refers to lks32mc07x_sys.o(.text.SYS_StructInit) for SYS_StructInit
    hardware_init.o(.text.Clock_Init) refers to lks32mc07x_sys.o(.text.SYS_Init) for SYS_Init
    hardware_init.o(.ARM.exidx.text.Clock_Init) refers to hardware_init.o(.text.Clock_Init) for [Anonymous Symbol]
    hardware_init.o(.text.Common_GPIOInit) refers to lks32mc07x_gpio.o(.text.GPIO_StructInit) for GPIO_StructInit
    hardware_init.o(.text.Common_GPIOInit) refers to lks32mc07x_gpio.o(.text.GPIO_Init) for GPIO_Init
    hardware_init.o(.ARM.exidx.text.Common_GPIOInit) refers to hardware_init.o(.text.Common_GPIOInit) for [Anonymous Symbol]
    hardware_init.o(.text.UART0_GPIOInit) refers to lks32mc07x_gpio.o(.text.GPIO_StructInit) for GPIO_StructInit
    hardware_init.o(.text.UART0_GPIOInit) refers to lks32mc07x_gpio.o(.text.GPIO_Init) for GPIO_Init
    hardware_init.o(.text.UART0_GPIOInit) refers to lks32mc07x_gpio.o(.text.GPIO_PinAFConfig) for GPIO_PinAFConfig
    hardware_init.o(.ARM.exidx.text.UART0_GPIOInit) refers to hardware_init.o(.text.UART0_GPIOInit) for [Anonymous Symbol]
    hardware_init.o(.ARM.exidx.text.UTIMER3_GPIOInit) refers to hardware_init.o(.text.UTIMER3_GPIOInit) for [Anonymous Symbol]
    hardware_init.o(.text.MCPWM0_GPIOInit) refers to lks32mc07x_mcpwm.o(.text.PWMOutputs) for PWMOutputs
    hardware_init.o(.text.MCPWM0_GPIOInit) refers to lks32mc07x_gpio.o(.text.GPIO_StructInit) for GPIO_StructInit
    hardware_init.o(.text.MCPWM0_GPIOInit) refers to lks32mc07x_gpio.o(.text.GPIO_PinAFConfig) for GPIO_PinAFConfig
    hardware_init.o(.text.MCPWM0_GPIOInit) refers to lks32mc07x_gpio.o(.text.GPIO_Init) for GPIO_Init
    hardware_init.o(.ARM.exidx.text.MCPWM0_GPIOInit) refers to hardware_init.o(.text.MCPWM0_GPIOInit) for [Anonymous Symbol]
    hardware_init.o(.text.ADC0_GPIOInit) refers to lks32mc07x_adc.o(.text.ADC_ClearIRQFlag) for ADC_ClearIRQFlag
    hardware_init.o(.text.ADC0_GPIOInit) refers to lks32mc07x_adc.o(.text.ADC_CHN_GAIN_CFG) for ADC_CHN_GAIN_CFG
    hardware_init.o(.ARM.exidx.text.ADC0_GPIOInit) refers to hardware_init.o(.text.ADC0_GPIOInit) for [Anonymous Symbol]
[...]
    .ARM.Collect$$rtentry$$0000000C          0x0000016a   Section        0  __rtentry2.o(.ARM.Collect$$rtentry$$0000000C)
    .ARM.Collect$$rtentry$$0000000D          0x0000016a   Section        8  __rtentry2.o(.ARM.Collect$$rtentry$$0000000D)
    .ARM.Collect$$rtexit$$00000000           0x00000172   Section        2  rtexit.o(.ARM.Collect$$rtexit$$00000000)
    .ARM.Collect$$rtexit$$00000002           0x00000174   Section        0  rtexit2.o(.ARM.Collect$$rtexit$$00000002)
    .ARM.Collect$$rtexit$$00000003           0x00000174   Section        4  rtexit2.o(.ARM.Collect$$rtexit$$00000003)
    .ARM.Collect$$rtexit$$00000004           0x00000178   Section        6  rtexit2.o(.ARM.Collect$$rtexit$$00000004)
    .emb_text                                0x00000180   Section       56  rt_memcpy.o(.emb_text)
    .text                                    0x000001b8   Section       68  startup_lks32mc07x.o(.text)
    .text                                    0x000001fc   Section        0  rt_memclr.o(.text)
    .text                                    0x0000023c   Section        0  heapauxi.o(.text)
    _dadd1                                   0x00000245   Thumb Code   290  daddsub.o(.text)
    .text                                    0x00000244   Section        0  daddsub.o(.text)
    _dsub1                                   0x00000367   Thumb Code   470  daddsub.o(.text)
    .text                                    0x0000059c   Section        0  dfixi.o(.text)
    .text                                    0x00000608   Section        0  dmul.o(.text)
    .text                                    0x00000850   Section        0  fdiv.o(.text)
    .text                                    0x000009b0   Section        0  ffixi.o(.text)
    .text                                    0x000009fc   Section        0  fflti.o(.text)
    .text                                    0x00000a5a   Section        0  _rserrno.o(.text)
    .text                                    0x00000a70   Section        0  dscalbn.o(.text)
    .text                                    0x00000ad0   Section        0  fscalbn.o(.text)
    .text                                    0x00000b14   Section        8  rt_errno_addr_intlibspace.o(.text)
    .text                                    0x00000b1c   Section        0  dcmpin.o(.text)
    .text                                    0x00000bbc   Section        0  fcmpin.o(.text)
    .text                                    0x00000c20   Section        8  libspace.o(.text)
    .text                                    0x00000c28   Section       62  sys_stackheap_outer.o(.text)
    .text                                    0x00000c66   Section        0  exit.o(.text)
    .text                                    0x00000c76   Section        0  cmpret.o(.text)
    .text                                    0x00000ca4   Section        0  dnan2.o(.text)
    .text                                    0x00000cb8   Section        0  fnan2.o(.text)
    .text                                    0x00000cc8   Section        0  retnan.o(.text)
    .text                                    0x00000d28   Section        0  sys_exit.o(.text)
    .text                                    0x00000d34   Section        2  use_no_semi.o(.text)
    .text                                    0x00000d36   Section        0  indicate_semi.o(.text)
    [Anonymous Symbol]                       0x00000d38   Section        0  hardware_init.o(.text.ADC0_GPIOInit)
    [Anonymous Symbol]                       0x00000d6c   Section        0  interrupt.o(.text.ADC0_IRQHandler)
    __arm_cp.0_1                             0x00000f08   Number         4  interrupt.o(.text.ADC0_IRQHandler)
    __arm_cp.0_2                             0x00000f0c   Number         4  interrupt.o(.text.ADC0_IRQHandler)
    __arm_cp.0_3                             0x00000f10   Number         4  interrupt.o(.text.ADC0_IRQHandler)
    __arm_cp.0_4                             0x00000f14   Number         4  interrupt.o(.text.ADC0_IRQHandler)
    __arm_cp.0_5                             0x00000f18   Number         4  interrupt.o(.text.ADC0_IRQHandler)
    __arm_cp.0_6                             0x00000f1c   Number         4  interrupt.o(.text.ADC0_IRQHandler)
    __arm_cp.0_7                             0x00000f20   Number         4  interrupt.o(.text.ADC0_IRQHandler)
    __arm_cp.0_8                             0x00000f24   Number         4  interrupt.o(.text.ADC0_IRQHandler)
    __arm_cp.0_9                             0x00000f28   Number         4  interrupt.o(.text.ADC0_IRQHandler)
    __arm_cp.0_10                            0x00000f2c   Number         4  interrupt.o(.text.ADC0_IRQHandler)
    __arm_cp.0_11                            0x00000f30   Number         4  interrupt.o(.text.ADC0_IRQHandler)
    __arm_cp.0_12                            0x00000f34   Number         4  interrupt.o(.text.ADC0_IRQHandler)
    __arm_cp.0_13                            0x00000f38   Number         4  interrupt.o(.text.ADC0_IRQHandler)
    __arm_cp.0_14                            0x00000f3c   Number         4  interrupt.o(.text.ADC0_IRQHandler)
    __arm_cp.0_15                            0x00000f40   Number         4  interrupt.o(.text.ADC0_IRQHandler)
    __arm_cp.0_16                            0x00000f44   Number         4  interrupt.o(.text.ADC0_IRQHandler)
    __arm_cp.0_17                            0x00000f48   Number         4  interrupt.o(.text.ADC0_IRQHandler)
    __arm_cp.0_18                            0x00000f4c   Number         4  interrupt.o(.text.ADC0_IRQHandler)
    __arm_cp.0_19                            0x00000f50   Number         4  interrupt.o(.text.ADC0_IRQHandler)
    __arm_cp.0_20                            0x00000f54   Number         4  interrupt.o(.text.ADC0_IRQHandler)
    __arm_cp.0_21                            0x00000f58   Number         4  interrupt.o(.text.ADC0_IRQHandler)
    __arm_cp.0_22                            0x00000f5c   Number         4  interrupt.o(.text.ADC0_IRQHandler)
    __arm_cp.0_23                            0x00000f60   Number         4  interrupt.o(.text.ADC0_IRQHandler)
    __arm_cp.0_24                            0x00000f64   Number         4  interrupt.o(.text.ADC0_IRQHandler)
    __arm_cp.0_25                            0x00000f68   Number         4  interrupt.o(.text.ADC0_IRQHandler)
    [Anonymous Symbol]                       0x00000f6c   Section        0  hardware_init.o(.text.ADC0_ModuleInit)
    __arm_cp.12_0                            0x00000fac   Number         4  hardware_init.o(.text.ADC0_ModuleInit)
    [Anonymous Symbol]                       0x00000fb0   Section        0  hardware_init.o(.text.ADC1_GPIOInit)
    [Anonymous Symbol]                       0x00000fb4   Section        0  hardware_init.o(.text.ADC1_ModuleInit)
    __arm_cp.13_0                            0x00000fe4   Number         4  hardware_init.o(.text.ADC1_ModuleInit)
    [Anonymous Symbol]                       0x00000fe8   Section        0  lks32mc07x_adc.o(.text.ADC_CHN_GAIN_CFG)
    [Anonymous Symbol]                       0x00001014   Section        0  lks32mc07x_adc.o(.text.ADC_ClearIRQFlag)
    [Anonymous Symbol]                       0x0000101c   Section        0  lks32mc07x_adc.o(.text.ADC_GetConversionValue)
    [Anonymous Symbol]                       0x0000107e   Section        0  lks32mc07x_adc.o(.text.ADC_GetIRQFlag)
    [Anonymous Symbol]                       0x00001094   Section        0  lks32mc07x_adc.o(.text.ADC_Init)
    __arm_cp.0_0                             0x00001148   Number         4  lks32mc07x_adc.o(.text.ADC_Init)
    __arm_cp.0_1                             0x0000114c   Number         4  lks32mc07x_adc.o(.text.ADC_Init)
    [Anonymous Symbol]                       0x00001150   Section        0  lks32mc07x_adc.o(.text.ADC_StructInit)
    [Anonymous Symbol]                       0x00001168   Section        0  interrupt.o(.text.CMP_IRQHandler)
    [Anonymous Symbol]                       0x0000116a   Section        0  hardware_init.o(.text.Clock_Init)
    [Anonymous Symbol]                       0x00001198   Section        0  hardware_init.o(.text.Common_GPIOInit)
    __arm_cp.1_0                             0x000011c0   Number         4  hardware_init.o(.text.Common_GPIOInit)
    [Anonymous Symbol]                       0x000011c4   Section        0  lks32mc07x_dma.o(.text.DMA_Init)
    __arm_cp.1_0                             0x0000122c   Number         4  lks32mc07x_dma.o(.text.DMA_Init)
    __arm_cp.1_1                             0x00001230   Number         4  lks32mc07x_dma.o(.text.DMA_Init)
    [Anonymous Symbol]                       0x00001244   Section        0  lks32mc07x_dma.o(.text.DMA_StructInit)
    [Anonymous Symbol]                       0x00001254   Section        0  foc_pointmodel.o(.text.FOC_PointModel_initialize)
    __arm_cp.1_0                             0x00001568   Number         4  foc_pointmodel.o(.text.FOC_PointModel_initialize)
    __arm_cp.1_1                             0x0000156c   Number         4  foc_pointmodel.o(.text.FOC_PointModel_initialize)
    __arm_cp.1_2                             0x00001570   Number         4  foc_pointmodel.o(.text.FOC_PointModel_initialize)
    __arm_cp.1_3                             0x00001574   Number         4  foc_pointmodel.o(.text.FOC_PointModel_initialize)
    __arm_cp.1_4                             0x00001578   Number         4  foc_pointmodel.o(.text.FOC_PointModel_initialize)
    __arm_cp.1_5                             0x0000157c   Number         4  foc_pointmodel.o(.text.FOC_PointModel_initialize)
    __arm_cp.1_6                             0x00001580   Number         4  foc_pointmodel.o(.text.FOC_PointModel_initialize)
    __arm_cp.1_7                             0x00001584   Number         4  foc_pointmodel.o(.text.FOC_PointModel_initialize)
    __arm_cp.1_8                             0x00001588   Number         4  foc_pointmodel.o(.text.FOC_PointModel_initialize)
    __arm_cp.1_9                             0x0000158c   Number         4  foc_pointmodel.o(.text.FOC_PointModel_initialize)
    __arm_cp.1_10                            0x00001590   Number         4  foc_pointmodel.o(.text.FOC_PointModel_initialize)
    __arm_cp.1_11                            0x00001594   Number         4  foc_pointmodel.o(.text.FOC_PointModel_initialize)
    __arm_cp.1_12                            0x00001598   Number         4  foc_pointmodel.o(.text.FOC_PointModel_initialize)
    __arm_cp.1_13                            0x0000159c   Number         4  foc_pointmodel.o(.text.FOC_PointModel_initialize)
    __arm_cp.1_14                            0x000015a0   Number         4  foc_pointmodel.o(.text.FOC_PointModel_initialize)
    __arm_cp.1_15                            0x000015a4   Number         4  foc_pointmodel.o(.text.FOC_PointModel_initialize)
    __arm_cp.1_16                            0x000015a8   Number         4  foc_pointmodel.o(.text.FOC_PointModel_initialize)
    __arm_cp.1_17                            0x000015ac   Number         4  foc_pointmodel.o(.text.FOC_PointModel_initialize)
    __arm_cp.1_18                            0x000015b0   Number         4  foc_pointmodel.o(.text.FOC_PointModel_initialize)
    __arm_cp.1_19                            0x000015b4   Number         4  foc_pointmodel.o(.text.FOC_PointModel_initialize)
    __arm_cp.1_20                            0x000015b8   Number         4  foc_pointmodel.o(.text.FOC_PointModel_initialize)
    __arm_cp.1_21                            0x000015bc   Number         4  foc_pointmodel.o(.text.FOC_PointModel_initialize)
    __arm_cp.1_22                            0x000015c0   Number         4  foc_pointmodel.o(.text.FOC_PointModel_initialize)
    __arm_cp.1_23                            0x000015c4   Number         4  foc_pointmodel.o(.text.FOC_PointModel_initialize)
    __arm_cp.1_24                            0x000015c8   Number         4  foc_pointmodel.o(.text.FOC_PointModel_initialize)
    __arm_cp.1_25                            0x000015cc   Number         4  foc_pointmodel.o(.text.FOC_PointModel_initialize)
    __arm_cp.1_26                            0x000015d0   Number         4  foc_pointmodel.o(.text.FOC_PointModel_initialize)
    __arm_cp.1_27                            0x000015d4   Number         4  foc_pointmodel.o(.text.FOC_PointModel_initialize)
    __arm_cp.1_28                            0x000015d8   Number         4  foc_pointmodel.o(.text.FOC_PointModel_initialize)
    __arm_cp.1_30                            0x000015dc   Number         4  foc_pointmodel.o(.text.FOC_PointModel_initialize)
    __arm_cp.1_31                            0x000015e0   Number         4  foc_pointmodel.o(.text.FOC_PointModel_initialize)
    __arm_cp.1_32                            0x000015e4   Number         4  foc_pointmodel.o(.text.FOC_PointModel_initialize)
    __arm_cp.1_33                            0x000015e8   Number         4  foc_pointmodel.o(.text.FOC_PointModel_initialize)
    __arm_cp.1_34                            0x000015ec   Number         4  foc_pointmodel.o(.text.FOC_PointModel_initialize)
    __arm_cp.1_35                            0x000015f0   Number         4  foc_pointmodel.o(.text.FOC_PointModel_initialize)
    __arm_cp.1_36                            0x000015f4   Number         4  foc_pointmodel.o(.text.FOC_PointModel_initialize)
    [Anonymous Symbol]                       0x000015f8   Section        0  foc_pointmodel.o(.text.FOC_PointModel_step)
    __arm_cp.0_48                            0x00001778   Number         4  foc_pointmodel.o(.text.FOC_PointModel_step)
    __arm_cp.0_49                            0x0000177c   Number         4  foc_pointmodel.o(.text.FOC_PointModel_step)
    __arm_cp.0_50                            0x00001780   Number         4  foc_pointmodel.o(.text.FOC_PointModel_step)
    __arm_cp.0_52                            0x00001788   Number         4  foc_pointmodel.o(.text.FOC_PointModel_step)
    __arm_cp.0_53                            0x0000178c   Number         4  foc_pointmodel.o(.text.FOC_PointModel_step)
    __arm_cp.0_54                            0x00001790   Number         4  foc_pointmodel.o(.text.FOC_PointModel_step)
    __arm_cp.0_57                            0x0000179c   Number         4  foc_pointmodel.o(.text.FOC_PointModel_step)
    __arm_cp.0_58                            0x000017a0   Number         4  foc_pointmodel.o(.text.FOC_PointModel_step)
    __arm_cp.0_61                            0x000017ac   Number         4  foc_pointmodel.o(.text.FOC_PointModel_step)
    __arm_cp.0_63                            0x00001ba0   Number         4  foc_pointmodel.o(.text.FOC_PointModel_step)
    __arm_cp.0_64                            0x00001ba4   Number         4  foc_pointmodel.o(.text.FOC_PointModel_step)
    __arm_cp.0_65                            0x00001ba8   Number         4  foc_pointmodel.o(.text.FOC_PointModel_step)
    __arm_cp.0_66                            0x00001bac   Number         4  foc_pointmodel.o(.text.FOC_PointModel_step)
    __arm_cp.0_67                            0x00001bb0   Number         4  foc_pointmodel.o(.text.FOC_PointModel_step)
    __arm_cp.0_68                            0x00001bb4   Number         4  foc_pointmodel.o(.text.FOC_PointModel_step)
    __arm_cp.0_70                            0x00001bbc   Number         4  foc_pointmodel.o(.text.FOC_PointModel_step)
    __arm_cp.0_71                            0x00001bc0   Number         4  foc_pointmodel.o(.text.FOC_PointModel_step)
    __arm_cp.0_72                            0x00001bc4   Number         4  foc_pointmodel.o(.text.FOC_PointModel_step)
    __arm_cp.0_74                            0x00001bcc   Number         4  foc_pointmodel.o(.text.FOC_PointModel_step)
    __arm_cp.0_75                            0x00001bd0   Number         4  foc_pointmodel.o(.text.FOC_PointModel_step)
    __arm_cp.0_77                            0x00001bd8   Number         4  foc_pointmodel.o(.text.FOC_PointModel_step)
    __arm_cp.0_0                             0x00001d90   Number         4  foc_pointmodel.o(.text.FOC_PointModel_step)
    __arm_cp.0_3                             0x00001d94   Number         4  foc_pointmodel.o(.text.FOC_PointModel_step)
    __arm_cp.0_7                             0x00001d98   Number         4  foc_pointmodel.o(.text.FOC_PointModel_step)
    __arm_cp.0_12                            0x00001d9c   Number         4  foc_pointmodel.o(.text.FOC_PointModel_step)
    __arm_cp.0_16                            0x00001da0   Number         4  foc_pointmodel.o(.text.FOC_PointModel_step)
    __arm_cp.0_18                            0x00001da4   Number         4  foc_pointmodel.o(.text.FOC_PointModel_step)
    __arm_cp.0_22                            0x00001da8   Number         4  foc_pointmodel.o(.text.FOC_PointModel_step)
    __arm_cp.0_28                            0x00001dac   Number         4  foc_pointmodel.o(.text.FOC_PointModel_step)
    __arm_cp.0_29                            0x00001db0   Number         4  foc_pointmodel.o(.text.FOC_PointModel_step)
    __arm_cp.0_30                            0x00001db4   Number         4  foc_pointmodel.o(.text.FOC_PointModel_step)
    __arm_cp.0_31                            0x00001db8   Number         4  foc_pointmodel.o(.text.FOC_PointModel_step)
    __arm_cp.0_32                            0x00001dbc   Number         4  foc_pointmodel.o(.text.FOC_PointModel_step)
    __arm_cp.0_33                            0x00001dc0   Number         4  foc_pointmodel.o(.text.FOC_PointModel_step)
    __arm_cp.0_34                            0x00001dc4   Number         4  foc_pointmodel.o(.text.FOC_PointModel_step)
    __arm_cp.0_35                            0x00001dc8   Number         4  foc_pointmodel.o(.text.FOC_PointModel_step)
    __arm_cp.0_36                            0x00001dcc   Number         4  foc_pointmodel.o(.text.FOC_PointModel_step)
    __arm_cp.0_37                            0x00001dd0   Number         4  foc_pointmodel.o(.text.FOC_PointModel_step)
    __arm_cp.0_38                            0x00001dd4   Number         4  foc_pointmodel.o(.text.FOC_PointModel_step)
    __arm_cp.0_39                            0x00001dd8   Number         4  foc_pointmodel.o(.text.FOC_PointModel_step)
    __arm_cp.0_40                            0x00001ddc   Number         4  foc_pointmodel.o(.text.FOC_PointModel_step)
    __arm_cp.0_41                            0x00001de0   Number         4  foc_pointmodel.o(.text.FOC_PointModel_step)
    __arm_cp.0_42                            0x00001de4   Number         4  foc_pointmodel.o(.text.FOC_PointModel_step)
    __arm_cp.0_43                            0x00001de8   Number         4  foc_pointmodel.o(.text.FOC_PointModel_step)
    __arm_cp.0_44                            0x00001dec   Number         4  foc_pointmodel.o(.text.FOC_PointModel_step)
    [Anonymous Symbol]                       0x00001df0   Section        0  interrupt.o(.text.GPIO_IRQHandler)
    [Anonymous Symbol]                       0x00001df2   Section        0  lks32mc07x_gpio.o(.text.GPIO_Init)
    [Anonymous Symbol]                       0x00001e74   Section        0  lks32mc07x_gpio.o(.text.GPIO_PinAFConfig)
    __arm_cp.10_0                            0x00001f50   Number         4  lks32mc07x_gpio.o(.text.GPIO_PinAFConfig)
    __arm_cp.10_1                            0x00001f54   Number         4  lks32mc07x_gpio.o(.text.GPIO_PinAFConfig)
    __arm_cp.10_2                            0x00001f58   Number         4  lks32mc07x_gpio.o(.text.GPIO_PinAFConfig)
    [Anonymous Symbol]                       0x00001f5c   Section        0  lks32mc07x_gpio.o(.text.GPIO_ResetBits)
    [Anonymous Symbol]                       0x00001f60   Section        0  lks32mc07x_gpio.o(.text.GPIO_SetBits)
    [Anonymous Symbol]                       0x00001f64   Section        0  lks32mc07x_gpio.o(.text.GPIO_StructInit)
    [Anonymous Symbol]                       0x00001f72   Section        0  interrupt.o(.text.I2C0_IRQHandler)
    [Anonymous Symbol]                       0x00001f74   Section        0  lks32mc07x_sys.o(.text.IWDG_DISABLE)
    __arm_cp.14_0                            0x00001f80   Number         4  lks32mc07x_sys.o(.text.IWDG_DISABLE)
    [Anonymous Symbol]                       0x00001f84   Section        0  hardware_init.o(.text.MCPWM0_GPIOInit)
    __arm_cp.4_0                             0x00001fec   Number         4  hardware_init.o(.text.MCPWM0_GPIOInit)
    [Anonymous Symbol]                       0x00001ff0   Section        0  hardware_init.o(.text.MCPWM0_ModuleInit)
    __arm_cp.11_0                            0x00002104   Number         4  hardware_init.o(.text.MCPWM0_ModuleInit)
    __arm_cp.11_1                            0x00002108   Number         4  hardware_init.o(.text.MCPWM0_ModuleInit)
    __arm_cp.11_2                            0x0000210c   Number         4  hardware_init.o(.text.MCPWM0_ModuleInit)
    __arm_cp.11_3                            0x00002110   Number         4  hardware_init.o(.text.MCPWM0_ModuleInit)
    __arm_cp.11_4                            0x00002114   Number         4  hardware_init.o(.text.MCPWM0_ModuleInit)
    __arm_cp.11_5                            0x00002118   Number         4  hardware_init.o(.text.MCPWM0_ModuleInit)
    __arm_cp.11_6                            0x0000211c   Number         4  hardware_init.o(.text.MCPWM0_ModuleInit)
    [Anonymous Symbol]                       0x00002120   Section        0  lks32mc07x_mcpwm.o(.text.MCPWM_Init)
    __arm_cp.1_6                             0x00002524   Number         4  lks32mc07x_mcpwm.o(.text.MCPWM_Init)
    __arm_cp.1_0                             0x000025c8   Number         4  lks32mc07x_mcpwm.o(.text.MCPWM_Init)
    __arm_cp.1_2                             0x000025cc   Number         4  lks32mc07x_mcpwm.o(.text.MCPWM_Init)
    __arm_cp.1_3                             0x000025d0   Number         4  lks32mc07x_mcpwm.o(.text.MCPWM_Init)
    __arm_cp.1_4                             0x000025d4   Number         4  lks32mc07x_mcpwm.o(.text.MCPWM_Init)
    [Anonymous Symbol]                       0x000025d8   Section        0  lks32mc07x_mcpwm.o(.text.MCPWM_StructInit)
    [Anonymous Symbol]                       0x000025e4   Section        0  hardware_init.o(.text.OPA0_GPIOInit)
    [Anonymous Symbol]                       0x0000263c   Section        0  hardware_init.o(.text.OPA0_ModuleInit)
    [Anonymous Symbol]                       0x00002678   Section        0  hardware_init.o(.text.OPA2_GPIOInit)
    __arm_cp.8_0                             0x000026b8   Number         4  hardware_init.o(.text.OPA2_GPIOInit)
    [Anonymous Symbol]                       0x000026bc   Section        0  hardware_init.o(.text.OPA2_ModuleInit)
    [Anonymous Symbol]                       0x000026ec   Section        0  lks32mc07x_opa.o(.text.OPA_Init)
    __arm_cp.0_2                             0x000027b0   Number         4  lks32mc07x_opa.o(.text.OPA_Init)
    __arm_cp.0_3                             0x000027b4   Number         4  lks32mc07x_opa.o(.text.OPA_Init)
    [Anonymous Symbol]                       0x000027b8   Section        0  lks32mc07x_opa.o(.text.OPA_OUT)
    __arm_cp.2_2                             0x000027d8   Number         4  lks32mc07x_opa.o(.text.OPA_OUT)
    [Anonymous Symbol]                       0x000027dc   Section        0  lks32mc07x_opa.o(.text.OPA_StructInit)
    [Anonymous Symbol]                       0x000027e8   Section        0  lks32mc07x_mcpwm.o(.text.PWMOutputs)
    __arm_cp.2_0                             0x00002814   Number         4  lks32mc07x_mcpwm.o(.text.PWMOutputs)
    __arm_cp.2_1                             0x00002818   Number         4  lks32mc07x_mcpwm.o(.text.PWMOutputs)
    [Anonymous Symbol]                       0x0000281c   Section        0  lks32mc08x_nvr.o(.text.Read_Trim)
    __arm_cp.1_0                             0x00002850   Number         4  lks32mc08x_nvr.o(.text.Read_Trim)
    __arm_cp.1_1                             0x00002854   Number         4  lks32mc08x_nvr.o(.text.Read_Trim)
    [Anonymous Symbol]                       0x00002858   Section        0  interrupt.o(.text.SPI0_IRQHandler)
    [Anonymous Symbol]                       0x0000285c   Section        0  lks32mc07x_sys.o(.text.SYS_AnalogModuleClockCmd)
    [Anonymous Symbol]                       0x00002878   Section        0  lks32mc07x_sys.o(.text.SYS_Init)
    __arm_cp.0_0                             0x000028c0   Number         4  lks32mc07x_sys.o(.text.SYS_Init)
    __arm_cp.0_2                             0x000028c4   Number         4  lks32mc07x_sys.o(.text.SYS_Init)
    __arm_cp.0_3                             0x000028c8   Number         4  lks32mc07x_sys.o(.text.SYS_Init)
    __arm_cp.0_4                             0x000028cc   Number         4  lks32mc07x_sys.o(.text.SYS_Init)
    [Anonymous Symbol]                       0x000028d0   Section        0  lks32mc07x_sys.o(.text.SYS_ModuleClockCmd)
    __arm_cp.3_0                             0x000028ec   Number         4  lks32mc07x_sys.o(.text.SYS_ModuleClockCmd)
    __arm_cp.3_1                             0x000028f0   Number         4  lks32mc07x_sys.o(.text.SYS_ModuleClockCmd)
    [Anonymous Symbol]                       0x000028f4   Section        0  lks32mc07x_sys.o(.text.SYS_ReadMcuClk)
    __arm_cp.8_0                             0x000028fc   Number         4  lks32mc07x_sys.o(.text.SYS_ReadMcuClk)
    [Anonymous Symbol]                       0x00002900   Section        0  lks32mc07x_sys.o(.text.SYS_StructInit)
    [Anonymous Symbol]                       0x00002916   Section        0  interrupt.o(.text.SysTick_Handler)
    [Anonymous Symbol]                       0x00002918   Section        0  hardware_init.o(.text.SystemInit)
    [Anonymous Symbol]                       0x00002944   Section        0  lks32mc07x_tim.o(.text.TIM_TimerInit)
    __arm_cp.0_0                             0x00002a34   Number         4  lks32mc07x_tim.o(.text.TIM_TimerInit)
    __arm_cp.0_1                             0x00002a38   Number         4  lks32mc07x_tim.o(.text.TIM_TimerInit)
    __arm_cp.0_2                             0x00002a3c   Number         4  lks32mc07x_tim.o(.text.TIM_TimerInit)
    [Anonymous Symbol]                       0x00002a40   Section        0  lks32mc07x_tim.o(.text.TIM_TimerStrutInit)
    [Anonymous Symbol]                       0x00002a4c   Section        0  hardware_init.o(.text.UART0_GPIOInit)
    __arm_cp.2_0                             0x00002aa4   Number         4  hardware_init.o(.text.UART0_GPIOInit)
    [Anonymous Symbol]                       0x00002aa8   Section        0  interrupt.o(.text.UART0_IRQHandler)
    [Anonymous Symbol]                       0x00002ac4   Section        0  hardware_init.o(.text.UART0_ModuleInit)
    __arm_cp.9_0                             0x00002b24   Number         4  hardware_init.o(.text.UART0_ModuleInit)
    __arm_cp.9_2                             0x00002b28   Number         4  hardware_init.o(.text.UART0_ModuleInit)
    __arm_cp.9_3                             0x00002b2c   Number         4  hardware_init.o(.text.UART0_ModuleInit)
    [Anonymous Symbol]                       0x00002b30   Section        0  interrupt.o(.text.UART1_IRQHandler)
    [Anonymous Symbol]                       0x00002b32   Section        0  lks32mc07x_uart.o(.text.UART_ClearIRQFlag)
    [Anonymous Symbol]                       0x00002b36   Section        0  lks32mc07x_uart.o(.text.UART_GetIRQFlag)
    [Anonymous Symbol]                       0x00002b44   Section        0  lks32mc07x_uart.o(.text.UART_Init)
    __arm_cp.0_0                             0x00002c6c   Number         4  lks32mc07x_uart.o(.text.UART_Init)
    __arm_cp.0_1                             0x00002c70   Number         4  lks32mc07x_uart.o(.text.UART_Init)
    __arm_cp.0_2                             0x00002c74   Number         4  lks32mc07x_uart.o(.text.UART_Init)
    __arm_cp.0_3                             0x00002c78   Number         4  lks32mc07x_uart.o(.text.UART_Init)
    __arm_cp.0_4                             0x00002c7c   Number         4  lks32mc07x_uart.o(.text.UART_Init)
    __arm_cp.0_5                             0x00002c80   Number         4  lks32mc07x_uart.o(.text.UART_Init)
    [Anonymous Symbol]                       0x00002c84   Section        0  lks32mc07x_uart.o(.text.UART_StructInit)
    [Anonymous Symbol]                       0x00002c9a   Section        0  hardware_init.o(.text.UTIMER3_GPIOInit)
    [Anonymous Symbol]                       0x00002c9c   Section        0  hardware_init.o(.text.UTIMER3_ModuleInit)
    __arm_cp.10_0                            0x00002ce4   Number         4  hardware_init.o(.text.UTIMER3_ModuleInit)
    __arm_cp.10_1                            0x00002ce8   Number         4  hardware_init.o(.text.UTIMER3_ModuleInit)
    [Anonymous Symbol]                       0x00002cec   Section        0  delay.o(.text.delay_init)
    __arm_cp.0_2                             0x00002d04   Number         4  delay.o(.text.delay_init)
    [Anonymous Symbol]                       0x00002d08   Section        0  delay.o(.text.delay_ms)
    __arm_cp.3_0                             0x00002d44   Number         4  delay.o(.text.delay_ms)
    __arm_cp.3_1                             0x00002d48   Number         4  delay.o(.text.delay_ms)
    __arm_cp.3_2                             0x00002d4c   Number         4  delay.o(.text.delay_ms)
    [Anonymous Symbol]                       0x00002d50   Section        0  main.o(.text.main)
    __arm_cp.0_0                             0x00002dd0   Number         4  main.o(.text.main)
    __arm_cp.0_1                             0x00002dd4   Number         4  main.o(.text.main)
    .text_divfast                            0x00002dd8   Section      502  aeabi_sdivfast.o(.text_divfast)
    i.__mathlib_dbl_overflow                 0x00002fd0   Section        0  dunder.o(i.__mathlib_dbl_overflow)
    i.__mathlib_dbl_underflow                0x00002fe4   Section        0  dunder.o(i.__mathlib_dbl_underflow)
    i.__mathlib_flt_overflow                 0x00002ff8   Section        0  funder.o(i.__mathlib_flt_overflow)
    i.__mathlib_flt_underflow                0x00003006   Section        0  funder.o(i.__mathlib_flt_underflow)
    i._dgeq                                  0x00003014   Section        0  dcmp.o(i._dgeq)
    i._dls                                   0x0000302a   Section        0  dcmp.o(i._dls)
    i._fgeq                                  0x00003040   Section        0  fcmp.o(i._fgeq)
    i._fls                                   0x00003056   Section        0  fcmp.o(i._fls)
    i.ceil                                   0x0000306c   Section        0  ceil.o(i.ceil)
    i.ceilf                                  0x00003134   Section        0  ceilf.o(i.ceilf)
    i.floor                                  0x0000319c   Section        0  floor.o(i.floor)
    i.floorf                                 0x00003264   Section        0  floorf.o(i.floorf)
    i.ldexp                                  0x000032d4   Section        0  ldexp.o(i.ldexp)
    i.ldexpf                                 0x00003344   Section        0  ldexpf.o(i.ldexpf)
    x$fpl$deqf                               0x0000339c   Section      100  deqf.o(x$fpl$deqf)
    x$fpl$dgeqf                              0x00003400   Section      100  dgef.o(x$fpl$dgeqf)
    x$fpl$dleqf                              0x00003464   Section      100  dlef.o(x$fpl$dleqf)
    x$fpl$drleqf                             0x000034c8   Section      104  drlef.o(x$fpl$drleqf)
    x$fpl$fadd                               0x00003530   Section      140  faddsub.o(x$fpl$fadd)
    _fadd1                                   0x0000353d   Thumb Code     0  faddsub.o(x$fpl$fadd)
    x$fpl$fgeqf                              0x000035bc   Section       84  fgef.o(x$fpl$fgeqf)
    x$fpl$fleqf                              0x00003610   Section       84  flef.o(x$fpl$fleqf)
    x$fpl$fmul                               0x00003664   Section      176  fmul.o(x$fpl$fmul)
    x$fpl$fsub                               0x00003714   Section      208  faddsub.o(x$fpl$fsub)
    _fsub1                                   0x00003721   Thumb Code     0  faddsub.o(x$fpl$fsub)
    fdiv_tab                                 0x000037e4   Data          64  fdiv.o(.constdata)
    .constdata                               0x000037e4   Section       64  fdiv.o(.constdata)
    x$fpl$usenofp                            0x000037e4   Section        0  usenofp.o(x$fpl$usenofp)
    FOC_PointModel_initialize.tmp            0x00003824   Data        1024  foc_pointmodel.o(.rodata.FOC_PointModel_initialize.tmp)
    [Anonymous Symbol]                       0x00003824   Section        0  foc_pointmodel.o(.rodata.FOC_PointModel_initialize.tmp)
    [Anonymous Symbol]                       0x00003c24   Section        0  lks32mc07x_tim.o(.rodata.cst16)
    sys_clk                                  0x20000004   Data           4  lks32mc07x_sys.o(.data.sys_clk)
    [Anonymous Symbol]                       0x20000004   Section        0  lks32mc07x_sys.o(.data.sys_clk)
    .bss                                     0x20000008   Section       96  libspace.o(.bss)
    fac_ms                                   0x20000070   Data           4  delay.o(.bss.fac_ms)
    [Anonymous Symbol]                       0x20000070   Section        0  delay.o(.bss.fac_ms)
    fac_us                                   0x20000074   Data           4  delay.o(.bss.fac_us)
    [Anonymous Symbol]                       0x20000074   Section        0  delay.o(.bss.fac_us)
    Heap_Mem                                 0x20000b90   Data         512  startup_lks32mc07x.o(HEAP)
    HEAP                                     0x20000b90   Section      512  startup_lks32mc07x.o(HEAP)
    Stack_Mem                                0x20000d90   Data        1024  startup_lks32mc07x.o(STACK)
    STACK                                    0x20000d90   Section     1024  startup_lks32mc07x.o(STACK)
    __initial_sp                             0x20001190   Data           0  startup_lks32mc07x.o(STACK)

    Global Symbols

    Symbol Name                              Value     Ov Type        Size  Object(Section)

    BuildAttributes$$THM_ISAv3M$S$PE$A:L22$X:L11$S22$IEEE1$IW$~IW$USESV6$~STKCKD$USESV7$~SHL$OTIME$ROPI$IEEEX$EBA8$UX$STANDARDLIB$REQ8$PRES8$EABIv2 0x00000000   Number         0  anon$$obj.o ABSOLUTE
    __Vectors                                0x00000000   Data           4  startup_lks32mc07x.o(RESET)
    __ARM_exceptions_init                     - Undefined Weak Reference
    __alloca_initialize                       - Undefined Weak Reference
    __arm_preinit_                            - Undefined Weak Reference
    __arm_relocate_pie_                       - Undefined Weak Reference
    __cpp_initialize__aeabi_                  - Undefined Weak Reference
    __cxa_finalize                            - Undefined Weak Reference
    __rt_locale                               - Undefined Weak Reference
    __sigvec_lookup                           - Undefined Weak Reference
    _atexit_init                              - Undefined Weak Reference
    _call_atexit_fns                          - Undefined Weak Reference
    _clock_init                               - Undefined Weak Reference
    _fp_trap_init                             - Undefined Weak Reference
    _fp_trap_shutdown                         - Undefined Weak Reference
    _get_lc_collate                           - Undefined Weak Reference
    _get_lc_ctype                             - Undefined Weak Reference
    _get_lc_monetary                          - Undefined Weak Reference
    _get_lc_numeric                           - Undefined Weak Reference
    _get_lc_time                              - Undefined Weak Reference
    _getenv_init                              - Undefined Weak Reference
    _handle_redirection                       - Undefined Weak Reference
    _init_alloc                               - Undefined Weak Reference
    _init_user_alloc                          - Undefined Weak Reference
    _initio                                   - Undefined Weak Reference
    _rand_init                                - Undefined Weak Reference
    _signal_finish                            - Undefined Weak Reference
    _signal_init                              - Undefined Weak Reference
    _terminate_alloc                          - Undefined Weak Reference
    _terminate_user_alloc                     - Undefined Weak Reference
    _terminateio                              - Undefined Weak Reference
    __Vectors_End                            0x000000c0   Data           0  startup_lks32mc07x.o(RESET)
    __Vectors_Size                           0x000000c0   Number         0  startup_lks32mc07x.o ABSOLUTE
    __main                                   0x000000c1   Thumb Code     8  __main.o(!!!main)
    __scatterload                            0x000000c9   Thumb Code     0  __scatter.o(!!!scatter)
    __scatterload_rt2                        0x000000c9   Thumb Code    74  __scatter.o(!!!scatter)
    __scatterload_rt2_thumb_only             0x000000c9   Thumb Code     0  __scatter.o(!!!scatter)
    __scatterload_loop                       0x000000d3   Thumb Code     0  __scatter.o(!!!scatter)
    __scatterload_copy                       0x0000011d   Thumb Code    26  __scatter_copy.o(!!handler_copy)
    __scatterload_null                       0x00000139   Thumb Code     2  __scatter.o(!!handler_null)
    __scatterload_zeroinit                   0x0000013d   Thumb Code    28  __scatter_zi.o(!!handler_zi)
    __rt_lib_init                            0x00000159   Thumb Code     0  libinit.o(.ARM.Collect$$libinit$$00000000)
    __rt_lib_init_alloca_1                   0x0000015b   Thumb Code     0  libinit2.o(.ARM.Collect$$libinit$$00000030)
    __rt_lib_init_argv_1                     0x0000015b   Thumb Code     0  libinit2.o(.ARM.Collect$$libinit$$0000002E)
    __rt_lib_init_atexit_1                   0x0000015b   Thumb Code     0  libinit2.o(.ARM.Collect$$libinit$$0000001D)
    __rt_lib_init_clock_1                    0x0000015b   Thumb Code     0  libinit2.o(.ARM.Collect$$libinit$$00000023)
    __rt_lib_init_cpp_1                      0x0000015b   Thumb Code     0  libinit2.o(.ARM.Collect$$libinit$$00000034)
    __rt_lib_init_exceptions_1               0x0000015b   Thumb Code     0  libinit2.o(.ARM.Collect$$libinit$$00000032)
    __rt_lib_init_fp_1                       0x0000015b   Thumb Code     0  libinit2.o(.ARM.Collect$$libinit$$00000002)
    __rt_lib_init_fp_trap_1                  0x0000015b   Thumb Code     0  libinit2.o(.ARM.Collect$$libinit$$00000021)
    __rt_lib_init_getenv_1                   0x0000015b   Thumb Code     0  libinit2.o(.ARM.Collect$$libinit$$00000025)
    __rt_lib_init_heap_1                     0x0000015b   Thumb Code     0  libinit2.o(.ARM.Collect$$libinit$$0000000C)
    __rt_lib_init_lc_collate_1               0x0000015b   Thumb Code     0  libinit2.o(.ARM.Collect$$libinit$$00000013)
    __rt_lib_init_lc_ctype_1                 0x0000015b   Thumb Code     0  libinit2.o(.ARM.Collect$$libinit$$00000015)
    __rt_lib_init_lc_monetary_1              0x0000015b   Thumb Code     0  libinit2.o(.ARM.Collect$$libinit$$00000017)
    __rt_lib_init_lc_numeric_1               0x0000015b   Thumb Code     0  libinit2.o(.ARM.Collect$$libinit$$00000019)
    __rt_lib_init_lc_time_1                  0x0000015b   Thumb Code     0  libinit2.o(.ARM.Collect$$libinit$$0000001B)
    __rt_lib_init_preinit_1                  0x0000015b   Thumb Code     0  libinit2.o(.ARM.Collect$$libinit$$00000006)
    __rt_lib_init_rand_1                     0x0000015b   Thumb Code     0  libinit2.o(.ARM.Collect$$libinit$$00000010)
    __rt_lib_init_relocate_pie_1             0x0000015b   Thumb Code     0  libinit2.o(.ARM.Collect$$libinit$$00000004)
    __rt_lib_init_return                     0x0000015b   Thumb Code     0  libinit2.o(.ARM.Collect$$libinit$$00000035)
    __rt_lib_init_signal_1                   0x0000015b   Thumb Code     0  libinit2.o(.ARM.Collect$$libinit$$0000001F)
    __rt_lib_init_stdio_1                    0x0000015b   Thumb Code     0  libinit2.o(.ARM.Collect$$libinit$$00000027)
    __rt_lib_init_user_alloc_1               0x0000015b   Thumb Code     0  libinit2.o(.ARM.Collect$$libinit$$0000000E)
    __rt_lib_shutdown                        0x0000015d   Thumb Code     0  libshutdown.o(.ARM.Collect$$libshutdown$$00000000)
    __rt_lib_shutdown_cpp_1                  0x0000015f   Thumb Code     0  libshutdown2.o(.ARM.Collect$$libshutdown$$00000002)
    __rt_lib_shutdown_fp_trap_1              0x0000015f   Thumb Code     0  libshutdown2.o(.ARM.Collect$$libshutdown$$00000007)
    __rt_lib_shutdown_heap_1                 0x0000015f   Thumb Code     0  libshutdown2.o(.ARM.Collect$$libshutdown$$0000000F)
    __rt_lib_shutdown_return                 0x0000015f   Thumb Code     0  libshutdown2.o(.ARM.Collect$$libshutdown$$00000010)
    __rt_lib_shutdown_signal_1               0x0000015f   Thumb Code     0  libshutdown2.o(.ARM.Collect$$libshutdown$$0000000A)
    __rt_lib_shutdown_stdio_1                0x0000015f   Thumb Code     0  libshutdown2.o(.ARM.Collect$$libshutdown$$00000004)
    __rt_lib_shutdown_user_alloc_1           0x0000015f   Thumb Code     0  libshutdown2.o(.ARM.Collect$$libshutdown$$0000000C)
    __rt_entry                               0x00000161   Thumb Code     0  __rtentry.o(.ARM.Collect$$rtentry$$00000000)
    __rt_entry_presh_1                       0x00000161   Thumb Code     0  __rtentry2.o(.ARM.Collect$$rtentry$$00000002)
    __rt_entry_sh                            0x00000161   Thumb Code     0  __rtentry4.o(.ARM.Collect$$rtentry$$00000004)
    __rt_entry_li                            0x00000167   Thumb Code     0  __rtentry2.o(.ARM.Collect$$rtentry$$0000000A)
    __rt_entry_postsh_1                      0x00000167   Thumb Code     0  __rtentry2.o(.ARM.Collect$$rtentry$$00000009)
    __rt_entry_main                          0x0000016b   Thumb Code     0  __rtentry2.o(.ARM.Collect$$rtentry$$0000000D)
    __rt_entry_postli_1                      0x0000016b   Thumb Code     0  __rtentry2.o(.ARM.Collect$$rtentry$$0000000C)
    __rt_exit                                0x00000173   Thumb Code     0  rtexit.o(.ARM.Collect$$rtexit$$00000000)
    __rt_exit_ls                             0x00000175   Thumb Code     0  rtexit2.o(.ARM.Collect$$rtexit$$00000003)
    __rt_exit_prels_1                        0x00000175   Thumb Code     0  rtexit2.o(.ARM.Collect$$rtexit$$00000002)
    __rt_exit_exit                           0x00000179   Thumb Code     0  rtexit2.o(.ARM.Collect$$rtexit$$00000004)
    __aeabi_memcpy4                          0x00000181   Thumb Code    56  rt_memcpy.o(.emb_text)
    __aeabi_memcpy8                          0x00000181   Thumb Code     0  rt_memcpy.o(.emb_text)
    Reset_Handler                            0x000001b9   Thumb Code    14  startup_lks32mc07x.o(.text)
    NMI_Handler                              0x000001c7   Thumb Code     2  startup_lks32mc07x.o(.text)
    HardFault_Handler                        0x000001c9   Thumb Code     2  startup_lks32mc07x.o(.text)
    SVC_Handler                              0x000001cb   Thumb Code     2  startup_lks32mc07x.o(.text)
    PendSV_Handler                           0x000001cd   Thumb Code     2  startup_lks32mc07x.o(.text)
    ADC1_IRQHandler                          0x000001d1   Thumb Code     0  startup_lks32mc07x.o(.text)
    CAN0_IRQHandler                          0x000001d1   Thumb Code     0  startup_lks32mc07x.o(.text)
    CL0_IRQHandler                           0x000001d1   Thumb Code     0  startup_lks32mc07x.o(.text)
    DMA0_IRQHandler                          0x000001d1   Thumb Code     0  startup_lks32mc07x.o(.text)
    DSP0_IRQHandler                          0x000001d1   Thumb Code     0  startup_lks32mc07x.o(.text)
    HALL0_IRQHandler                         0x000001d1   Thumb Code     0  startup_lks32mc07x.o(.text)
    MCPWM0_IRQHandler                        0x000001d1   Thumb Code     0  startup_lks32mc07x.o(.text)
    MCPWM1_IRQHandler                        0x000001d1   Thumb Code     0  startup_lks32mc07x.o(.text)
    PWRDN_IRQHandler                         0x000001d1   Thumb Code     0  startup_lks32mc07x.o(.text)
    QEP0_IRQHandler                          0x000001d1   Thumb Code     0  startup_lks32mc07x.o(.text)
    QEP1_IRQHandler                          0x000001d1   Thumb Code     0  startup_lks32mc07x.o(.text)
    SIF0_IRQHandler                          0x000001d1   Thumb Code     0  startup_lks32mc07x.o(.text)
    SW_IRQHandler                            0x000001d1   Thumb Code     0  startup_lks32mc07x.o(.text)
    TIMER0_IRQHandler                        0x000001d1   Thumb Code     0  startup_lks32mc07x.o(.text)
    TIMER1_IRQHandler                        0x000001d1   Thumb Code     0  startup_lks32mc07x.o(.text)
    TIMER2_IRQHandler                        0x000001d1   Thumb Code     0  startup_lks32mc07x.o(.text)
    TIMER3_IRQHandler                        0x000001d1   Thumb Code     0  startup_lks32mc07x.o(.text)
    WAKE_IRQHandler                          0x000001d1   Thumb Code     0  startup_lks32mc07x.o(.text)
    __user_initial_stackheap                 0x000001d5   Thumb Code     0  startup_lks32mc07x.o(.text)
    _memset_w                                0x000001fd   Thumb Code    26  rt_memclr.o(.text)
    _memset                                  0x00000217   Thumb Code    30  rt_memclr.o(.text)
    __aeabi_memclr                           0x00000235   Thumb Code     4  rt_memclr.o(.text)
    __rt_memclr                              0x00000235   Thumb Code     0  rt_memclr.o(.text)
    __aeabi_memclr4                          0x00000239   Thumb Code     0  rt_memclr.o(.text)
    __aeabi_memclr8                          0x00000239   Thumb Code     0  rt_memclr.o(.text)
    __rt_memclr_w                            0x00000239   Thumb Code     4  rt_memclr.o(.text)
    __use_two_region_memory                  0x0000023d   Thumb Code     2  heapauxi.o(.text)
    __rt_heap_escrow$2region                 0x0000023f   Thumb Code     2  heapauxi.o(.text)
    __rt_heap_expand$2region                 0x00000241   Thumb Code     2  heapauxi.o(.text)
    __adddf3                                 0x0000053d   Thumb Code     0  daddsub.o(.text)
    __aeabi_dadd                             0x0000053d   Thumb Code     0  daddsub.o(.text)
    _dadd                                    0x0000053d   Thumb Code    26  daddsub.o(.text)
    __aeabi_dsub                             0x00000557   Thumb Code     0  daddsub.o(.text)
    __subdf3                                 0x00000557   Thumb Code     0  daddsub.o(.text)
    _dsub                                    0x00000557   Thumb Code    22  daddsub.o(.text)
    __aeabi_drsub                            0x0000056d   Thumb Code     0  daddsub.o(.text)
    _drsb                                    0x0000056d   Thumb Code    28  daddsub.o(.text)
    __aeabi_d2iz                             0x0000059d   Thumb Code     0  dfixi.o(.text)
    _dfix                                    0x0000059d   Thumb Code    98  dfixi.o(.text)
    __aeabi_dmul                             0x00000609   Thumb Code     0  dmul.o(.text)
    __muldf3                                 0x00000609   Thumb Code     0  dmul.o(.text)
    _dmul                                    0x00000609   Thumb Code   558  dmul.o(.text)
    __aeabi_fdiv                             0x00000851   Thumb Code     0  fdiv.o(.text)
    __divsf3                                 0x00000851   Thumb Code     0  fdiv.o(.text)
    _fdiv                                    0x00000851   Thumb Code   334  fdiv.o(.text)
    _frdiv                                   0x0000099f   Thumb Code     8  fdiv.o(.text)
    __aeabi_f2iz                             0x000009b1   Thumb Code     0  ffixi.o(.text)
    _ffix                                    0x000009b1   Thumb Code    76  ffixi.o(.text)
    __aeabi_i2f_normalise                    0x000009fd   Thumb Code    72  fflti.o(.text)
    __aeabi_i2f                              0x00000a45   Thumb Code    16  fflti.o(.text)
    _fflt                                    0x00000a45   Thumb Code     0  fflti.o(.text)
    __aeabi_ui2f                             0x00000a55   Thumb Code     6  fflti.o(.text)
    _ffltu                                   0x00000a55   Thumb Code     0  fflti.o(.text)
    __read_errno                             0x00000a5b   Thumb Code    10  _rserrno.o(.text)
    __set_errno                              0x00000a65   Thumb Code    12  _rserrno.o(.text)
    __ARM_scalbn                             0x00000a71   Thumb Code    84  dscalbn.o(.text)
    __ARM_scalbnf                            0x00000ad1   Thumb Code    64  fscalbn.o(.text)
    __aeabi_errno_addr                       0x00000b15   Thumb Code     8  rt_errno_addr_intlibspace.o(.text)
    __errno$intlibspace                      0x00000b15   Thumb Code     0  rt_errno_addr_intlibspace.o(.text)
    __rt_errno_addr$intlibspace              0x00000b15   Thumb Code     0  rt_errno_addr_intlibspace.o(.text)
    __fpl_dcmp_InfNaN                        0x00000b1d   Thumb Code   154  dcmpin.o(.text)
    __fpl_fcmp_InfNaN                        0x00000bbd   Thumb Code    96  fcmpin.o(.text)
    __user_libspace                          0x00000c21   Thumb Code     8  libspace.o(.text)
    __user_perproc_libspace                  0x00000c21   Thumb Code     0  libspace.o(.text)
    __user_perthread_libspace                0x00000c21   Thumb Code     0  libspace.o(.text)
    __user_setup_stackheap                   0x00000c29   Thumb Code    62  sys_stackheap_outer.o(.text)
    exit                                     0x00000c67   Thumb Code    16  exit.o(.text)
    __fpl_cmpreturn                          0x00000c77   Thumb Code    46  cmpret.o(.text)
    __fpl_dcheck_NaN2                        0x00000ca5   Thumb Code    14  dnan2.o(.text)
    __fpl_fcheck_NaN2                        0x00000cb9   Thumb Code    10  fnan2.o(.text)
    __fpl_return_NaN                         0x00000cc9   Thumb Code    94  retnan.o(.text)
    _sys_exit                                0x00000d29   Thumb Code     8  sys_exit.o(.text)
    __I$use$semihosting                      0x00000d35   Thumb Code     0  use_no_semi.o(.text)
    __use_no_semihosting_swi                 0x00000d35   Thumb Code     2  use_no_semi.o(.text)
    __semihosting_library_function           0x00000d37   Thumb Code     0  indicate_semi.o(.text)
    ADC0_GPIOInit                            0x00000d39   Thumb Code    52  hardware_init.o(.text.ADC0_GPIOInit)
    ADC0_IRQHandler                          0x00000d6d   Thumb Code   412  interrupt.o(.text.ADC0_IRQHandler)
    ADC0_ModuleInit                          0x00000f6d   Thumb Code    64  hardware_init.o(.text.ADC0_ModuleInit)
    ADC1_GPIOInit                            0x00000fb1   Thumb Code     2  hardware_init.o(.text.ADC1_GPIOInit)
    ADC1_ModuleInit                          0x00000fb5   Thumb Code    48  hardware_init.o(.text.ADC1_ModuleInit)
    ADC_CHN_GAIN_CFG                         0x00000fe9   Thumb Code    44  lks32mc07x_adc.o(.text.ADC_CHN_GAIN_CFG)
    ADC_ClearIRQFlag                         0x00001015   Thumb Code     6  lks32mc07x_adc.o(.text.ADC_ClearIRQFlag)
    ADC_GetConversionValue                   0x0000101d   Thumb Code    98  lks32mc07x_adc.o(.text.ADC_GetConversionValue)
    ADC_GetIRQFlag                           0x0000107f   Thumb Code    22  lks32mc07x_adc.o(.text.ADC_GetIRQFlag)
    ADC_Init                                 0x00001095   Thumb Code   180  lks32mc07x_adc.o(.text.ADC_Init)
    ADC_StructInit                           0x00001151   Thumb Code    24  lks32mc07x_adc.o(.text.ADC_StructInit)
    CMP_IRQHandler                           0x00001169   Thumb Code     2  interrupt.o(.text.CMP_IRQHandler)
    Clock_Init                               0x0000116b   Thumb Code    44  hardware_init.o(.text.Clock_Init)
    Common_GPIOInit                          0x00001199   Thumb Code    40  hardware_init.o(.text.Common_GPIOInit)
    DMA_Init                                 0x000011c5   Thumb Code   104  lks32mc07x_dma.o(.text.DMA_Init)
    DMA_StructInit                           0x00001245   Thumb Code    16  lks32mc07x_dma.o(.text.DMA_StructInit)
    FOC_PointModel_initialize                0x00001255   Thumb Code   788  foc_pointmodel.o(.text.FOC_PointModel_initialize)
    FOC_PointModel_step                      0x000015f9   Thumb Code  1944  foc_pointmodel.o(.text.FOC_PointModel_step)
    GPIO_IRQHandler                          0x00001df1   Thumb Code     2  interrupt.o(.text.GPIO_IRQHandler)
    GPIO_Init                                0x00001df3   Thumb Code   130  lks32mc07x_gpio.o(.text.GPIO_Init)
    GPIO_PinAFConfig                         0x00001e75   Thumb Code   220  lks32mc07x_gpio.o(.text.GPIO_PinAFConfig)
    GPIO_ResetBits                           0x00001f5d   Thumb Code     4  lks32mc07x_gpio.o(.text.GPIO_ResetBits)
    GPIO_SetBits                             0x00001f61   Thumb Code     4  lks32mc07x_gpio.o(.text.GPIO_SetBits)
    GPIO_StructInit                          0x00001f65   Thumb Code    14  lks32mc07x_gpio.o(.text.GPIO_StructInit)
    I2C0_IRQHandler                          0x00001f73   Thumb Code     2  interrupt.o(.text.I2C0_IRQHandler)
    IWDG_DISABLE                             0x00001f75   Thumb Code    12  lks32mc07x_sys.o(.text.IWDG_DISABLE)
    MCPWM0_GPIOInit                          0x00001f85   Thumb Code   104  hardware_init.o(.text.MCPWM0_GPIOInit)
    MCPWM0_ModuleInit                        0x00001ff1   Thumb Code   276  hardware_init.o(.text.MCPWM0_ModuleInit)
    MCPWM_Init                               0x00002121   Thumb Code  1192  lks32mc07x_mcpwm.o(.text.MCPWM_Init)
    MCPWM_StructInit                         0x000025d9   Thumb Code    10  lks32mc07x_mcpwm.o(.text.MCPWM_StructInit)
    OPA0_GPIOInit                            0x000025e5   Thumb Code    88  hardware_init.o(.text.OPA0_GPIOInit)
    OPA0_ModuleInit                          0x0000263d   Thumb Code    60  hardware_init.o(.text.OPA0_ModuleInit)
    OPA2_GPIOInit                            0x00002679   Thumb Code    64  hardware_init.o(.text.OPA2_GPIOInit)
    OPA2_ModuleInit                          0x000026bd   Thumb Code    46  hardware_init.o(.text.OPA2_ModuleInit)
    OPA_Init                                 0x000026ed   Thumb Code   196  lks32mc07x_opa.o(.text.OPA_Init)
    OPA_OUT                                  0x000027b9   Thumb Code    32  lks32mc07x_opa.o(.text.OPA_OUT)
    OPA_StructInit                           0x000027dd   Thumb Code    12  lks32mc07x_opa.o(.text.OPA_StructInit)
    PWMOutputs                               0x000027e9   Thumb Code    44  lks32mc07x_mcpwm.o(.text.PWMOutputs)
    Read_Trim                                0x0000281d   Thumb Code    52  lks32mc08x_nvr.o(.text.Read_Trim)
    SPI0_IRQHandler                          0x00002859   Thumb Code     2  interrupt.o(.text.SPI0_IRQHandler)
    SYS_AnalogModuleClockCmd                 0x0000285d   Thumb Code    28  lks32mc07x_sys.o(.text.SYS_AnalogModuleClockCmd)
    SYS_Init                                 0x00002879   Thumb Code    72  lks32mc07x_sys.o(.text.SYS_Init)
    SYS_ModuleClockCmd                       0x000028d1   Thumb Code    28  lks32mc07x_sys.o(.text.SYS_ModuleClockCmd)
    SYS_ReadMcuClk                           0x000028f5   Thumb Code     8  lks32mc07x_sys.o(.text.SYS_ReadMcuClk)
    SYS_StructInit                           0x00002901   Thumb Code    22  lks32mc07x_sys.o(.text.SYS_StructInit)
    SysTick_Handler                          0x00002917   Thumb Code     2  interrupt.o(.text.SysTick_Handler)
    SystemInit                               0x00002919   Thumb Code    44  hardware_init.o(.text.SystemInit)
    TIM_TimerInit                            0x00002945   Thumb Code   240  lks32mc07x_tim.o(.text.TIM_TimerInit)
    TIM_TimerStrutInit                       0x00002a41   Thumb Code    12  lks32mc07x_tim.o(.text.TIM_TimerStrutInit)
    UART0_GPIOInit                           0x00002a4d   Thumb Code    88  hardware_init.o(.text.UART0_GPIOInit)
    UART0_IRQHandler                         0x00002aa9   Thumb Code    28  interrupt.o(.text.UART0_IRQHandler)
    UART0_ModuleInit                         0x00002ac5   Thumb Code    96  hardware_init.o(.text.UART0_ModuleInit)
    UART1_IRQHandler                         0x00002b31   Thumb Code     2  interrupt.o(.text.UART1_IRQHandler)
    UART_ClearIRQFlag                        0x00002b33   Thumb Code     4  lks32mc07x_uart.o(.text.UART_ClearIRQFlag)
    UART_GetIRQFlag                          0x00002b37   Thumb Code    14  lks32mc07x_uart.o(.text.UART_GetIRQFlag)
    UART_Init                                0x00002b45   Thumb Code   296  lks32mc07x_uart.o(.text.UART_Init)
    UART_StructInit                          0x00002c85   Thumb Code    22  lks32mc07x_uart.o(.text.UART_StructInit)
    UTIMER3_GPIOInit                         0x00002c9b   Thumb Code     2  hardware_init.o(.text.UTIMER3_GPIOInit)
    UTIMER3_ModuleInit                       0x00002c9d   Thumb Code    72  hardware_init.o(.text.UTIMER3_ModuleInit)
    delay_init                               0x00002ced   Thumb Code    24  delay.o(.text.delay_init)
    delay_ms                                 0x00002d09   Thumb Code    60  delay.o(.text.delay_ms)
    main                                     0x00002d51   Thumb Code   128  main.o(.text.main)
    __aeabi_uidiv                            0x00002dd9   Thumb Code    68  aeabi_sdivfast.o(.text_divfast)
    __aeabi_idiv                             0x00002e1d   Thumb Code   434  aeabi_sdivfast.o(.text_divfast)
    __mathlib_dbl_overflow                   0x00002fd1   Thumb Code    16  dunder.o(i.__mathlib_dbl_overflow)
    __mathlib_dbl_underflow                  0x00002fe5   Thumb Code    14  dunder.o(i.__mathlib_dbl_underflow)
    __mathlib_flt_overflow                   0x00002ff9   Thumb Code    14  funder.o(i.__mathlib_flt_overflow)
    __mathlib_flt_underflow                  0x00003007   Thumb Code    14  funder.o(i.__mathlib_flt_underflow)
    __aeabi_dcmpge                           0x00003015   Thumb Code     0  dcmp.o(i._dgeq)
    _dgeq                                    0x00003015   Thumb Code    22  dcmp.o(i._dgeq)
    __aeabi_dcmplt                           0x0000302b   Thumb Code     0  dcmp.o(i._dls)
    _dls                                     0x0000302b   Thumb Code    22  dcmp.o(i._dls)
    __aeabi_fcmpge                           0x00003041   Thumb Code     0  fcmp.o(i._fgeq)
    _fgeq                                    0x00003041   Thumb Code    22  fcmp.o(i._fgeq)
    __aeabi_fcmplt                           0x00003057   Thumb Code     0  fcmp.o(i._fls)
    _fls                                     0x00003057   Thumb Code    22  fcmp.o(i._fls)
    ceil                                     0x0000306d   Thumb Code   180  ceil.o(i.ceil)
    __mathlib_ceilf                          0x00003135   Thumb Code     0  ceilf.o(i.ceilf)
    ceilf                                    0x00003135   Thumb Code    96  ceilf.o(i.ceilf)
    floor                                    0x0000319d   Thumb Code   180  floor.o(i.floor)
    floorf                                   0x00003265   Thumb Code    98  floorf.o(i.floorf)
    ldexp                                    0x000032d5   Thumb Code   112  ldexp.o(i.ldexp)
    ldexpf                                   0x00003345   Thumb Code    86  ldexpf.o(i.ldexpf)
    __aeabi_cdcmpeq                          0x0000339d   Thumb Code     0  deqf.o(x$fpl$deqf)
    _dcmpeq                                  0x0000339d   Thumb Code    94  deqf.o(x$fpl$deqf)
    _dcmpge                                  0x00003401   Thumb Code    94  dgef.o(x$fpl$dgeqf)
    __aeabi_cdcmple                          0x00003465   Thumb Code     0  dlef.o(x$fpl$dleqf)
    _dcmple                                  0x00003465   Thumb Code    94  dlef.o(x$fpl$dleqf)
    __aeabi_cdrcmple                         0x000034c9   Thumb Code     0  drlef.o(x$fpl$drleqf)
    _drcmple                                 0x000034c9   Thumb Code   100  drlef.o(x$fpl$drleqf)
    __aeabi_fadd                             0x00003531   Thumb Code     0  faddsub.o(x$fpl$fadd)
    _fadd                                    0x00003531   Thumb Code   134  faddsub.o(x$fpl$fadd)
    _fcmpge                                  0x000035bd   Thumb Code    78  fgef.o(x$fpl$fgeqf)
    __aeabi_cfcmple                          0x00003611   Thumb Code     0  flef.o(x$fpl$fleqf)
    _fcmple                                  0x00003611   Thumb Code    78  flef.o(x$fpl$fleqf)
    __aeabi_fmul                             0x00003665   Thumb Code     0  fmul.o(x$fpl$fmul)
    _fmul                                    0x00003665   Thumb Code   172  fmul.o(x$fpl$fmul)
    __aeabi_fsub                             0x00003715   Thumb Code     0  faddsub.o(x$fpl$fsub)
    _fsub                                    0x00003715   Thumb Code   204  faddsub.o(x$fpl$fsub)
    __I$use$fp                               0x000037e4   Number         0  usenofp.o(x$fpl$usenofp)
    Region$$Table$$Base                      0x00003c34   Number         0  anon$$obj.o(Region$$Table)
    Region$$Table$$Limit                     0x00003c54   Number         0  anon$$obj.o(Region$$Table)
    Udc                                      0x20000000   Data           2  foc_pointmodel.o(.data.Udc)
    __libspace_start                         0x20000008   Data          96  libspace.o(.bss)
    __temporary_stack_top$libspace           0x20000068   Data           0  libspace.o(.bss)
    cnt                                      0x20000068   Data           4  interrupt.o(.bss.cnt)
    cntpwm                                   0x2000006c   Data           4  interrupt.o(.bss.cntpwm)
    iu                                       0x20000078   Data           4  interrupt.o(.bss.iu)
    iuzero                                   0x2000007c   Data           4  interrupt.o(.bss.iuzero)
    iw                                       0x20000080   Data           4  interrupt.o(.bss.iw)
    iwzero                                   0x20000084   Data           4  interrupt.o(.bss.iwzero)
    maxmagflg                                0x20000088   Data           1  lks32mc07x_opa.o(.bss.maxmagflg)
    obsSPD                                   0x2000008c   Data           4  interrupt.o(.bss.obsSPD)
    obsTheta                                 0x20000090   Data           4  interrupt.o(.bss.obsTheta)
    rtDW                                     0x20000094   Data        2724  foc_pointmodel.o(.bss.rtDW)
    rtPrevZCX                                0x20000b38   Data           7  foc_pointmodel.o(.bss.rtPrevZCX)
    rtU                                      0x20000b40   Data          24  foc_pointmodel.o(.bss.rtU)
    rtY                                      0x20000b58   Data          10  foc_pointmodel.o(.bss.rtY)
    send_buff                                0x20000b62   Data          26  hardware_init.o(.bss.send_buff)
    tcmp1W                                   0x20000b7c   Data           2  interrupt.o(.bss.tcmp1W)
    tcmp2V                                   0x20000b7e   Data           2  interrupt.o(.bss.tcmp2V)
    tcmp3U                                   0x20000b80   Data           2  interrupt.o(.bss.tcmp3U)
    vdc                                      0x20000b84   Data           4  interrupt.o(.bss.vdc)
    vdczero                                  0x20000b88   Data           4  interrupt.o(.bss.vdczero)



==============================================================================

Memory Map of the image

  Image Entry point : 0x000000c1

  Load Region LR_IROM1 (Base: 0x00000000, Size: 0x00003c60, Max: 0x00020000, ABSOLUTE)

    Execution Region ER_IROM1 (Exec base: 0x00000000, Load base: 0x00000000, Size: 0x00003c54, Max: 0x00020000, ABSOLUTE)

    Exec Addr    Load Addr    Size         Type   Attr      Idx    E Section Name        Object

    0x00000000   0x00000000   0x000000c0   Data   RO          657    RESET               startup_lks32mc07x.o
    0x000000c0   0x000000c0   0x00000008   Code   RO          834  * !!!main             c_p.l(__main.o)
    0x000000c8   0x000000c8   0x00000054   Code   RO         1177    !!!scatter          c_p.l(__scatter.o)
    0x0000011c   0x0000011c   0x0000001a   Code   RO         1181    !!handler_copy      c_p.l(__scatter_copy.o)
    0x00000136   0x00000136   0x00000002   PAD
    0x00000138   0x00000138   0x00000002   Code   RO         1178    !!handler_null      c_p.l(__scatter.o)
    0x0000013a   0x0000013a   0x00000002   PAD
    0x0000013c   0x0000013c   0x0000001c   Code   RO         1183    !!handler_zi        c_p.l(__scatter_zi.o)
    0x00000158   0x00000158   0x00000002   Code   RO         1033    .ARM.Collect$$libinit$$00000000  c_p.l(libinit.o)
    0x0000015a   0x0000015a   0x00000000   Code   RO         1050    .ARM.Collect$$libinit$$00000002  c_p.l(libinit2.o)
    0x0000015a   0x0000015a   0x00000000   Code   RO         1052    .ARM.Collect$$libinit$$00000004  c_p.l(libinit2.o)
    0x0000015a   0x0000015a   0x00000000   Code   RO         1054    .ARM.Collect$$libinit$$00000006  c_p.l(libinit2.o)
    0x0000015a   0x0000015a   0x00000000   Code   RO         1057    .ARM.Collect$$libinit$$0000000C  c_p.l(libinit2.o)
    0x0000015a   0x0000015a   0x00000000   Code   RO         1059    .ARM.Collect$$libinit$$0000000E  c_p.l(libinit2.o)
    0x0000015a   0x0000015a   0x00000000   Code   RO         1061    .ARM.Collect$$libinit$$00000010  c_p.l(libinit2.o)
    0x0000015a   0x0000015a   0x00000000   Code   RO         1064    .ARM.Collect$$libinit$$00000013  c_p.l(libinit2.o)
    0x0000015a   0x0000015a   0x00000000   Code   RO         1066    .ARM.Collect$$libinit$$00000015  c_p.l(libinit2.o)
    0x0000015a   0x0000015a   0x00000000   Code   RO         1068    .ARM.Collect$$libinit$$00000017  c_p.l(libinit2.o)
    0x0000015a   0x0000015a   0x00000000   Code   RO         1070    .ARM.Collect$$libinit$$00000019  c_p.l(libinit2.o)
    0x0000015a   0x0000015a   0x00000000   Code   RO         1072    .ARM.Collect$$libinit$$0000001B  c_p.l(libinit2.o)
    0x0000015a   0x0000015a   0x00000000   Code   RO         1074    .ARM.Collect$$libinit$$0000001D  c_p.l(libinit2.o)
    0x0000015a   0x0000015a   0x00000000   Code   RO         1076    .ARM.Collect$$libinit$$0000001F  c_p.l(libinit2.o)
    0x0000015a   0x0000015a   0x00000000   Code   RO         1078    .ARM.Collect$$libinit$$00000021  c_p.l(libinit2.o)
    0x0000015a   0x0000015a   0x00000000   Code   RO         1080    .ARM.Collect$$libinit$$00000023  c_p.l(libinit2.o)
    0x0000015a   0x0000015a   0x00000000   Code   RO         1082    .ARM.Collect$$libinit$$00000025  c_p.l(libinit2.o)
    0x0000015a   0x0000015a   0x00000000   Code   RO         1084    .ARM.Collect$$libinit$$00000027  c_p.l(libinit2.o)
    0x0000015a   0x0000015a   0x00000000   Code   RO         1088    .ARM.Collect$$libinit$$0000002E  c_p.l(libinit2.o)
    0x0000015a   0x0000015a   0x00000000   Code   RO         1090    .ARM.Collect$$libinit$$00000030  c_p.l(libinit2.o)
    0x0000015a   0x0000015a   0x00000000   Code   RO         1092    .ARM.Collect$$libinit$$00000032  c_p.l(libinit2.o)
    0x0000015a   0x0000015a   0x00000000   Code   RO         1094    .ARM.Collect$$libinit$$00000034  c_p.l(libinit2.o)
    0x0000015a   0x0000015a   0x00000002   Code   RO         1095    .ARM.Collect$$libinit$$00000035  c_p.l(libinit2.o)
    0x0000015c   0x0000015c   0x00000002   Code   RO         1132    .ARM.Collect$$libshutdown$$00000000  c_p.l(libshutdown.o)
    0x0000015e   0x0000015e   0x00000000   Code   RO         1160    .ARM.Collect$$libshutdown$$00000002  c_p.l(libshutdown2.o)
    0x0000015e   0x0000015e   0x00000000   Code   RO         1162    .ARM.Collect$$libshutdown$$00000004  c_p.l(libshutdown2.o)
    0x0000015e   0x0000015e   0x00000000   Code   RO         1165    .ARM.Collect$$libshutdown$$00000007  c_p.l(libshutdown2.o)
    0x0000015e   0x0000015e   0x00000000   Code   RO         1168    .ARM.Collect$$libshutdown$$0000000A  c_p.l(libshutdown2.o)
    0x0000015e   0x0000015e   0x00000000   Code   RO         1170    .ARM.Collect$$libshutdown$$0000000C  c_p.l(libshutdown2.o)
    0x0000015e   0x0000015e   0x00000000   Code   RO         1173    .ARM.Collect$$libshutdown$$0000000F  c_p.l(libshutdown2.o)
    0x0000015e   0x0000015e   0x00000002   Code   RO         1174    .ARM.Collect$$libshutdown$$00000010  c_p.l(libshutdown2.o)
    0x00000160   0x00000160   0x00000000   Code   RO          933    .ARM.Collect$$rtentry$$00000000  c_p.l(__rtentry.o)
    0x00000160   0x00000160   0x00000000   Code   RO          988    .ARM.Collect$$rtentry$$00000002  c_p.l(__rtentry2.o)
    0x00000160   0x00000160   0x00000006   Code   RO         1000    .ARM.Collect$$rtentry$$00000004  c_p.l(__rtentry4.o)
    0x00000166   0x00000166   0x00000000   Code   RO          990    .ARM.Collect$$rtentry$$00000009  c_p.l(__rtentry2.o)
    0x00000166   0x00000166   0x00000004   Code   RO          991    .ARM.Collect$$rtentry$$0000000A  c_p.l(__rtentry2.o)
    0x0000016a   0x0000016a   0x00000000   Code   RO          993    .ARM.Collect$$rtentry$$0000000C  c_p.l(__rtentry2.o)
    0x0000016a   0x0000016a   0x00000008   Code   RO          994    .ARM.Collect$$rtentry$$0000000D  c_p.l(__rtentry2.o)
    0x00000172   0x00000172   0x00000002   Code   RO         1041    .ARM.Collect$$rtexit$$00000000  c_p.l(rtexit.o)
    0x00000174   0x00000174   0x00000000   Code   RO         1103    .ARM.Collect$$rtexit$$00000002  c_p.l(rtexit2.o)
    0x00000174   0x00000174   0x00000004   Code   RO         1104    .ARM.Collect$$rtexit$$00000003  c_p.l(rtexit2.o)
    0x00000178   0x00000178   0x00000006   Code   RO         1105    .ARM.Collect$$rtexit$$00000004  c_p.l(rtexit2.o)
    0x0000017e   0x0000017e   0x00000002   PAD
    0x00000180   0x00000180   0x00000038   Code   RO          818    .emb_text           c_p.l(rt_memcpy.o)
    0x000001b8   0x000001b8   0x00000044   Code   RO          658    .text               startup_lks32mc07x.o
    0x000001fc   0x000001fc   0x00000040   Code   RO          822    .text               c_p.l(rt_memclr.o)
    0x0000023c   0x0000023c   0x00000006   Code   RO          832    .text               c_p.l(heapauxi.o)
    0x00000242   0x00000242   0x00000002   PAD
    0x00000244   0x00000244   0x00000358   Code   RO          838    .text               fz_ps.l(daddsub.o)
    0x0000059c   0x0000059c   0x0000006c   Code   RO          864    .text               fz_ps.l(dfixi.o)
    0x00000608   0x00000608   0x00000248   Code   RO          866    .text               fz_ps.l(dmul.o)
    0x00000850   0x00000850   0x00000160   Code   RO          898    .text               fz_ps.l(fdiv.o)
    0x000009b0   0x000009b0   0x0000004c   Code   RO          901    .text               fz_ps.l(ffixi.o)
    0x000009fc   0x000009fc   0x0000005e   Code   RO          903    .text               fz_ps.l(fflti.o)
    0x00000a5a   0x00000a5a   0x00000016   Code   RO          938    .text               c_p.l(_rserrno.o)
    0x00000a70   0x00000a70   0x00000060   Code   RO          948    .text               fz_ps.l(dscalbn.o)
    0x00000ad0   0x00000ad0   0x00000044   Code   RO          956    .text               fz_ps.l(fscalbn.o)
    0x00000b14   0x00000b14   0x00000008   Code   RO         1007    .text               c_p.l(rt_errno_addr_intlibspace.o)
    0x00000b1c   0x00000b1c   0x000000a0   Code   RO         1009    .text               fz_ps.l(dcmpin.o)
    0x00000bbc   0x00000bbc   0x00000064   Code   RO         1014    .text               fz_ps.l(fcmpin.o)
    0x00000c20   0x00000c20   0x00000008   Code   RO         1016    .text               c_p.l(libspace.o)
    0x00000c28   0x00000c28   0x0000003e   Code   RO         1019    .text               c_p.l(sys_stackheap_outer.o)
    0x00000c66   0x00000c66   0x00000010   Code   RO         1022    .text               c_p.l(exit.o)
    0x00000c76   0x00000c76   0x0000002e   Code   RO         1034    .text               fz_ps.l(cmpret.o)
    0x00000ca4   0x00000ca4   0x00000014   Code   RO         1036    .text               fz_ps.l(dnan2.o)
    0x00000cb8   0x00000cb8   0x00000010   Code   RO         1038    .text               fz_ps.l(fnan2.o)
    0x00000cc8   0x00000cc8   0x0000005e   Code   RO         1096    .text               fz_ps.l(retnan.o)
    0x00000d26   0x00000d26   0x00000002   PAD
    0x00000d28   0x00000d28   0x0000000c   Code   RO         1098    .text               c_p.l(sys_exit.o)
    0x00000d34   0x00000d34   0x00000002   Code   RO         1121    .text               c_p.l(use_no_semi.o)
    0x00000d36   0x00000d36   0x00000000   Code   RO         1123    .text               c_p.l(indicate_semi.o)
    0x00000d36   0x00000d36   0x00000002   PAD
    0x00000d38   0x00000d38   0x00000034   Code   RO           39    .text.ADC0_GPIOInit  hardware_init.o
    0x00000d6c   0x00000d6c   0x00000200   Code   RO           77    .text.ADC0_IRQHandler  interrupt.o
    0x00000f6c   0x00000f6c   0x00000044   Code   RO           53    .text.ADC0_ModuleInit  hardware_init.o
    0x00000fb0   0x00000fb0   0x00000002   Code   RO           41    .text.ADC1_GPIOInit  hardware_init.o
    0x00000fb2   0x00000fb2   0x00000002   PAD
    0x00000fb4   0x00000fb4   0x00000034   Code   RO           55    .text.ADC1_ModuleInit  hardware_init.o
    0x00000fe8   0x00000fe8   0x0000002c   Code   RO          219    .text.ADC_CHN_GAIN_CFG  lks32mc07x_adc.o
    0x00001014   0x00001014   0x00000006   Code   RO          215    .text.ADC_ClearIRQFlag  lks32mc07x_adc.o
    0x0000101a   0x0000101a   0x00000002   PAD
    0x0000101c   0x0000101c   0x00000062   Code   RO          221    .text.ADC_GetConversionValue  lks32mc07x_adc.o
    0x0000107e   0x0000107e   0x00000016   Code   RO          217    .text.ADC_GetIRQFlag  lks32mc07x_adc.o
    0x00001094   0x00001094   0x000000bc   Code   RO          211    .text.ADC_Init      lks32mc07x_adc.o
    0x00001150   0x00001150   0x00000018   Code   RO          213    .text.ADC_StructInit  lks32mc07x_adc.o
    0x00001168   0x00001168   0x00000002   Code   RO           97    .text.CMP_IRQHandler  interrupt.o
    0x0000116a   0x0000116a   0x0000002c   Code   RO           29    .text.Clock_Init    hardware_init.o
    0x00001196   0x00001196   0x00000002   PAD
    0x00001198   0x00001198   0x0000002c   Code   RO           31    .text.Common_GPIOInit  hardware_init.o
    0x000011c4   0x000011c4   0x00000080   Code   RO          300    .text.DMA_Init      lks32mc07x_dma.o
    0x00001244   0x00001244   0x00000010   Code   RO          298    .text.DMA_StructInit  lks32mc07x_dma.o
    0x00001254   0x00001254   0x000003a4   Code   RO          779    .text.FOC_PointModel_initialize  foc_pointmodel.o
    0x000015f8   0x000015f8   0x000007f8   Code   RO          777    .text.FOC_PointModel_step  foc_pointmodel.o
    0x00001df0   0x00001df0   0x00000002   Code   RO          105    .text.GPIO_IRQHandler  interrupt.o
    0x00001df2   0x00001df2   0x00000082   Code   RO          181    .text.GPIO_Init     lks32mc07x_gpio.o
    0x00001e74   0x00001e74   0x000000e8   Code   RO          201    .text.GPIO_PinAFConfig  lks32mc07x_gpio.o
    0x00001f5c   0x00001f5c   0x00000004   Code   RO          195    .text.GPIO_ResetBits  lks32mc07x_gpio.o
    0x00001f60   0x00001f60   0x00000004   Code   RO          193    .text.GPIO_SetBits  lks32mc07x_gpio.o
    0x00001f64   0x00001f64   0x0000000e   Code   RO          183    .text.GPIO_StructInit  lks32mc07x_gpio.o
    0x00001f72   0x00001f72   0x00000002   Code   RO          107    .text.I2C0_IRQHandler  interrupt.o
    0x00001f74   0x00001f74   0x00000010   Code   RO          166    .text.IWDG_DISABLE  lks32mc07x_sys.o
    0x00001f84   0x00001f84   0x0000006c   Code   RO           37    .text.MCPWM0_GPIOInit  hardware_init.o
    0x00001ff0   0x00001ff0   0x00000130   Code   RO           51    .text.MCPWM0_ModuleInit  hardware_init.o
    0x00002120   0x00002120   0x000004b8   Code   RO          417    .text.MCPWM_Init    lks32mc07x_mcpwm.o
    0x000025d8   0x000025d8   0x0000000a   Code   RO          415    .text.MCPWM_StructInit  lks32mc07x_mcpwm.o
    0x000025e2   0x000025e2   0x00000002   PAD
    0x000025e4   0x000025e4   0x00000058   Code   RO           43    .text.OPA0_GPIOInit  hardware_init.o
    0x0000263c   0x0000263c   0x0000003c   Code   RO           57    .text.OPA0_ModuleInit  hardware_init.o
    0x00002678   0x00002678   0x00000044   Code   RO           45    .text.OPA2_GPIOInit  hardware_init.o
    0x000026bc   0x000026bc   0x0000002e   Code   RO           59    .text.OPA2_ModuleInit  hardware_init.o
    0x000026ea   0x000026ea   0x00000002   PAD
    0x000026ec   0x000026ec   0x000000cc   Code   RO          450    .text.OPA_Init      lks32mc07x_opa.o
    0x000027b8   0x000027b8   0x00000024   Code   RO          454    .text.OPA_OUT       lks32mc07x_opa.o
    0x000027dc   0x000027dc   0x0000000c   Code   RO          452    .text.OPA_StructInit  lks32mc07x_opa.o
    0x000027e8   0x000027e8   0x00000034   Code   RO          419    .text.PWMOutputs    lks32mc07x_mcpwm.o
    0x0000281c   0x0000281c   0x0000003c   Code   RO          805    .text.Read_Trim     lks32mc07x_nvr.lib(lks32mc08x_nvr.o)
    0x00002858   0x00002858   0x00000002   Code   RO          109    .text.SPI0_IRQHandler  interrupt.o
    0x0000285a   0x0000285a   0x00000002   PAD
    0x0000285c   0x0000285c   0x0000001c   Code   RO          146    .text.SYS_AnalogModuleClockCmd  lks32mc07x_sys.o
    0x00002878   0x00002878   0x00000058   Code   RO          138    .text.SYS_Init      lks32mc07x_sys.o
    0x000028d0   0x000028d0   0x00000024   Code   RO          144    .text.SYS_ModuleClockCmd  lks32mc07x_sys.o
    0x000028f4   0x000028f4   0x0000000c   Code   RO          154    .text.SYS_ReadMcuClk  lks32mc07x_sys.o
    0x00002900   0x00002900   0x00000016   Code   RO          140    .text.SYS_StructInit  lks32mc07x_sys.o
    0x00002916   0x00002916   0x00000002   Code   RO          101    .text.SysTick_Handler  interrupt.o
    0x00002918   0x00002918   0x0000002c   Code   RO           61    .text.SystemInit    hardware_init.o
    0x00002944   0x00002944   0x000000fc   Code   RO          511    .text.TIM_TimerInit  lks32mc07x_tim.o
    0x00002a40   0x00002a40   0x0000000c   Code   RO          515    .text.TIM_TimerStrutInit  lks32mc07x_tim.o
    0x00002a4c   0x00002a4c   0x0000005c   Code   RO           33    .text.UART0_GPIOInit  hardware_init.o
    0x00002aa8   0x00002aa8   0x0000001c   Code   RO           79    .text.UART0_IRQHandler  interrupt.o
    0x00002ac4   0x00002ac4   0x0000006c   Code   RO           47    .text.UART0_ModuleInit  hardware_init.o
    0x00002b30   0x00002b30   0x00000002   Code   RO           99    .text.UART1_IRQHandler  interrupt.o
    0x00002b32   0x00002b32   0x00000004   Code   RO          590    .text.UART_ClearIRQFlag  lks32mc07x_uart.o
    0x00002b36   0x00002b36   0x0000000e   Code   RO          588    .text.UART_GetIRQFlag  lks32mc07x_uart.o
    0x00002b44   0x00002b44   0x00000140   Code   RO          580    .text.UART_Init     lks32mc07x_uart.o
    0x00002c84   0x00002c84   0x00000016   Code   RO          582    .text.UART_StructInit  lks32mc07x_uart.o
    0x00002c9a   0x00002c9a   0x00000002   Code   RO           35    .text.UTIMER3_GPIOInit  hardware_init.o
    0x00002c9c   0x00002c9c   0x00000050   Code   RO           49    .text.UTIMER3_ModuleInit  hardware_init.o
    0x00002cec   0x00002cec   0x0000001c   Code   RO           11    .text.delay_init    delay.o
    0x00002d08   0x00002d08   0x00000048   Code   RO           17    .text.delay_ms      delay.o
    0x00002d50   0x00002d50   0x00000088   Code   RO            2    .text.main          main.o
    0x00002dd8   0x00002dd8   0x000001f6   Code   RO          825    .text_divfast       c_p.l(aeabi_sdivfast.o)
    0x00002fce   0x00002fce   0x00000002   PAD
    0x00002fd0   0x00002fd0   0x00000014   Code   RO          963    i.__mathlib_dbl_overflow  m_ps.l(dunder.o)
    0x00002fe4   0x00002fe4   0x00000014   Code   RO          965    i.__mathlib_dbl_underflow  m_ps.l(dunder.o)
    0x00002ff8   0x00002ff8   0x0000000e   Code   RO          977    i.__mathlib_flt_overflow  m_ps.l(funder.o)
    0x00003006   0x00003006   0x0000000e   Code   RO          979    i.__mathlib_flt_underflow  m_ps.l(funder.o)
    0x00003014   0x00003014   0x00000016   Code   RO          847    i._dgeq             fz_ps.l(dcmp.o)
    0x0000302a   0x0000302a   0x00000016   Code   RO          850    i._dls              fz_ps.l(dcmp.o)
    0x00003040   0x00003040   0x00000016   Code   RO          881    i._fgeq             fz_ps.l(fcmp.o)
    0x00003056   0x00003056   0x00000016   Code   RO          884    i._fls              fz_ps.l(fcmp.o)
    0x0000306c   0x0000306c   0x000000c8   Code   RO          908    i.ceil              m_ps.l(ceil.o)
    0x00003134   0x00003134   0x00000068   Code   RO          912    i.ceilf             m_ps.l(ceilf.o)
    0x0000319c   0x0000319c   0x000000c8   Code   RO          916    i.floor             m_ps.l(floor.o)
    0x00003264   0x00003264   0x00000070   Code   RO          920    i.floorf            m_ps.l(floorf.o)
    0x000032d4   0x000032d4   0x00000070   Code   RO          925    i.ldexp             m_ps.l(ldexp.o)
    0x00003344   0x00003344   0x00000056   Code   RO          930    i.ldexpf            m_ps.l(ldexpf.o)
    0x0000339a   0x0000339a   0x00000002   PAD
    0x0000339c   0x0000339c   0x00000064   Code   RO          940    x$fpl$deqf          fz_ps.l(deqf.o)
    0x00003400   0x00003400   0x00000064   Code   RO          942    x$fpl$dgeqf         fz_ps.l(dgef.o)
    0x00003464   0x00003464   0x00000064   Code   RO          944    x$fpl$dleqf         fz_ps.l(dlef.o)
    0x000034c8   0x000034c8   0x00000068   Code   RO          946    x$fpl$drleqf        fz_ps.l(drlef.o)
    0x00003530   0x00003530   0x0000008c   Code   RO          868    x$fpl$fadd          fz_ps.l(faddsub.o)
    0x000035bc   0x000035bc   0x00000054   Code   RO          952    x$fpl$fgeqf         fz_ps.l(fgef.o)
    0x00003610   0x00003610   0x00000054   Code   RO          954    x$fpl$fleqf         fz_ps.l(flef.o)
    0x00003664   0x00003664   0x000000b0   Code   RO          905    x$fpl$fmul          fz_ps.l(fmul.o)
    0x00003714   0x00003714   0x000000d0   Code   RO          870    x$fpl$fsub          fz_ps.l(faddsub.o)
    0x000037e4   0x000037e4   0x00000000   Code   RO          958    x$fpl$usenofp       fz_ps.l(usenofp.o)
    0x000037e4   0x000037e4   0x00000040   Data   RO          899    .constdata          fz_ps.l(fdiv.o)
    0x00003824   0x00003824   0x00000400   Data   RO          788    .rodata.FOC_PointModel_initialize.tmp  foc_pointmodel.o
    0x00003c24   0x00003c24   0x00000010   Data   RO          537    .rodata.cst16       lks32mc07x_tim.o
    0x00003c34   0x00003c34   0x00000020   Data   RO         1176    Region$$Table       anon$$obj.o


    Execution Region RW_IRAM1 (Exec base: 0x20000000, Load base: 0x00003c58, Size: 0x00001190, Max: 0x00003000, ABSOLUTE)

    Exec Addr    Load Addr    Size         Type   Attr      Idx    E Section Name        Object

    0x20000000   0x00003c58   0x00000002   Data   RW          781    .data.Udc           foc_pointmodel.o
    0x20000002   0x00003c5a   0x00000002   PAD
    0x20000004   0x00003c5c   0x00000004   Data   RW          172    .data.sys_clk       lks32mc07x_sys.o
    0x20000008        -       0x00000060   Zero   RW         1017    .bss                c_p.l(libspace.o)
    0x20000068        -       0x00000004   Zero   RW          111    .bss.cnt            interrupt.o
    0x2000006c        -       0x00000004   Zero   RW          112    .bss.cntpwm         interrupt.o
    0x20000070        -       0x00000004   Zero   RW           20    .bss.fac_ms         delay.o
    0x20000074        -       0x00000004   Zero   RW           19    .bss.fac_us         delay.o
    0x20000078        -       0x00000004   Zero   RW          118    .bss.iu             interrupt.o
    0x2000007c        -       0x00000004   Zero   RW          115    .bss.iuzero         interrupt.o
    0x20000080        -       0x00000004   Zero   RW          117    .bss.iw             interrupt.o
    0x20000084        -       0x00000004   Zero   RW          114    .bss.iwzero         interrupt.o
    0x20000088        -       0x00000001   Zero   RW          456    .bss.maxmagflg      lks32mc07x_opa.o
    0x20000089   0x00003c60   0x00000003   PAD
    0x2000008c        -       0x00000004   Zero   RW          123    .bss.obsSPD         interrupt.o
    0x20000090        -       0x00000004   Zero   RW          122    .bss.obsTheta       interrupt.o
    0x20000094        -       0x00000aa4   Zero   RW          784    .bss.rtDW           foc_pointmodel.o
    0x20000b38        -       0x00000007   Zero   RW          786    .bss.rtPrevZCX      foc_pointmodel.o
    0x20000b3f   0x00003c60   0x00000001   PAD
    0x20000b40        -       0x00000018   Zero   RW          785    .bss.rtU            foc_pointmodel.o
    0x20000b58        -       0x0000000a   Zero   RW          787    .bss.rtY            foc_pointmodel.o
    0x20000b62        -       0x0000001a   Zero   RW           66    .bss.send_buff      hardware_init.o
    0x20000b7c        -       0x00000002   Zero   RW          119    .bss.tcmp1W         interrupt.o
    0x20000b7e        -       0x00000002   Zero   RW          120    .bss.tcmp2V         interrupt.o
    0x20000b80        -       0x00000002   Zero   RW          121    .bss.tcmp3U         interrupt.o
    0x20000b82   0x00003c60   0x00000002   PAD
    0x20000b84        -       0x00000004   Zero   RW          116    .bss.vdc            interrupt.o
    0x20000b88        -       0x00000004   Zero   RW          113    .bss.vdczero        interrupt.o
    0x20000b8c   0x00003c60   0x00000004   PAD
    0x20000b90        -       0x00000200   Zero   RW          656    HEAP                startup_lks32mc07x.o
    0x20000d90        -       0x00000400   Zero   RW          655    STACK               startup_lks32mc07x.o


==============================================================================

Image component sizes


      Code (inc. data)   RO Data    RW Data    ZI Data      Debug   Object Name

       100         16          0          0          8       1817   delay.o
      2972        388       1024          2       2765      14293   foc_pointmodel.o
      1262         72          0          0         26      20658   hardware_init.o
       552        100          0          0         46       4822   interrupt.o
       382         24          0          0          0       5048   lks32mc07x_adc.o
       144         24          0          0          0       3712   lks32mc07x_dma.o
       384         28          0          0          0       4271   lks32mc07x_gpio.o
      1270         36          0          0          0      13704   lks32mc07x_mcpwm.o
       252         16          0          0          1       2168   lks32mc07x_opa.o
       202         32          0          4          0       5875   lks32mc07x_sys.o
       264         12         16          0          0       4757   lks32mc07x_tim.o
       360         24          0          0          0       4592   lks32mc07x_uart.o
       136          8          0          0          0       2442   main.o
        68         32        192          0       1536        692   startup_lks32mc07x.o

    ----------------------------------------------------------------------
      8360        812       1264          8       4392      88851   Object Totals
         0          0         32          0          0          0   (incl. Generated)
        12          0          0          2         10          0   (incl. Padding)

    ----------------------------------------------------------------------

      Code (inc. data)   RO Data    RW Data    ZI Data      Debug   Library Member Name

         8          0          0          0          0         68   __main.o
         0          0          0          0          0          0   __rtentry.o
        12          0          0          0          0          0   __rtentry2.o
         6          0          0          0          0          0   __rtentry4.o
        86         10          0          0          0          0   __scatter.o
        26          0          0          0          0          0   __scatter_copy.o
        28          0          0          0          0          0   __scatter_zi.o
        22          0          0          0          0         92   _rserrno.o
       502          0          0          0          0         92   aeabi_sdivfast.o
        16          0          0          0          0         68   exit.o
         6          0          0          0          0        136   heapauxi.o
         0          0          0          0          0          0   indicate_semi.o
         2          0          0          0          0          0   libinit.o
         2          0          0          0          0          0   libinit2.o
         2          0          0          0          0          0   libshutdown.o
         2          0          0          0          0          0   libshutdown2.o
         8          4          0          0         96         68   libspace.o
         8          4          0          0          0         68   rt_errno_addr_intlibspace.o
        64          0          0          0          0        108   rt_memclr.o
        56          0          0          0          0         68   rt_memcpy.o
         2          0          0          0          0          0   rtexit.o
        10          0          0          0          0          0   rtexit2.o
        12          4          0          0          0         60   sys_exit.o
        62          0          0          0          0         80   sys_stackheap_outer.o
         2          0          0          0          0         68   use_no_semi.o
        46          0          0          0          0         60   cmpret.o
       856         20          0          0          0        208   daddsub.o
        44          0          0          0          0        136   dcmp.o
       160          6          0          0          0         76   dcmpin.o
       100          4          0          0          0         92   deqf.o
       108         10          0          0          0         72   dfixi.o
       100          4          0          0          0         92   dgef.o
       100          4          0          0          0         92   dlef.o
       584         26          0          0          0         84   dmul.o
        20          6          0          0          0         68   dnan2.o
       104          4          0          0          0        104   drlef.o
        96         12          0          0          0         72   dscalbn.o
       348          8          0          0          0        160   faddsub.o
        44          0          0          0          0        136   fcmp.o
       100          4          0          0          0         68   fcmpin.o
       352         10         64          0          0         92   fdiv.o
        76          0          0          0          0         68   ffixi.o
        94          0          0          0          0         92   fflti.o
        84          4          0          0          0         76   fgef.o
        84          4          0          0          0         76   flef.o
       176          4          0          0          0         80   fmul.o
        16          6          0          0          0         68   fnan2.o
        68          4          0          0          0         68   fscalbn.o
        94          0          0          0          0         68   retnan.o
         0          0          0          0          0          0   usenofp.o
        60          8          0          0          0        992   lks32mc08x_nvr.o
       200         20          0          0          0         76   ceil.o
       104          8          0          0          0         76   ceilf.o
        40         10          0          0          0        136   dunder.o
       200         20          0          0          0         76   floor.o
       112         14          0          0          0         76   floorf.o
        28          0          0          0          0        136   funder.o
       112          0          0          0          0         72   ldexp.o
        86          0          0          0          0         68   ldexpf.o

    ----------------------------------------------------------------------
      5756        242         64          0         96       4892   Library Totals
        16          0          0          0          0          0   (incl. Padding)

    ----------------------------------------------------------------------

      Code (inc. data)   RO Data    RW Data    ZI Data      Debug   Library Name

       944         22          0          0         96        976   c_p.l
      3854        140         64          0          0       2208   fz_ps.l
        60          8          0          0          0        992   lks32mc07x_nvr.lib
       882         72          0          0          0        716   m_ps.l

    ----------------------------------------------------------------------
      5756        242         64          0         96       4892   Library Totals

    ----------------------------------------------------------------------

==============================================================================


      Code (inc. data)   RO Data    RW Data    ZI Data      Debug   

     14116       1054       1328          8       4488      91515   Grand Totals
     14116       1054       1328          8       4488      91515   ELF Image Totals
     14116       1054       1328          8          0          0   ROM Totals

==============================================================================

    Total RO  Size (Code + RO Data)                15444 (  15.08kB)
    Total RW  Size (RW Data + ZI Data)              4496 (   4.39kB)
    Total ROM Size (Code + RO Data + RW Data)      15452 (  15.09kB)

==============================================================================

